34.182.67.176 - - [14/Jun/2014:10:39:34 -0400] "GET /department/fitness/category/lacrosse/product/Under%20Armour%20Men's%20Tech%20II%20T-Shirt/add_to_cart HTTP/1.1" 200 1147 "-" "Mozilla/5.0 (Windows NT 6.1; WOW64; Trident/7.0; rv:11.0) like Gecko"
156.38.180.222 - - [14/Jun/2014:10:39:34 -0400] "GET /support HTTP/1.1" 200 1862 "-" "Mozilla/5.0 (Windows NT 6.1; WOW64; rv:30.0) Gecko/20100101 Firefox/30.0"
154.197.121.167 - - [14/Jun/2014:10:39:35 -0400] "GET /checkout HTTP/1.1" 200 1108 "-" "Mozilla/5.0 (X11; Ubuntu; Linux x86_64; rv:30.0) Gecko/20100101 Firefox/30.0"
188.252.239.39 - - [14/Jun/2014:10:39:35 -0400] "GET /home HTTP/1.1" 200 1210 "-" "Mozilla/5.0 (Windows NT 6.1; WOW64; rv:30.0) Gecko/20100101 Firefox/30.0"
28.2.61.74 - - [14/Jun/2014:10:39:36 -0400] "GET /department/fitness/category/baseball%20&%20softball/product/adidas%20Brazuca%202014%20Official%20Match%20Ball HTTP/1.1" 200 2002 "-" "Mozilla/5.0 (Windows NT 6.1) AppleWebKit/537.36 (KHTML, like Gecko) Chrome/35.0.1916.153 Safari/537.36"
209.28.190.133 - - [14/Jun/2014:10:39:36 -0400] "GET /view_cart HTTP/1.1" 200 877 "-" "Mozilla/5.0 (Macintosh; Intel Mac OS X 10.9; rv:30.0) Gecko/20100101 Firefox/30.0"
195.182.254.56 - - [14/Jun/2014:10:39:36 -0400] "GET /department/footwear HTTP/1.1" 200 1894 "-" "Mozilla/5.0 (Windows NT 6.1; WOW64) AppleWebKit/537.36 (KHTML, like Gecko) Chrome/35.0.1916.153 Safari/537.36"
189.205.165.122 - - [14/Jun/2014:10:39:37 -0400] "GET /home HTTP/1.1" 200 449 "-" "Mozilla/5.0 (Macintosh; Intel Mac OS X 10_9_3) AppleWebKit/537.76.4 (KHTML, like Gecko) Version/7.0.4 Safari/537.76.4"
36.44.59.115 - - [14/Jun/2014:10:39:37 -0400] "GET /department/golf/category/women's%20apparel/product/Nike%20Men's%20Dri-FIT%20Victory%20Golf%20Polo/add_to_cart HTTP/1.1" 200 898 "-" "Mozilla/5.0 (Macintosh; Intel Mac OS X 10_9_3) AppleWebKit/537.36 (KHTML, like Gecko) Chrome/35.0.1916.153 Safari/537.36"
3.222.94.3 - - [14/Jun/2014:10:39:37 -0400] "GET /department/fitness/category/lacrosse HTTP/1.1" 200 1345 "-" "Mozilla/5.0 (Macintosh; Intel Mac OS X 10_9_4) AppleWebKit/537.77.4 (KHTML, like Gecko) Version/7.0.5 Safari/537.77.4"
34.182.67.176 - - [14/Jun/2014:10:39:38 -0400] "GET /department/apparel HTTP/1.1" 200 2045 "-" "Mozilla/5.0 (Windows NT 6.1; WOW64) AppleWebKit/537.36 (KHTML, like Gecko) Chrome/35.0.1916.153 Safari/537.36"
162.235.161.200 - - [14/Jun/2014:10:39:38 -0400] "GET /department/apparel HTTP/1.1" 200 1817 "-" "Mozilla/5.0 (X11; Ubuntu; Linux x86_64; rv:30.0) Gecko/20100101 Firefox/30.0"
10.151.89.211 - - [14/Jun/2014:10:39:38 -0400] "GET /home HTTP/1.1" 200 1660 "-" "Mozilla/5.0 (Windows NT 6.1; WOW64; rv:30.0) Gecko/20100101 Firefox/30.0"
160.135.141.240 - - [14/Jun/2014:10:39:39 -0400] "GET /department/fitness HTTP/1.1" 200 768 "-" "Mozilla/5.0 (Windows NT 6.1; WOW64; Trident/7.0; rv:11.0) like Gecko"
174.208.224.242 - - [14/Jun/2014:10:39:39 -0400] "GET /home HTTP/1.1" 200 1390 "-" "Mozilla/5.0 (Windows NT 6.1; WOW64) AppleWebKit/537.36 (KHTML, like Gecko) Chrome/35.0.1916.153 Safari/537.36"
35.115.21.150 - - [14/Jun/2014:10:39:39 -0400] "GET /home HTTP/1.1" 200 1642 "-" "Mozilla/5.0 (Windows NT 6.1; WOW64) AppleWebKit/537.36 (KHTML, like Gecko) Chrome/36.0.1985.125 Safari/537.36"
203.236.44.20 - - [14/Jun/2014:10:39:40 -0400] "GET /home HTTP/1.1" 200 570 "-" "Mozilla/5.0 (Windows NT 6.1; WOW64) AppleWebKit/537.36 (KHTML, like Gecko) Chrome/35.0.1916.153 Safari/537.36"
160.135.141.240 - - [14/Jun/2014:10:39:40 -0400] "GET /department/fitness/category/basketball/product/Diamondback%20Boys'%20Insight%2024%20Performance%20Hybr HTTP/1.1" 200 774 "-" "Mozilla/5.0 (Windows NT 6.1; WOW64; Trident/7.0; rv:11.0) like Gecko"
78.148.1.150 - - [14/Jun/2014:10:39:41 -0400] "GET /home HTTP/1.1" 200 477 "-" "Mozilla/5.0 (Macintosh; Intel Mac OS X 10_9_3) AppleWebKit/537.36 (KHTML, like Gecko) Chrome/35.0.1916.153 Safari/537.36"
79.133.215.123 - - [14/Jun/2014:10:39:41 -0400] "GET /home HTTP/1.1" 200 1840 "-" "Mozilla/5.0 (Windows NT 6.1; WOW64) AppleWebKit/537.36 (KHTML, like Gecko) Chrome/35.0.1916.153 Safari/537.36"
36.93.192.142 - - [14/Jun/2014:10:39:41 -0400] "GET /department/apparel HTTP/1.1" 200 2047 "-" "Mozilla/5.0 (Windows NT 6.1; WOW64) AppleWebKit/537.36 (KHTML, like Gecko) Chrome/35.0.1916.153 Safari/537.36"
8.71.120.94 - - [14/Jun/2014:10:39:42 -0400] "GET /department/golf/category/shop%20by%20sport HTTP/1.1" 404 1546 "-" "Mozilla/5.0 (Windows NT 6.3; WOW64; rv:30.0) Gecko/20100101 Firefox/30.0"
36.93.192.142 - - [14/Jun/2014:10:39:42 -0400] "GET /department/footwear HTTP/1.1" 200 1650 "-" "Mozilla/5.0 (Macintosh; Intel Mac OS X 10_9_3) AppleWebKit/537.36 (KHTML, like Gecko) Chrome/35.0.1916.153 Safari/537.36"
85.55.142.159 - - [14/Jun/2014:10:39:42 -0400] "GET /department/fitness/category/lacrosse/product/Under%20Armour%20Men's%20Tech%20II%20T-Shirt HTTP/1.1" 200 809 "-" "Mozilla/5.0 (Macintosh; Intel Mac OS X 10_9_3) AppleWebKit/537.36 (KHTML, like Gecko) Chrome/35.0.1916.153 Safari/537.36"
85.55.142.159 - - [14/Jun/2014:10:39:43 -0400] "GET /department/apparel/category/cleats HTTP/1.1" 200 975 "-" "Mozilla/5.0 (Windows NT 6.1; WOW64) AppleWebKit/537.36 (KHTML, like Gecko) Chrome/35.0.1916.153 Safari/537.36"
189.205.165.122 - - [14/Jun/2014:10:39:43 -0400] "GET /contact_us HTTP/1.1" 200 762 "-" "Mozilla/5.0 (Windows NT 6.1; WOW64; rv:30.0) Gecko/20100101 Firefox/30.0"
113.143.229.102 - - [14/Jun/2014:10:39:43 -0400] "GET /department/footwear HTTP/1.1" 200 1724 "-" "Mozilla/5.0 (Windows NT 6.1; WOW64) AppleWebKit/537.36 (KHTML, like Gecko) Chrome/35.0.1916.153 Safari/537.36"
146.169.29.173 - - [14/Jun/2014:10:39:44 -0400] "GET /department/fan%20shop/category/indoor/outdoor%20games/product/O'Brien%20Men's%20Neoprene%20Life%20Vest HTTP/1.1" 200 1269 "-" "Mozilla/5.0 (Windows NT 6.1; WOW64) AppleWebKit/537.36 (KHTML, like Gecko) Chrome/35.0.1916.153 Safari/537.36"
223.162.65.131 - - [14/Jun/2014:10:39:44 -0400] "GET /department/outdoors/category/men's%20golf%20clubs HTTP/1.1" 200 310 "-" "Mozilla/5.0 (Windows NT 6.3; WOW64) AppleWebKit/537.36 (KHTML, like Gecko) Chrome/35.0.1916.153 Safari/537.36"
143.94.240.149 - - [14/Jun/2014:10:39:44 -0400] "GET /home HTTP/1.1" 200 865 "-" "Mozilla/5.0 (Windows NT 6.1; WOW64) AppleWebKit/537.36 (KHTML, like Gecko) Chrome/35.0.1916.153 Safari/537.36"
24.90.70.130 - - [14/Jun/2014:10:39:45 -0400] "GET /department/outdoors/category/accessories/product/Team%20Golf%20Texas%20Longhorns%20Putter%20Grip HTTP/1.1" 200 2151 "-" "Mozilla/5.0 (X11; Linux x86_64) AppleWebKit/537.36 (KHTML, like Gecko) Chrome/35.0.1916.153 Safari/537.36"
18.168.113.227 - - [14/Jun/2014:10:39:45 -0400] "GET /department/footwear HTTP/1.1" 200 1093 "-" "Mozilla/5.0 (Windows NT 6.1; WOW64; rv:30.0) Gecko/20100101 Firefox/30.0"
21.22.210.76 - - [14/Jun/2014:10:39:46 -0400] "GET /home HTTP/1.1" 200 242 "-" "Mozilla/5.0 (Windows NT 6.1; WOW64) AppleWebKit/537.36 (KHTML, like Gecko) Chrome/35.0.1916.153 Safari/537.36"
158.201.225.172 - - [14/Jun/2014:10:39:46 -0400] "GET /department/outdoors/category/golf%20bags%20&%20carts/product/Ogio%20Race%20Golf%20Shoes HTTP/1.1" 200 344 "-" "Mozilla/5.0 (Windows NT 6.1; WOW64; rv:30.0) Gecko/20100101 Firefox/30.0"
189.205.165.122 - - [14/Jun/2014:10:39:46 -0400] "GET /department/footwear HTTP/1.1" 200 1169 "-" "Mozilla/5.0 (Macintosh; Intel Mac OS X 10_9_3) AppleWebKit/537.76.4 (KHTML, like Gecko) Version/7.0.4 Safari/537.76.4"
41.250.86.29 - - [14/Jun/2014:10:39:47 -0400] "GET /department/fitness/category/lacrosse HTTP/1.1" 200 1016 "-" "Mozilla/5.0 (Macintosh; Intel Mac OS X 10_9_4) AppleWebKit/537.36 (KHTML, like Gecko) Chrome/35.0.1916.153 Safari/537.36"
214.18.166.163 - - [14/Jun/2014:10:39:47 -0400] "GET /department/footwear/category/cardio%20equipment/product/Nike%20Men's%20Free%205.0+%20Running%20Shoe HTTP/1.1" 200 1149 "-" "Mozilla/5.0 (Macintosh; Intel Mac OS X 10_9_4) AppleWebKit/537.36 (KHTML, like Gecko) Chrome/35.0.1916.153 Safari/537.36"
23.84.70.66 - - [14/Jun/2014:10:39:47 -0400] "GET /department/apparel HTTP/1.1" 404 1446 "-" "Mozilla/5.0 (Windows NT 6.1; WOW64; Trident/7.0; rv:11.0) like Gecko"
63.96.175.115 - - [14/Jun/2014:10:39:48 -0400] "GET /home HTTP/1.1" 200 542 "-" "Mozilla/5.0 (Windows NT 6.1; WOW64; rv:30.0) Gecko/20100101 Firefox/30.0"
138.168.77.138 - - [14/Jun/2014:10:39:48 -0400] "GET /department/fan%20shop/category/camping%20&%20hiking/product/Diamondback%20Women's%20Serene%20Classic%20Comfort%20Bi HTTP/1.1" 200 897 "-" "Mozilla/5.0 (Windows NT 6.1; WOW64) AppleWebKit/537.36 (KHTML, like Gecko) Chrome/35.0.1916.153 Safari/537.36"
215.181.33.160 - - [14/Jun/2014:10:39:48 -0400] "GET /home HTTP/1.1" 200 950 "-" "Mozilla/5.0 (Windows NT 6.1; WOW64; rv:30.0) Gecko/20100101 Firefox/30.0"
138.250.94.254 - - [14/Jun/2014:10:39:49 -0400] "GET /department/golf HTTP/1.1" 200 668 "-" "Mozilla/5.0 (Windows NT 6.1; WOW64; rv:30.0) Gecko/20100101 Firefox/30.0"
156.38.180.222 - - [14/Jun/2014:10:39:49 -0400] "GET /home HTTP/1.1" 200 905 "-" "Mozilla/5.0 (Windows NT 6.1; WOW64; rv:30.0) Gecko/20100101 Firefox/30.0"
35.115.21.150 - - [14/Jun/2014:10:39:49 -0400] "GET /department/fan%20shop HTTP/1.1" 200 469 "-" "Mozilla/5.0 (Windows NT 6.1; WOW64) AppleWebKit/537.36 (KHTML, like Gecko) Chrome/36.0.1985.125 Safari/537.36"
189.205.165.122 - - [14/Jun/2014:10:39:50 -0400] "GET /department/apparel/category/featured%20shops HTTP/1.1" 200 1502 "-" "Mozilla/5.0 (Windows NT 6.1; WOW64; rv:30.0) Gecko/20100101 Firefox/30.0"
23.84.70.66 - - [14/Jun/2014:10:39:50 -0400] "GET /support HTTP/1.1" 200 1723 "-" "Mozilla/5.0 (Windows NT 6.1; WOW64; Trident/7.0; rv:11.0) like Gecko"
34.182.67.176 - - [14/Jun/2014:10:39:51 -0400] "GET /home HTTP/1.1" 200 359 "-" "Mozilla/5.0 (Macintosh; Intel Mac OS X 10_9_3) AppleWebKit/537.36 (KHTML, like Gecko) Chrome/35.0.1916.153 Safari/537.36"
118.155.115.238 - - [14/Jun/2014:10:39:51 -0400] "GET /view_cart HTTP/1.1" 200 2218 "-" "Mozilla/5.0 (Macintosh; Intel Mac OS X 10_9_3) AppleWebKit/537.36 (KHTML, like Gecko) Chrome/35.0.1916.153 Safari/537.36"
196.92.166.82 - - [14/Jun/2014:10:39:51 -0400] "GET /home HTTP/1.1" 200 1721 "-" "Mozilla/5.0 (Windows NT 6.1; WOW64) AppleWebKit/537.36 (KHTML, like Gecko) Chrome/35.0.1916.153 Safari/537.36"
150.47.54.136 - - [14/Jun/2014:10:39:52 -0400] "GET /home HTTP/1.1" 200 634 "-" "Mozilla/5.0 (Macintosh; Intel Mac OS X 10_9_3) AppleWebKit/537.36 (KHTML, like Gecko) Chrome/35.0.1916.153 Safari/537.36"
8.71.120.94 - - [14/Jun/2014:10:39:52 -0400] "GET /home HTTP/1.1" 200 388 "-" "Mozilla/5.0 (Windows NT 6.1; WOW64) AppleWebKit/537.36 (KHTML, like Gecko) Chrome/35.0.1916.153 Safari/537.36"
111.203.179.87 - - [14/Jun/2014:10:39:52 -0400] "GET /department/fitness/category/tennis%20&%20racquet HTTP/1.1" 200 1746 "-" "Mozilla/5.0 (Windows NT 6.3; WOW64) AppleWebKit/537.36 (KHTML, like Gecko) Chrome/35.0.1916.153 Safari/537.36"
28.220.241.37 - - [14/Jun/2014:10:39:53 -0400] "GET /home HTTP/1.1" 200 780 "-" "Mozilla/5.0 (Macintosh; Intel Mac OS X 10.9; rv:30.0) Gecko/20100101 Firefox/30.0"
150.47.54.136 - - [14/Jun/2014:10:39:53 -0400] "GET /department/fitness/category/hockey/product/Nike%20Dri-FIT%20Crew%20Sock%206%20Pack/add_to_cart HTTP/1.1" 200 2155 "-" "Mozilla/5.0 (Macintosh; Intel Mac OS X 10_9_3) AppleWebKit/537.36 (KHTML, like Gecko) Chrome/35.0.1916.153 Safari/537.36"
176.100.98.19 - - [14/Jun/2014:10:39:53 -0400] "GET /department/golf HTTP/1.1" 200 1713 "-" "Mozilla/5.0 (Macintosh; Intel Mac OS X 10.9; rv:30.0) Gecko/20100101 Firefox/30.0"
188.252.239.39 - - [14/Jun/2014:10:39:54 -0400] "GET /department/fan%20shop/category/water%20sports/product/Pelican%20Sunstream%20100%20Kayak/add_to_cart HTTP/1.1" 200 941 "-" "Mozilla/5.0 (Windows NT 6.1; WOW64; rv:30.0) Gecko/20100101 Firefox/30.0"
27.160.201.42 - - [14/Jun/2014:10:39:54 -0400] "GET /department/outdoors/category/electronics/product/Titleist%20Pro%20V1x%20Golf%20Balls/add_to_cart HTTP/1.1" 200 1030 "-" "Mozilla/5.0 (Macintosh; Intel Mac OS X 10_9_4) AppleWebKit/537.36 (KHTML, like Gecko) Chrome/35.0.1916.153 Safari/537.36"
3.222.94.3 - - [14/Jun/2014:10:39:54 -0400] "GET /department/golf/category/shop%20by%20sport/product/Under%20Armour%20Girls'%20Toddler%20Spine%20Surge%20Runni HTTP/1.1" 200 1590 "-" "Mozilla/5.0 (Macintosh; Intel Mac OS X 10_9_3) AppleWebKit/537.36 (KHTML, like Gecko) Chrome/35.0.1916.153 Safari/537.36"
14.220.19.89 - - [14/Jun/2014:10:39:55 -0400] "GET /department/fan%20shop HTTP/1.1" 200 1124 "-" "Mozilla/5.0 (Windows NT 6.3; WOW64) AppleWebKit/537.36 (KHTML, like Gecko) Chrome/35.0.1916.153 Safari/537.36"
85.55.142.159 - - [14/Jun/2014:10:39:55 -0400] "GET /home HTTP/1.1" 200 1402 "-" "Mozilla/5.0 (Windows NT 6.1; WOW64) AppleWebKit/537.36 (KHTML, like Gecko) Chrome/35.0.1916.153 Safari/537.36"
171.24.149.134 - - [14/Jun/2014:10:39:56 -0400] "GET /department/footwear HTTP/1.1" 200 1412 "-" "Mozilla/5.0 (Macintosh; Intel Mac OS X 10_9_4) AppleWebKit/537.36 (KHTML, like Gecko) Chrome/36.0.1985.125 Safari/537.36"
10.151.89.211 - - [14/Jun/2014:10:39:56 -0400] "GET /department/outdoors HTTP/1.1" 200 443 "-" "Mozilla/5.0 (Macintosh; Intel Mac OS X 10_9_4) AppleWebKit/537.77.4 (KHTML, like Gecko) Version/7.0.5 Safari/537.77.4"
160.135.141.240 - - [14/Jun/2014:10:39:56 -0400] "GET /view_cart HTTP/1.1" 200 1586 "-" "Mozilla/5.0 (Windows NT 6.1; WOW64; Trident/7.0; rv:11.0) like Gecko"
19.127.152.59 - - [14/Jun/2014:10:39:57 -0400] "GET /department/footwear/category/strength%20training/product/SOLE%20E35%20Elliptical HTTP/1.1" 200 2146 "-" "Mozilla/5.0 (Windows NT 6.3; WOW64; rv:30.0) Gecko/20100101 Firefox/30.0"
69.109.16.108 - - [14/Jun/2014:10:39:57 -0400] "GET /department/apparel HTTP/1.1" 200 326 "-" "Mozilla/5.0 (Windows NT 6.1; WOW64; Trident/7.0; rv:11.0) like Gecko"
158.201.225.172 - - [14/Jun/2014:10:39:57 -0400] "GET /home HTTP/1.1" 200 534 "-" "Mozilla/5.0 (Macintosh; Intel Mac OS X 10_9_3) AppleWebKit/537.36 (KHTML, like Gecko) Chrome/35.0.1916.153 Safari/537.36"
85.55.142.159 - - [14/Jun/2014:10:39:58 -0400] "GET /department/apparel/category/men's%20footwear/product/Nike%20Men's%20CJ%20Elite%202%20TD%20Football%20Cleat/add_to_cart HTTP/1.1" 200 1227 "-" "Mozilla/5.0 (Windows NT 6.3; WOW64) AppleWebKit/537.36 (KHTML, like Gecko) Chrome/35.0.1916.153 Safari/537.36"
138.168.77.138 - - [14/Jun/2014:10:39:58 -0400] "GET /department/golf HTTP/1.1" 200 2127 "-" "Mozilla/5.0 (Windows NT 6.1; WOW64) AppleWebKit/537.36 (KHTML, like Gecko) Chrome/35.0.1916.153 Safari/537.36"
85.55.142.159 - - [14/Jun/2014:10:39:58 -0400] "GET /department/apparel/category/cleats HTTP/1.1" 200 2000 "-" "Mozilla/5.0 (Windows NT 6.1; WOW64) AppleWebKit/537.36 (KHTML, like Gecko) Chrome/35.0.1916.153 Safari/537.36"
143.94.240.149 - - [14/Jun/2014:10:39:59 -0400] "GET /home HTTP/1.1" 200 490 "-" "Mozilla/5.0 (Windows NT 6.1; WOW64) AppleWebKit/537.36 (KHTML, like Gecko) Chrome/35.0.1916.153 Safari/537.36"
3.222.94.3 - - [14/Jun/2014:10:39:59 -0400] "GET /department/outdoors HTTP/1.1" 200 1964 "-" "Mozilla/5.0 (Macintosh; Intel Mac OS X 10_9_3) AppleWebKit/537.36 (KHTML, like Gecko) Chrome/35.0.1916.153 Safari/537.36"
36.44.59.115 - - [14/Jun/2014:10:39:59 -0400] "GET /department/footwear/category/as%20seen%20on%20%20tv!/product/Nike%20Men's%20Free%20TR%205.0%20TB%20Training%20Shoe HTTP/1.1" 200 971 "-" "Mozilla/5.0 (Windows NT 6.3; WOW64; rv:30.0) Gecko/20100101 Firefox/30.0"
111.45.151.49 - - [14/Jun/2014:10:40:00 -0400] "GET /home HTTP/1.1" 200 982 "-" "Mozilla/5.0 (Macintosh; Intel Mac OS X 10_9_3) AppleWebKit/537.36 (KHTML, like Gecko) Chrome/35.0.1916.153 Safari/537.36"
220.242.192.122 - - [14/Jun/2014:10:40:00 -0400] "GET /department/fan%20shop/category/camping%20&%20hiking HTTP/1.1" 200 2171 "-" "Mozilla/5.0 (Windows NT 6.1; WOW64) AppleWebKit/537.36 (KHTML, like Gecko) Chrome/35.0.1916.153 Safari/537.36"
181.250.43.60 - - [14/Jun/2014:10:40:01 -0400] "GET /department/fan%20shop HTTP/1.1" 200 677 "-" "Mozilla/5.0 (X11; Linux x86_64) AppleWebKit/537.36 (KHTML, like Gecko) Chrome/35.0.1916.153 Safari/537.36"
85.55.142.159 - - [14/Jun/2014:10:40:01 -0400] "GET /view_cart HTTP/1.1" 200 305 "-" "Mozilla/5.0 (Macintosh; Intel Mac OS X 10_9_3) AppleWebKit/537.36 (KHTML, like Gecko) Chrome/35.0.1916.153 Safari/537.36"
165.54.188.125 - - [14/Jun/2014:10:40:01 -0400] "GET /department/outdoors HTTP/1.1" 200 1598 "-" "Mozilla/5.0 (Macintosh; Intel Mac OS X 10_9_3) AppleWebKit/537.76.4 (KHTML, like Gecko) Version/7.0.4 Safari/537.76.4"
23.84.70.66 - - [14/Jun/2014:10:40:02 -0400] "GET /department/apparel/category/featured%20shops/product/adidas%20Kids'%20RG%20III%20Mid%20Football%20Cleat HTTP/1.1" 200 1860 "-" "Mozilla/5.0 (Windows NT 6.1; WOW64; Trident/7.0; rv:11.0) like Gecko"
196.92.166.82 - - [14/Jun/2014:10:40:02 -0400] "GET /department/apparel HTTP/1.1" 200 1807 "-" "Mozilla/5.0 (Windows NT 6.1; WOW64; rv:30.0) Gecko/20100101 Firefox/30.0"
209.28.190.133 - - [14/Jun/2014:10:40:02 -0400] "GET /department/apparel HTTP/1.1" 200 1445 "-" "Mozilla/5.0 (Macintosh; Intel Mac OS X 10_9_3) AppleWebKit/537.36 (KHTML, like Gecko) Chrome/35.0.1916.153 Safari/537.36"
173.69.9.204 - - [14/Jun/2014:10:40:03 -0400] "GET /home HTTP/1.1" 200 408 "-" "Mozilla/5.0 (Windows NT 6.1; WOW64) AppleWebKit/537.36 (KHTML, like Gecko) Chrome/36.0.1985.125 Safari/537.36"
3.222.94.3 - - [14/Jun/2014:10:40:03 -0400] "GET /department/golf HTTP/1.1" 200 2057 "-" "Mozilla/5.0 (Macintosh; Intel Mac OS X 10_9_3) AppleWebKit/537.36 (KHTML, like Gecko) Chrome/35.0.1916.153 Safari/537.36"
85.55.142.159 - - [14/Jun/2014:10:40:03 -0400] "GET /home HTTP/1.1" 200 474 "-" "Mozilla/5.0 (Macintosh; Intel Mac OS X 10_9_3) AppleWebKit/537.36 (KHTML, like Gecko) Chrome/35.0.1916.153 Safari/537.36"
192.77.121.142 - - [14/Jun/2014:10:40:04 -0400] "GET /home HTTP/1.1" 200 1854 "-" "Mozilla/5.0 (Macintosh; Intel Mac OS X 10_9_3) AppleWebKit/537.36 (KHTML, like Gecko) Chrome/35.0.1916.153 Safari/537.36"
3.222.94.3 - - [14/Jun/2014:10:40:04 -0400] "GET /department/golf/category/shop%20by%20sport HTTP/1.1" 200 225 "-" "Mozilla/5.0 (Macintosh; Intel Mac OS X 10_9_3) AppleWebKit/537.36 (KHTML, like Gecko) Chrome/35.0.1916.153 Safari/537.36"
223.162.65.131 - - [14/Jun/2014:10:40:04 -0400] "GET /department/outdoors/category/men's%20golf%20clubs HTTP/1.1" 200 900 "-" "Mozilla/5.0 (Windows NT 6.3; WOW64) AppleWebKit/537.36 (KHTML, like Gecko) Chrome/35.0.1916.153 Safari/537.36"
24.90.70.130 - - [14/Jun/2014:10:40:05 -0400] "GET /department/outdoors/category/accessories/product/Team%20Golf%20Texas%20Longhorns%20Putter%20Grip HTTP/1.1" 200 1617 "-" "Mozilla/5.0 (X11; Linux x86_64) AppleWebKit/537.36 (KHTML, like Gecko) Chrome/35.0.1916.153 Safari/537.36"
36.93.192.142 - - [14/Jun/2014:10:40:05 -0400] "GET /department/fan%20shop HTTP/1.1" 200 2120 "-" "Mozilla/5.0 (Macintosh; Intel Mac OS X 10_9_3) AppleWebKit/537.36 (KHTML, like Gecko) Chrome/35.0.1916.153 Safari/537.36"
176.100.98.19 - - [14/Jun/2014:10:40:05 -0400] "GET /home HTTP/1.1" 200 1867 "-" "Mozilla/5.0 (Macintosh; Intel Mac OS X 10_9_4) AppleWebKit/537.36 (KHTML, like Gecko) Chrome/36.0.1985.125 Safari/537.36"
165.54.188.125 - - [14/Jun/2014:10:40:06 -0400] "GET /department/fitness/category/lacrosse/product/Under%20Armour%20Men's%20Tech%20II%20T-Shirt HTTP/1.1" 200 241 "-" "Mozilla/5.0 (Macintosh; Intel Mac OS X 10.9; rv:30.0) Gecko/20100101 Firefox/30.0"
175.139.143.20 - - [14/Jun/2014:10:40:06 -0400] "GET /department/fitness HTTP/1.1" 200 286 "-" "Mozilla/5.0 (Macintosh; Intel Mac OS X 10.9; rv:30.0) Gecko/20100101 Firefox/30.0"
24.90.70.130 - - [14/Jun/2014:10:40:07 -0400] "GET /department/outdoors/category/accessories/product/Team%20Golf%20Texas%20Longhorns%20Putter%20Grip/add_to_cart HTTP/1.1" 200 313 "-" "Mozilla/5.0 (X11; Linux x86_64) AppleWebKit/537.36 (KHTML, like Gecko) Chrome/35.0.1916.153 Safari/537.36"
56.251.19.230 - - [14/Jun/2014:10:40:07 -0400] "GET /department/outdoors HTTP/1.1" 200 904 "-" "Mozilla/5.0 (Macintosh; Intel Mac OS X 10_9_4) AppleWebKit/537.36 (KHTML, like Gecko) Chrome/36.0.1985.125 Safari/537.36"
23.84.70.66 - - [14/Jun/2014:10:40:07 -0400] "GET /department/footwear/category/strength%20training/product/Yakima%20DoubleDown%20Ace%20Hitch%20Mount%204-Bike%20Rack HTTP/1.1" 200 214 "-" "Mozilla/5.0 (Windows NT 6.3; WOW64; rv:30.0) Gecko/20100101 Firefox/30.0"
85.55.142.159 - - [14/Jun/2014:10:40:08 -0400] "GET /department/apparel/category/men's%20footwear/product/Nike%20Men's%20CJ%20Elite%202%20TD%20Football%20Cleat HTTP/1.1" 200 1152 "-" "Mozilla/5.0 (Windows NT 6.1; WOW64; rv:30.0) Gecko/20100101 Firefox/30.0"
36.93.192.142 - - [14/Jun/2014:10:40:08 -0400] "GET /home HTTP/1.1" 200 698 "-" "Mozilla/5.0 (Windows NT 6.1; WOW64) AppleWebKit/537.36 (KHTML, like Gecko) Chrome/35.0.1916.153 Safari/537.36"
189.205.165.122 - - [14/Jun/2014:10:40:08 -0400] "GET /support HTTP/1.1" 200 703 "-" "Mozilla/5.0 (Macintosh; Intel Mac OS X 10_9_4) AppleWebKit/537.36 (KHTML, like Gecko) Chrome/35.0.1916.153 Safari/537.36"
158.147.13.248 - - [14/Jun/2014:10:40:09 -0400] "GET /home HTTP/1.1" 200 1900 "-" "Mozilla/5.0 (Macintosh; Intel Mac OS X 10_9_3) AppleWebKit/537.36 (KHTML, like Gecko) Chrome/35.0.1916.153 Safari/537.36"
66.169.18.111 - - [14/Jun/2014:10:40:09 -0400] "GET /department/fan%20shop/category/camping%20&%20hiking/product/Diamondback%20Women's%20Serene%20Classic%20Comfort%20Bi/add_to_cart HTTP/1.1" 200 1735 "-" "Mozilla/5.0 (Macintosh; Intel Mac OS X 10_9_4) AppleWebKit/537.36 (KHTML, like Gecko) Chrome/36.0.1985.125 Safari/537.36"
146.169.29.173 - - [14/Jun/2014:10:40:09 -0400] "GET /home HTTP/1.1" 200 610 "-" "Mozilla/5.0 (Windows NT 6.1; WOW64) AppleWebKit/537.36 (KHTML, like Gecko) Chrome/35.0.1916.153 Safari/537.36"
85.55.142.159 - - [14/Jun/2014:10:40:10 -0400] "GET /department/apparel HTTP/1.1" 200 1483 "-" "Mozilla/5.0 (Windows NT 6.1; WOW64; rv:30.0) Gecko/20100101 Firefox/30.0"
34.182.67.176 - - [14/Jun/2014:10:40:10 -0400] "GET /view_cart HTTP/1.1" 200 970 "-" "Mozilla/5.0 (Windows NT 6.1; WOW64; Trident/7.0; rv:11.0) like Gecko"
196.92.166.82 - - [14/Jun/2014:10:40:10 -0400] "GET /home HTTP/1.1" 200 192 "-" "Mozilla/5.0 (Windows NT 6.1; WOW64; rv:30.0) Gecko/20100101 Firefox/30.0"
36.93.192.142 - - [14/Jun/2014:10:40:11 -0400] "GET /department/fan%20shop/category/hunting%20&%20shooting HTTP/1.1" 200 1479 "-" "Mozilla/5.0 (X11; Linux x86_64) AppleWebKit/537.36 (KHTML, like Gecko) Chrome/35.0.1916.153 Safari/537.36"
223.162.65.131 - - [14/Jun/2014:10:40:11 -0400] "GET /department/fan%20shop HTTP/1.1" 200 1279 "-" "Mozilla/5.0 (Windows NT 6.1; WOW64; Trident/7.0; rv:11.0) like Gecko"
162.235.161.200 - - [14/Jun/2014:10:40:12 -0400] "GET /department/fitness/category/basketball HTTP/1.1" 200 685 "-" "Mozilla/5.0 (Macintosh; Intel Mac OS X 10_9_4) AppleWebKit/537.77.4 (KHTML, like Gecko) Version/7.0.5 Safari/537.77.4"
146.169.29.173 - - [14/Jun/2014:10:40:12 -0400] "GET /department/fan%20shop HTTP/1.1" 200 470 "-" "Mozilla/5.0 (Macintosh; Intel Mac OS X 10_9_4) AppleWebKit/537.36 (KHTML, like Gecko) Chrome/36.0.1985.125 Safari/537.36"
27.160.201.42 - - [14/Jun/2014:10:40:12 -0400] "GET /department/footwear HTTP/1.1" 200 1409 "-" "Mozilla/5.0 (Windows NT 6.1; WOW64; rv:30.0) Gecko/20100101 Firefox/30.0"
71.250.9.143 - - [14/Jun/2014:10:40:13 -0400] "GET /support HTTP/1.1" 200 2215 "-" "Mozilla/5.0 (X11; Linux x86_64) AppleWebKit/537.36 (KHTML, like Gecko) Chrome/35.0.1916.153 Safari/537.36"
63.96.175.115 - - [14/Jun/2014:10:40:13 -0400] "GET /home HTTP/1.1" 200 1973 "-" "Mozilla/5.0 (Windows NT 6.3; WOW64) AppleWebKit/537.36 (KHTML, like Gecko) Chrome/35.0.1916.153 Safari/537.36"
8.71.120.94 - - [14/Jun/2014:10:40:13 -0400] "GET /department/fan%20shop HTTP/1.1" 200 2119 "-" "Mozilla/5.0 (Windows NT 6.1; WOW64) AppleWebKit/537.36 (KHTML, like Gecko) Chrome/35.0.1916.153 Safari/537.36"
19.127.152.59 - - [14/Jun/2014:10:40:14 -0400] "GET /department/footwear/category/strength%20training/product/SOLE%20E35%20Elliptical/add_to_cart HTTP/1.1" 200 2066 "-" "Mozilla/5.0 (Windows NT 6.3; WOW64; rv:30.0) Gecko/20100101 Firefox/30.0"
21.22.210.76 - - [14/Jun/2014:10:40:14 -0400] "GET /home HTTP/1.1" 200 1938 "-" "Mozilla/5.0 (Windows NT 6.1; WOW64) AppleWebKit/537.36 (KHTML, like Gecko) Chrome/35.0.1916.153 Safari/537.36"
192.77.121.142 - - [14/Jun/2014:10:40:14 -0400] "GET /department/footwear/category/boxing%20&%20mma HTTP/1.1" 200 1538 "-" "Mozilla/5.0 (Macintosh; Intel Mac OS X 10_9_3) AppleWebKit/537.36 (KHTML, like Gecko) Chrome/35.0.1916.153 Safari/537.36"
135.102.251.22 - - [14/Jun/2014:10:40:15 -0400] "GET /home HTTP/1.1" 200 417 "-" "Mozilla/5.0 (Macintosh; Intel Mac OS X 10_9_3) AppleWebKit/537.36 (KHTML, like Gecko) Chrome/35.0.1916.153 Safari/537.36"
36.44.59.115 - - [14/Jun/2014:10:40:15 -0400] "GET /department/golf/category/women's%20apparel HTTP/1.1" 200 1898 "-" "Mozilla/5.0 (Windows NT 6.3; WOW64; rv:30.0) Gecko/20100101 Firefox/30.0"
203.236.44.20 - - [14/Jun/2014:10:40:15 -0400] "GET /home HTTP/1.1" 200 1281 "-" "Mozilla/5.0 (X11; Linux x86_64) AppleWebKit/537.36 (KHTML, like Gecko) Chrome/35.0.1916.153 Safari/537.36"
120.228.207.15 - - [14/Jun/2014:10:40:16 -0400] "GET /department/fitness/category/hockey/product/Stiga%20Master%20Series%20ST3100%20Competition%20Indoor HTTP/1.1" 200 864 "-" "Mozilla/5.0 (Macintosh; Intel Mac OS X 10_9_3) AppleWebKit/537.76.4 (KHTML, like Gecko) Version/7.0.4 Safari/537.76.4"
158.201.225.172 - - [14/Jun/2014:10:40:16 -0400] "GET /home HTTP/1.1" 200 331 "-" "Mozilla/5.0 (Windows NT 6.1; WOW64; rv:30.0) Gecko/20100101 Firefox/30.0"
28.2.61.74 - - [14/Jun/2014:10:40:17 -0400] "GET /department/fan%20shop/category/hunting%20&%20shooting/product/The%20North%20Face%20Women's%20Recon%20Backpack HTTP/1.1" 200 549 "-" "Mozilla/5.0 (Windows NT 6.1; rv:30.0) Gecko/20100101 Firefox/30.0"
72.37.239.169 - - [14/Jun/2014:10:40:17 -0400] "GET /department/footwear/category/strength%20training/product/Yakima%20DoubleDown%20Ace%20Hitch%20Mount%204-Bike%20Rack HTTP/1.1" 200 1862 "-" "Mozilla/5.0 (Windows NT 6.1; WOW64) AppleWebKit/537.36 (KHTML, like Gecko) Chrome/35.0.1916.153 Safari/537.36"
209.28.190.133 - - [14/Jun/2014:10:40:17 -0400] "GET /department/fan%20shop/category/fishing/product/Field%20&%20Stream%20Sportsman%2016%20Gun%20Fire%20Safe/add_to_cart HTTP/1.1" 200 556 "-" "Mozilla/5.0 (Macintosh; Intel Mac OS X 10.9; rv:30.0) Gecko/20100101 Firefox/30.0"
117.81.127.56 - - [14/Jun/2014:10:40:18 -0400] "GET /home HTTP/1.1" 200 418 "-" "Mozilla/5.0 (Windows NT 6.1; WOW64) AppleWebKit/537.36 (KHTML, like Gecko) Chrome/35.0.1916.153 Safari/537.36"
85.55.142.159 - - [14/Jun/2014:10:40:18 -0400] "GET /department/apparel HTTP/1.1" 200 522 "-" "Mozilla/5.0 (Windows NT 6.1; WOW64; rv:30.0) Gecko/20100101 Firefox/30.0"
39.244.91.133 - - [14/Jun/2014:10:40:18 -0400] "GET /department/golf HTTP/1.1" 200 586 "-" "Mozilla/5.0 (Macintosh; Intel Mac OS X 10_9_3) AppleWebKit/537.36 (KHTML, like Gecko) Chrome/35.0.1916.153 Safari/537.36"
41.250.86.29 - - [14/Jun/2014:10:40:19 -0400] "GET /home HTTP/1.1" 200 1003 "-" "Mozilla/5.0 (Macintosh; Intel Mac OS X 10_9_4) AppleWebKit/537.36 (KHTML, like Gecko) Chrome/35.0.1916.153 Safari/537.36"
162.235.161.200 - - [14/Jun/2014:10:40:19 -0400] "GET /home HTTP/1.1" 200 1704 "-" "Mozilla/5.0 (Macintosh; Intel Mac OS X 10_9_4) AppleWebKit/537.77.4 (KHTML, like Gecko) Version/7.0.5 Safari/537.77.4"
188.8.252.123 - - [14/Jun/2014:10:40:19 -0400] "GET /department/fan%20shop HTTP/1.1" 200 688 "-" "Mozilla/5.0 (Macintosh; Intel Mac OS X 10_9_3) AppleWebKit/537.76.4 (KHTML, like Gecko) Version/7.0.4 Safari/537.76.4"
220.237.115.28 - - [14/Jun/2014:10:40:20 -0400] "GET /contact_us HTTP/1.1" 200 1768 "-" "Mozilla/5.0 (Windows NT 6.1; WOW64; Trident/7.0; rv:11.0) like Gecko"
160.135.141.240 - - [14/Jun/2014:10:40:20 -0400] "GET /department/golf/category/shop%20by%20sport HTTP/1.1" 404 1642 "-" "Mozilla/5.0 (Windows NT 6.1; WOW64; Trident/7.0; rv:11.0) like Gecko"
175.139.143.20 - - [14/Jun/2014:10:40:20 -0400] "GET /home HTTP/1.1" 200 1060 "-" "Mozilla/5.0 (Macintosh; Intel Mac OS X 10_9_4) AppleWebKit/537.77.4 (KHTML, like Gecko) Version/7.0.5 Safari/537.77.4"
10.151.89.211 - - [14/Jun/2014:10:40:21 -0400] "GET /home HTTP/1.1" 200 240 "-" "Mozilla/5.0 (Macintosh; Intel Mac OS X 10_9_4) AppleWebKit/537.77.4 (KHTML, like Gecko) Version/7.0.5 Safari/537.77.4"
156.38.180.222 - - [14/Jun/2014:10:40:21 -0400] "GET /department/fan%20shop HTTP/1.1" 200 823 "-" "Mozilla/5.0 (Macintosh; Intel Mac OS X 10_9_3) AppleWebKit/537.36 (KHTML, like Gecko) Chrome/35.0.1916.153 Safari/537.36"
19.127.152.59 - - [14/Jun/2014:10:40:22 -0400] "GET /department/footwear/category/strength%20training/product/SOLE%20E35%20Elliptical HTTP/1.1" 200 987 "-" "Mozilla/5.0 (Windows NT 6.3; WOW64; rv:30.0) Gecko/20100101 Firefox/30.0"
188.252.239.39 - - [14/Jun/2014:10:40:22 -0400] "GET /department/apparel HTTP/1.1" 200 1364 "-" "Mozilla/5.0 (Windows NT 6.1; WOW64; rv:30.0) Gecko/20100101 Firefox/30.0"
41.250.86.29 - - [14/Jun/2014:10:40:22 -0400] "GET /department/apparel/category/cleats/product/Perfect%20Fitness%20Perfect%20Rip%20Deck HTTP/1.1" 200 440 "-" "Mozilla/5.0 (Windows NT 6.1; WOW64) AppleWebKit/537.36 (KHTML, like Gecko) Chrome/35.0.1916.153 Safari/537.36"
18.168.113.227 - - [14/Jun/2014:10:40:23 -0400] "GET /department/fitness/category/soccer/product/Nike%20Men's%20Fingertrap%20Max%20Training%20Shoe/add_to_cart HTTP/1.1" 200 2155 "-" "Mozilla/5.0 (Windows NT 6.1; WOW64) AppleWebKit/537.36 (KHTML, like Gecko) Chrome/35.0.1916.153 Safari/537.36"
117.81.127.56 - - [14/Jun/2014:10:40:23 -0400] "GET /department/fan%20shop HTTP/1.1" 200 788 "-" "Mozilla/5.0 (Macintosh; Intel Mac OS X 10_9_3) AppleWebKit/537.36 (KHTML, like Gecko) Chrome/35.0.1916.153 Safari/537.36"
36.44.59.115 - - [14/Jun/2014:10:40:23 -0400] "GET /department/footwear/category/as%20seen%20on%20%20tv!/product/Nike%20Men's%20Free%20TR%205.0%20TB%20Training%20Shoe HTTP/1.1" 200 830 "-" "Mozilla/5.0 (Windows NT 6.3; WOW64; rv:30.0) Gecko/20100101 Firefox/30.0"
72.37.239.169 - - [14/Jun/2014:10:40:24 -0400] "GET /home HTTP/1.1" 200 971 "-" "Mozilla/5.0 (Windows NT 6.1; WOW64) AppleWebKit/537.36 (KHTML, like Gecko) Chrome/35.0.1916.153 Safari/537.36"
3.222.94.3 - - [14/Jun/2014:10:40:24 -0400] "GET /department/fitness/category/lacrosse HTTP/1.1" 200 894 "-" "Mozilla/5.0 (Macintosh; Intel Mac OS X 10_9_4) AppleWebKit/537.77.4 (KHTML, like Gecko) Version/7.0.5 Safari/537.77.4"
35.115.21.150 - - [14/Jun/2014:10:40:24 -0400] "GET /home HTTP/1.1" 200 1799 "-" "Mozilla/5.0 (Windows NT 6.1; WOW64) AppleWebKit/537.36 (KHTML, like Gecko) Chrome/35.0.1916.153 Safari/537.36"
23.84.70.66 - - [14/Jun/2014:10:40:25 -0400] "GET /department/apparel/category/featured%20shops/product/adidas%20Kids'%20RG%20III%20Mid%20Football%20Cleat HTTP/1.1" 200 1783 "-" "Mozilla/5.0 (Windows NT 6.1; WOW64; Trident/7.0; rv:11.0) like Gecko"
41.250.86.29 - - [14/Jun/2014:10:40:25 -0400] "GET /home HTTP/1.1" 200 1044 "-" "Mozilla/5.0 (Windows NT 6.1; rv:30.0) Gecko/20100101 Firefox/30.0"
36.93.192.142 - - [14/Jun/2014:10:40:25 -0400] "GET /view_cart HTTP/1.1" 200 1432 "-" "Mozilla/5.0 (Macintosh; Intel Mac OS X 10_9_3) AppleWebKit/537.36 (KHTML, like Gecko) Chrome/35.0.1916.153 Safari/537.36"
150.47.54.136 - - [14/Jun/2014:10:40:26 -0400] "GET /department/outdoors HTTP/1.1" 200 1067 "-" "Mozilla/5.0 (Macintosh; Intel Mac OS X 10_9_3) AppleWebKit/537.36 (KHTML, like Gecko) Chrome/35.0.1916.153 Safari/537.36"
56.251.19.230 - - [14/Jun/2014:10:40:26 -0400] "GET /department/fan%20shop HTTP/1.1" 200 764 "-" "Mozilla/5.0 (Windows NT 6.1; WOW64) AppleWebKit/537.36 (KHTML, like Gecko) Chrome/35.0.1916.153 Safari/537.36"
143.94.240.149 - - [14/Jun/2014:10:40:27 -0400] "GET /home HTTP/1.1" 200 544 "-" "Mozilla/5.0 (Windows NT 6.1; WOW64) AppleWebKit/537.36 (KHTML, like Gecko) Chrome/35.0.1916.153 Safari/537.36"
209.28.190.133 - - [14/Jun/2014:10:40:27 -0400] "GET /home HTTP/1.1" 200 688 "-" "Mozilla/5.0 (Macintosh; Intel Mac OS X 10.9; rv:30.0) Gecko/20100101 Firefox/30.0"
194.138.151.68 - - [14/Jun/2014:10:40:27 -0400] "GET /department/outdoors HTTP/1.1" 200 485 "-" "Mozilla/5.0 (Windows NT 6.1; WOW64) AppleWebKit/537.36 (KHTML, like Gecko) Chrome/36.0.1985.125 Safari/537.36"
36.93.192.142 - - [14/Jun/2014:10:40:28 -0400] "GET /department/outdoors/category/golf%20balls/product/Glove%20It%20Women's%20Imperial%20Golf%20Glove HTTP/1.1" 200 2034 "-" "Mozilla/5.0 (Macintosh; Intel Mac OS X 10_9_4) AppleWebKit/537.77.4 (KHTML, like Gecko) Version/7.0.5 Safari/537.77.4"
209.28.190.133 - - [14/Jun/2014:10:40:28 -0400] "GET /department/fitness HTTP/1.1" 200 1472 "-" "Mozilla/5.0 (Macintosh; Intel Mac OS X 10.9; rv:30.0) Gecko/20100101 Firefox/30.0"
27.160.201.42 - - [14/Jun/2014:10:40:28 -0400] "GET /home HTTP/1.1" 200 250 "-" "Mozilla/5.0 (Macintosh; Intel Mac OS X 10_9_4) AppleWebKit/537.36 (KHTML, like Gecko) Chrome/35.0.1916.153 Safari/537.36"
118.155.115.238 - - [14/Jun/2014:10:40:29 -0400] "GET /home HTTP/1.1" 200 725 "-" "Mozilla/5.0 (Macintosh; Intel Mac OS X 10_9_4) AppleWebKit/537.36 (KHTML, like Gecko) Chrome/36.0.1985.125 Safari/537.36"
176.100.98.19 - - [14/Jun/2014:10:40:29 -0400] "GET /home HTTP/1.1" 200 958 "-" "Mozilla/5.0 (Windows NT 6.3; WOW64) AppleWebKit/537.36 (KHTML, like Gecko) Chrome/35.0.1916.153 Safari/537.36"
171.24.149.134 - - [14/Jun/2014:10:40:29 -0400] "GET /department/fitness/category/tennis%20&%20racquet HTTP/1.1" 200 1154 "-" "Mozilla/5.0 (Windows NT 6.1; WOW64) AppleWebKit/537.36 (KHTML, like Gecko) Chrome/35.0.1916.153 Safari/537.36"
50.132.210.169 - - [14/Jun/2014:10:40:30 -0400] "GET /department/golf/category/girls'%20apparel HTTP/1.1" 200 605 "-" "Mozilla/5.0 (Windows NT 6.1; WOW64) AppleWebKit/537.36 (KHTML, like Gecko) Chrome/35.0.1916.153 Safari/537.36"
78.148.1.150 - - [14/Jun/2014:10:40:30 -0400] "GET /department/footwear/category/boxing%20&%20mma/product/Under%20Armour%20Women's%20Micro%20G%20Skulpt%20Running%20S HTTP/1.1" 200 1476 "-" "Mozilla/5.0 (Windows NT 6.1; WOW64; rv:30.0) Gecko/20100101 Firefox/30.0"
18.168.113.227 - - [14/Jun/2014:10:40:30 -0400] "GET /department/fitness HTTP/1.1" 200 2178 "-" "Mozilla/5.0 (Windows NT 6.1; WOW64) AppleWebKit/537.36 (KHTML, like Gecko) Chrome/35.0.1916.153 Safari/537.36"
120.228.207.15 - - [14/Jun/2014:10:40:31 -0400] "GET /department/fitness/category/hockey HTTP/1.1" 200 1220 "-" "Mozilla/5.0 (Macintosh; Intel Mac OS X 10_9_3) AppleWebKit/537.76.4 (KHTML, like Gecko) Version/7.0.4 Safari/537.76.4"
138.168.77.138 - - [14/Jun/2014:10:40:31 -0400] "GET /department/fan%20shop HTTP/1.1" 200 572 "-" "Mozilla/5.0 (Windows NT 6.1; WOW64) AppleWebKit/537.36 (KHTML, like Gecko) Chrome/35.0.1916.153 Safari/537.36"
146.169.29.173 - - [14/Jun/2014:10:40:32 -0400] "GET /department/footwear HTTP/1.1" 200 1217 "-" "Mozilla/5.0 (Macintosh; Intel Mac OS X 10_9_4) AppleWebKit/537.36 (KHTML, like Gecko) Chrome/36.0.1985.125 Safari/537.36"
175.139.143.20 - - [14/Jun/2014:10:40:32 -0400] "GET /home HTTP/1.1" 200 1486 "-" "Mozilla/5.0 (Windows NT 6.1; WOW64; rv:30.0) Gecko/20100101 Firefox/30.0"
138.144.188.161 - - [14/Jun/2014:10:40:32 -0400] "GET /home HTTP/1.1" 200 243 "-" "Mozilla/5.0 (Windows NT 6.3; WOW64) AppleWebKit/537.36 (KHTML, like Gecko) Chrome/35.0.1916.153 Safari/537.36"
217.89.36.129 - - [14/Jun/2014:10:40:33 -0400] "GET /view_cart HTTP/1.1" 200 1698 "-" "Mozilla/5.0 (Windows NT 6.1; WOW64) AppleWebKit/537.36 (KHTML, like Gecko) Chrome/35.0.1916.153 Safari/537.36"
171.24.149.134 - - [14/Jun/2014:10:40:33 -0400] "GET /department/fitness/category/tennis%20&%20racquet/product/Nike%20Men's%20Comfort%202%20Slide/add_to_cart HTTP/1.1" 200 1587 "-" "Mozilla/5.0 (Windows NT 6.1; WOW64) AppleWebKit/537.36 (KHTML, like Gecko) Chrome/35.0.1916.153 Safari/537.36"
50.23.66.113 - - [14/Jun/2014:10:40:33 -0400] "GET /department/apparel/category/cleats/product/Perfect%20Fitness%20Perfect%20Rip%20Deck HTTP/1.1" 200 1959 "-" "Mozilla/5.0 (Windows NT 6.1; WOW64) AppleWebKit/537.36 (KHTML, like Gecko) Chrome/35.0.1916.153 Safari/537.36"
135.102.251.22 - - [14/Jun/2014:10:40:34 -0400] "GET /department/fitness/category/hockey/product/Stiga%20Master%20Series%20ST3100%20Competition%20Indoor HTTP/1.1" 200 817 "-" "Mozilla/5.0 (X11; Linux x86_64) AppleWebKit/537.36 (KHTML, like Gecko) Chrome/35.0.1916.153 Safari/537.36"
10.151.89.211 - - [14/Jun/2014:10:40:34 -0400] "GET /department/outdoors/category/golf%20bags%20&%20carts HTTP/1.1" 200 1880 "-" "Mozilla/5.0 (Macintosh; Intel Mac OS X 10_9_4) AppleWebKit/537.77.4 (KHTML, like Gecko) Version/7.0.5 Safari/537.77.4"
28.2.61.74 - - [14/Jun/2014:10:40:34 -0400] "GET /department/fitness/category/baseball%20&%20softball/product/adidas%20Brazuca%202014%20Official%20Match%20Ball HTTP/1.1" 200 862 "-" "Mozilla/5.0 (Windows NT 6.1) AppleWebKit/537.36 (KHTML, like Gecko) Chrome/35.0.1916.153 Safari/537.36"
69.109.16.108 - - [14/Jun/2014:10:40:35 -0400] "GET /support HTTP/1.1" 200 818 "-" "Mozilla/5.0 (X11; Linux x86_64) AppleWebKit/537.36 (KHTML, like Gecko) Chrome/35.0.1916.153 Safari/537.36"
143.94.240.149 - - [14/Jun/2014:10:40:35 -0400] "GET /department/fan%20shop/category/indoor/outdoor%20games HTTP/1.1" 200 1278 "-" "Mozilla/5.0 (Windows NT 6.1) AppleWebKit/537.36 (KHTML, like Gecko) Chrome/35.0.1916.153 Safari/537.36"
23.84.70.66 - - [14/Jun/2014:10:40:35 -0400] "GET /department/footwear/category/strength%20training HTTP/1.1" 200 1021 "-" "Mozilla/5.0 (Windows NT 6.1; WOW64) AppleWebKit/537.36 (KHTML, like Gecko) Chrome/35.0.1916.153 Safari/537.36"
196.92.166.82 - - [14/Jun/2014:10:40:36 -0400] "GET /home HTTP/1.1" 200 1082 "-" "Mozilla/5.0 (Windows NT 6.3; WOW64) AppleWebKit/537.36 (KHTML, like Gecko) Chrome/35.0.1916.153 Safari/537.36"
72.37.239.169 - - [14/Jun/2014:10:40:36 -0400] "GET /department/footwear/category/strength%20training/product/Yakima%20DoubleDown%20Ace%20Hitch%20Mount%204-Bike%20Rack/add_to_cart HTTP/1.1" 200 541 "-" "Mozilla/5.0 (Windows NT 6.1; WOW64) AppleWebKit/537.36 (KHTML, like Gecko) Chrome/35.0.1916.153 Safari/537.36"
3.222.94.3 - - [14/Jun/2014:10:40:37 -0400] "GET /department/golf/category/shop%20by%20sport/product/Under%20Armour%20Girls'%20Toddler%20Spine%20Surge%20Runni/add_to_cart HTTP/1.1" 200 2024 "-" "Mozilla/5.0 (Macintosh; Intel Mac OS X 10_9_3) AppleWebKit/537.36 (KHTML, like Gecko) Chrome/35.0.1916.153 Safari/537.36"
165.54.188.125 - - [14/Jun/2014:10:40:37 -0400] "GET /home HTTP/1.1" 200 1829 "-" "Mozilla/5.0 (Macintosh; Intel Mac OS X 10_9_3) AppleWebKit/537.76.4 (KHTML, like Gecko) Version/7.0.4 Safari/537.76.4"
188.8.252.123 - - [14/Jun/2014:10:40:37 -0400] "GET /department/footwear/category/strength%20training/product/Yakima%20DoubleDown%20Ace%20Hitch%20Mount%204-Bike%20Rack/add_to_cart HTTP/1.1" 200 335 "-" "Mozilla/5.0 (Windows NT 6.1; WOW64) AppleWebKit/537.36 (KHTML, like Gecko) Chrome/35.0.1916.153 Safari/537.36"
135.102.251.22 - - [14/Jun/2014:10:40:38 -0400] "GET /home HTTP/1.1" 200 645 "-" "Mozilla/5.0 (Macintosh; Intel Mac OS X 10_9_3) AppleWebKit/537.36 (KHTML, like Gecko) Chrome/35.0.1916.153 Safari/537.36"
165.54.188.125 - - [14/Jun/2014:10:40:38 -0400] "GET /home HTTP/1.1" 200 1510 "-" "Mozilla/5.0 (Macintosh; Intel Mac OS X 10.9; rv:30.0) Gecko/20100101 Firefox/30.0"
28.220.241.37 - - [14/Jun/2014:10:40:38 -0400] "GET /department/footwear HTTP/1.1" 200 1632 "-" "Mozilla/5.0 (Macintosh; Intel Mac OS X 10_9_4) AppleWebKit/537.77.4 (KHTML, like Gecko) Version/7.0.5 Safari/537.77.4"
100.98.159.99 - - [14/Jun/2014:10:40:39 -0400] "GET /home HTTP/1.1" 200 671 "-" "Mozilla/5.0 (Windows NT 6.3; WOW64) AppleWebKit/537.36 (KHTML, like Gecko) Chrome/35.0.1916.153 Safari/537.36"
189.205.165.122 - - [14/Jun/2014:10:40:39 -0400] "GET /department/footwear/category/cardio%20equipment/product/Nike%20Men's%20Free%205.0+%20Running%20Shoe/add_to_cart HTTP/1.1" 200 1464 "-" "Mozilla/5.0 (Macintosh; Intel Mac OS X 10_9_3) AppleWebKit/537.76.4 (KHTML, like Gecko) Version/7.0.4 Safari/537.76.4"
79.133.215.123 - - [14/Jun/2014:10:40:39 -0400] "GET /department/apparel/category/men's%20footwear/product/Nike%20Men's%20CJ%20Elite%202%20TD%20Football%20Cleat HTTP/1.1" 200 395 "-" "Mozilla/5.0 (Windows NT 6.1; WOW64) AppleWebKit/537.36 (KHTML, like Gecko) Chrome/35.0.1916.153 Safari/537.36"
156.38.180.222 - - [14/Jun/2014:10:40:40 -0400] "GET /home HTTP/1.1" 200 1002 "-" "Mozilla/5.0 (Macintosh; Intel Mac OS X 10_9_3) AppleWebKit/537.36 (KHTML, like Gecko) Chrome/35.0.1916.153 Safari/537.36"
220.242.192.122 - - [14/Jun/2014:10:40:40 -0400] "GET /department/fan%20shop HTTP/1.1" 200 894 "-" "Mozilla/5.0 (Windows NT 6.1; WOW64) AppleWebKit/537.36 (KHTML, like Gecko) Chrome/35.0.1916.153 Safari/537.36"
138.144.188.161 - - [14/Jun/2014:10:40:40 -0400] "GET /home HTTP/1.1" 200 385 "-" "Mozilla/5.0 (Windows NT 6.3; WOW64) AppleWebKit/537.36 (KHTML, like Gecko) Chrome/35.0.1916.153 Safari/537.36"
23.84.70.66 - - [14/Jun/2014:10:40:41 -0400] "GET /home HTTP/1.1" 200 332 "-" "Mozilla/5.0 (Windows NT 6.1; WOW64; Trident/7.0; rv:11.0) like Gecko"
175.139.143.20 - - [14/Jun/2014:10:40:41 -0400] "GET /department/apparel/category/cleats/product/Perfect%20Fitness%20Perfect%20Rip%20Deck HTTP/1.1" 200 1781 "-" "Mozilla/5.0 (Windows NT 6.1; WOW64; rv:30.0) Gecko/20100101 Firefox/30.0"
41.250.86.29 - - [14/Jun/2014:10:40:42 -0400] "GET /view_cart HTTP/1.1" 200 1771 "-" "Mozilla/5.0 (Windows NT 6.1; WOW64) AppleWebKit/537.36 (KHTML, like Gecko) Chrome/35.0.1916.153 Safari/537.36"
64.246.220.203 - - [14/Jun/2014:10:40:42 -0400] "GET /department/golf/category/shop%20by%20sport/product/Under%20Armour%20Girls'%20Toddler%20Spine%20Surge%20Runni HTTP/1.1" 200 1249 "-" "Mozilla/5.0 (Macintosh; Intel Mac OS X 10_9_4) AppleWebKit/537.36 (KHTML, like Gecko) Chrome/35.0.1916.153 Safari/537.36"
220.237.115.28 - - [14/Jun/2014:10:40:42 -0400] "GET /department/apparel/category/cleats/product/Perfect%20Fitness%20Perfect%20Rip%20Deck HTTP/1.1" 200 712 "-" "Mozilla/5.0 (Windows NT 6.1; WOW64; rv:30.0) Gecko/20100101 Firefox/30.0"
171.24.149.134 - - [14/Jun/2014:10:40:43 -0400] "GET /department/outdoors HTTP/1.1" 200 1879 "-" "Mozilla/5.0 (Macintosh; Intel Mac OS X 10_9_4) AppleWebKit/537.36 (KHTML, like Gecko) Chrome/36.0.1985.125 Safari/537.36"
162.235.161.200 - - [14/Jun/2014:10:40:43 -0400] "GET /department/fitness/category/basketball/product/Diamondback%20Boys'%20Insight%2024%20Performance%20Hybr HTTP/1.1" 200 226 "-" "Mozilla/5.0 (Macintosh; Intel Mac OS X 10_9_4) AppleWebKit/537.77.4 (KHTML, like Gecko) Version/7.0.5 Safari/537.77.4"
23.84.70.66 - - [14/Jun/2014:10:40:43 -0400] "GET /department/footwear HTTP/1.1" 200 1462 "-" "Mozilla/5.0 (Windows NT 6.1; WOW64; Trident/7.0; rv:11.0) like Gecko"
111.45.151.49 - - [14/Jun/2014:10:40:44 -0400] "GET /department/fan%20shop/category/hunting%20&%20shooting HTTP/1.1" 200 1713 "-" "Mozilla/5.0 (Macintosh; Intel Mac OS X 10_9_3) AppleWebKit/537.36 (KHTML, like Gecko) Chrome/35.0.1916.153 Safari/537.36"
209.28.190.133 - - [14/Jun/2014:10:40:44 -0400] "GET /department/fitness/category/lacrosse/product/Under%20Armour%20Men's%20Tech%20II%20T-Shirt HTTP/1.1" 200 1249 "-" "Mozilla/5.0 (Macintosh; Intel Mac OS X 10.9; rv:30.0) Gecko/20100101 Firefox/30.0"
203.236.44.20 - - [14/Jun/2014:10:40:44 -0400] "GET /department/footwear HTTP/1.1" 200 917 "-" "Mozilla/5.0 (Windows NT 6.3; WOW64; rv:30.0) Gecko/20100101 Firefox/30.0"
117.81.127.56 - - [14/Jun/2014:10:40:45 -0400] "GET /department/golf HTTP/1.1" 200 1834 "-" "Mozilla/5.0 (Windows NT 6.1; WOW64) AppleWebKit/537.36 (KHTML, like Gecko) Chrome/35.0.1916.153 Safari/537.36"
27.160.201.42 - - [14/Jun/2014:10:40:45 -0400] "GET /department/fan%20shop/category/camping%20&%20hiking HTTP/1.1" 200 1694 "-" "Mozilla/5.0 (Windows NT 6.1; WOW64; rv:30.0) Gecko/20100101 Firefox/30.0"
111.203.179.87 - - [14/Jun/2014:10:40:45 -0400] "GET /department/fitness/category/tennis%20&%20racquet HTTP/1.1" 200 1605 "-" "Mozilla/5.0 (Windows NT 6.3; WOW64) AppleWebKit/537.36 (KHTML, like Gecko) Chrome/35.0.1916.153 Safari/537.36"
133.20.136.170 - - [14/Jun/2014:10:40:46 -0400] "GET /home HTTP/1.1" 200 450 "-" "Mozilla/5.0 (Windows NT 6.1; WOW64) AppleWebKit/537.36 (KHTML, like Gecko) Chrome/35.0.1916.153 Safari/537.36"
18.168.113.227 - - [14/Jun/2014:10:40:46 -0400] "GET /department/fitness/category/soccer/product/Nike%20Men's%20Fingertrap%20Max%20Training%20Shoe HTTP/1.1" 200 1217 "-" "Mozilla/5.0 (Windows NT 6.1; WOW64) AppleWebKit/537.36 (KHTML, like Gecko) Chrome/35.0.1916.153 Safari/537.36"
203.124.43.253 - - [14/Jun/2014:10:40:47 -0400] "GET /department/fitness/category/soccer/product/Nike%20Men's%20Fingertrap%20Max%20Training%20Shoe HTTP/1.1" 200 1045 "-" "Mozilla/5.0 (X11; Linux x86_64) AppleWebKit/537.36 (KHTML, like Gecko) Chrome/35.0.1916.153 Safari/537.36"
203.124.43.253 - - [14/Jun/2014:10:40:47 -0400] "GET /department/fitness/category/soccer/product/Nike%20Men's%20Fingertrap%20Max%20Training%20Shoe HTTP/1.1" 200 415 "-" "Mozilla/5.0 (X11; Linux x86_64) AppleWebKit/537.36 (KHTML, like Gecko) Chrome/35.0.1916.153 Safari/537.36"
196.17.189.152 - - [14/Jun/2014:10:40:47 -0400] "GET /department/fan%20shop/category/fishing HTTP/1.1" 200 200 "-" "Mozilla/5.0 (Macintosh; Intel Mac OS X 10_9_3) AppleWebKit/537.36 (KHTML, like Gecko) Chrome/35.0.1916.153 Safari/537.36"
176.100.98.19 - - [14/Jun/2014:10:40:48 -0400] "GET /department/golf HTTP/1.1" 200 804 "-" "Mozilla/5.0 (Macintosh; Intel Mac OS X 10_9_4) AppleWebKit/537.36 (KHTML, like Gecko) Chrome/36.0.1985.125 Safari/537.36"
220.237.115.28 - - [14/Jun/2014:10:40:48 -0400] "GET /department/apparel/category/men's%20footwear HTTP/1.1" 200 1567 "-" "Mozilla/5.0 (Windows NT 6.1; WOW64; Trident/7.0; rv:11.0) like Gecko"
143.94.240.149 - - [14/Jun/2014:10:40:48 -0400] "GET /contact_us HTTP/1.1" 200 569 "-" "Mozilla/5.0 (Windows NT 6.1) AppleWebKit/537.36 (KHTML, like Gecko) Chrome/35.0.1916.153 Safari/537.36"
158.201.225.172 - - [14/Jun/2014:10:40:49 -0400] "GET /department/outdoors/category/golf%20apparel HTTP/1.1" 200 932 "-" "Mozilla/5.0 (Windows NT 6.1; WOW64; rv:30.0) Gecko/20100101 Firefox/30.0"
69.109.16.108 - - [14/Jun/2014:10:40:49 -0400] "GET /home HTTP/1.1" 200 383 "-" "Mozilla/5.0 (Windows NT 6.1; WOW64; Trident/7.0; rv:11.0) like Gecko"
192.77.121.142 - - [14/Jun/2014:10:40:49 -0400] "GET /department/apparel/category/featured%20shops/product/adidas%20Kids'%20RG%20III%20Mid%20Football%20Cleat HTTP/1.1" 200 829 "-" "Mozilla/5.0 (Macintosh; Intel Mac OS X 10_9_3) AppleWebKit/537.36 (KHTML, like Gecko) Chrome/35.0.1916.153 Safari/537.36"
23.84.70.66 - - [14/Jun/2014:10:40:50 -0400] "GET /department/footwear/category/cardio%20equipment HTTP/1.1" 200 1058 "-" "Mozilla/5.0 (Windows NT 6.1; WOW64; Trident/7.0; rv:11.0) like Gecko"
85.55.142.159 - - [14/Jun/2014:10:40:50 -0400] "GET /department/fitness/category/lacrosse/product/Under%20Armour%20Men's%20Tech%20II%20T-Shirt HTTP/1.1" 200 1259 "-" "Mozilla/5.0 (Macintosh; Intel Mac OS X 10_9_3) AppleWebKit/537.36 (KHTML, like Gecko) Chrome/35.0.1916.153 Safari/537.36"
146.169.29.173 - - [14/Jun/2014:10:40:50 -0400] "GET /department/fan%20shop HTTP/1.1" 200 966 "-" "Mozilla/5.0 (Windows NT 6.1; WOW64) AppleWebKit/537.36 (KHTML, like Gecko) Chrome/35.0.1916.153 Safari/537.36"
72.37.239.169 - - [14/Jun/2014:10:40:51 -0400] "GET /department/fan%20shop/category/fishing/product/Field%20&%20Stream%20Sportsman%2016%20Gun%20Fire%20Safe HTTP/1.1" 200 755 "-" "Mozilla/5.0 (Macintosh; Intel Mac OS X 10_9_4) AppleWebKit/537.36 (KHTML, like Gecko) Chrome/35.0.1916.153 Safari/537.36"
56.251.19.230 - - [14/Jun/2014:10:40:51 -0400] "GET /department/fan%20shop/category/fishing HTTP/1.1" 200 1264 "-" "Mozilla/5.0 (Windows NT 6.1; WOW64) AppleWebKit/537.36 (KHTML, like Gecko) Chrome/35.0.1916.153 Safari/537.36"
138.168.77.138 - - [14/Jun/2014:10:40:52 -0400] "GET /department/fan%20shop HTTP/1.1" 200 1856 "-" "Mozilla/5.0 (Windows NT 6.1; WOW64) AppleWebKit/537.36 (KHTML, like Gecko) Chrome/35.0.1916.153 Safari/537.36"
162.235.161.200 - - [14/Jun/2014:10:40:52 -0400] "GET /home HTTP/1.1" 200 692 "-" "Mozilla/5.0 (Macintosh; Intel Mac OS X 10_9_4) AppleWebKit/537.77.4 (KHTML, like Gecko) Version/7.0.5 Safari/537.77.4"
188.8.252.123 - - [14/Jun/2014:10:40:52 -0400] "GET /department/footwear/category/strength%20training/product/Yakima%20DoubleDown%20Ace%20Hitch%20Mount%204-Bike%20Rack HTTP/1.1" 200 1567 "-" "Mozilla/5.0 (Windows NT 6.1; WOW64) AppleWebKit/537.36 (KHTML, like Gecko) Chrome/35.0.1916.153 Safari/537.36"
195.182.254.56 - - [14/Jun/2014:10:40:53 -0400] "GET /home HTTP/1.1" 200 643 "-" "Mozilla/5.0 (Windows NT 6.1; WOW64) AppleWebKit/537.36 (KHTML, like Gecko) Chrome/35.0.1916.153 Safari/537.36"
203.236.44.20 - - [14/Jun/2014:10:40:53 -0400] "GET /view_cart HTTP/1.1" 200 2103 "-" "Mozilla/5.0 (Windows NT 6.3; WOW64; rv:30.0) Gecko/20100101 Firefox/30.0"
223.162.65.131 - - [14/Jun/2014:10:40:53 -0400] "GET /home HTTP/1.1" 200 1847 "-" "Mozilla/5.0 (Windows NT 6.1; WOW64; Trident/7.0; rv:11.0) like Gecko"
85.55.142.159 - - [14/Jun/2014:10:40:54 -0400] "GET /department/fitness/category/lacrosse/product/Under%20Armour%20Men's%20Tech%20II%20T-Shirt HTTP/1.1" 200 1360 "-" "Mozilla/5.0 (Macintosh; Intel Mac OS X 10_9_3) AppleWebKit/537.36 (KHTML, like Gecko) Chrome/35.0.1916.153 Safari/537.36"
162.235.161.200 - - [14/Jun/2014:10:40:54 -0400] "GET /department/golf HTTP/1.1" 200 1803 "-" "Mozilla/5.0 (Macintosh; Intel Mac OS X 10_9_4) AppleWebKit/537.77.4 (KHTML, like Gecko) Version/7.0.5 Safari/537.77.4"
176.100.98.19 - - [14/Jun/2014:10:40:54 -0400] "GET /home HTTP/1.1" 200 999 "-" "Mozilla/5.0 (Macintosh; Intel Mac OS X 10_9_4) AppleWebKit/537.36 (KHTML, like Gecko) Chrome/35.0.1916.153 Safari/537.36"
156.38.180.222 - - [14/Jun/2014:10:40:55 -0400] "GET /department/fan%20shop/category/hunting%20&%20shooting HTTP/1.1" 200 767 "-" "Mozilla/5.0 (Macintosh; Intel Mac OS X 10_9_3) AppleWebKit/537.36 (KHTML, like Gecko) Chrome/35.0.1916.153 Safari/537.36"
24.90.70.130 - - [14/Jun/2014:10:40:55 -0400] "GET /department/apparel HTTP/1.1" 200 380 "-" "Mozilla/5.0 (X11; Linux x86_64) AppleWebKit/537.36 (KHTML, like Gecko) Chrome/35.0.1916.153 Safari/537.36"
