209.28.190.133 - - [14/Jun/2014:10:36:54 -0400] "GET /home HTTP/1.1" 200 1979 "-" "Mozilla/5.0 (Macintosh; Intel Mac OS X 10.9; rv:30.0) Gecko/20100101 Firefox/30.0"
111.203.179.87 - - [14/Jun/2014:10:36:54 -0400] "GET /home HTTP/1.1" 200 1588 "-" "Mozilla/5.0 (Windows NT 6.3; WOW64) AppleWebKit/537.36 (KHTML, like Gecko) Chrome/35.0.1916.153 Safari/537.36"
203.124.43.253 - - [14/Jun/2014:10:36:54 -0400] "GET /home HTTP/1.1" 200 740 "-" "Mozilla/5.0 (X11; Linux x86_64) AppleWebKit/537.36 (KHTML, like Gecko) Chrome/35.0.1916.153 Safari/537.36"
188.8.252.123 - - [14/Jun/2014:10:36:55 -0400] "GET /department/fan%20shop/category/indoor/outdoor%20games HTTP/1.1" 200 997 "-" "Mozilla/5.0 (Macintosh; Intel Mac OS X 10_9_3) AppleWebKit/537.76.4 (KHTML, like Gecko) Version/7.0.4 Safari/537.76.4"
192.77.121.142 - - [14/Jun/2014:10:36:55 -0400] "GET /department/outdoors/category/golf%20apparel/product/Top%20Flite%20Women's%202014%20XL%20Hybrid HTTP/1.1" 200 1473 "-" "Mozilla/5.0 (X11; Ubuntu; Linux x86_64; rv:30.0) Gecko/20100101 Firefox/30.0"
78.148.1.150 - - [14/Jun/2014:10:36:55 -0400] "GET /department/apparel/category/cleats/product/Perfect%20Fitness%20Perfect%20Rip%20Deck/add_to_cart HTTP/1.1" 200 1902 "-" "Mozilla/5.0 (Windows NT 6.1; WOW64; rv:30.0) Gecko/20100101 Firefox/30.0"
194.138.151.68 - - [14/Jun/2014:10:36:56 -0400] "GET /support HTTP/1.1" 200 1463 "-" "Mozilla/5.0 (Windows NT 6.1; WOW64) AppleWebKit/537.36 (KHTML, like Gecko) Chrome/36.0.1985.125 Safari/537.36"
27.241.13.144 - - [14/Jun/2014:10:36:56 -0400] "GET /home HTTP/1.1" 200 340 "-" "Mozilla/5.0 (Macintosh; Intel Mac OS X 10_9_4) AppleWebKit/537.77.4 (KHTML, like Gecko) Version/7.0.5 Safari/537.77.4"
203.236.44.20 - - [14/Jun/2014:10:36:56 -0400] "GET /department/golf HTTP/1.1" 200 2231 "-" "Mozilla/5.0 (Windows NT 6.3; WOW64; rv:30.0) Gecko/20100101 Firefox/30.0"
217.89.36.129 - - [14/Jun/2014:10:36:57 -0400] "GET /department/apparel/category/cleats/product/Perfect%20Fitness%20Perfect%20Rip%20Deck/add_to_cart HTTP/1.1" 200 408 "-" "Mozilla/5.0 (Windows NT 6.1; WOW64) AppleWebKit/537.36 (KHTML, like Gecko) Chrome/35.0.1916.153 Safari/537.36"
71.250.9.143 - - [14/Jun/2014:10:36:57 -0400] "GET /home HTTP/1.1" 200 224 "-" "Mozilla/5.0 (X11; Linux x86_64) AppleWebKit/537.36 (KHTML, like Gecko) Chrome/35.0.1916.153 Safari/537.36"
209.28.190.133 - - [14/Jun/2014:10:36:57 -0400] "GET /home HTTP/1.1" 200 1063 "-" "Mozilla/5.0 (Macintosh; Intel Mac OS X 10_9_4) AppleWebKit/537.36 (KHTML, like Gecko) Chrome/35.0.1916.153 Safari/537.36"
215.181.33.160 - - [14/Jun/2014:10:36:58 -0400] "GET /support HTTP/1.1" 200 1310 "-" "Mozilla/5.0 (Windows NT 6.1; WOW64) AppleWebKit/537.36 (KHTML, like Gecko) Chrome/35.0.1916.153 Safari/537.36"
223.162.65.131 - - [14/Jun/2014:10:36:58 -0400] "GET /department/outdoors/category/men's%20golf%20clubs HTTP/1.1" 200 434 "-" "Mozilla/5.0 (Windows NT 6.3; WOW64) AppleWebKit/537.36 (KHTML, like Gecko) Chrome/35.0.1916.153 Safari/537.36"
175.139.143.20 - - [14/Jun/2014:10:36:59 -0400] "GET /department/footwear/category/strength%20training/product/Yakima%20DoubleDown%20Ace%20Hitch%20Mount%204-Bike%20Rack/add_to_cart HTTP/1.1" 200 250 "-" "Mozilla/5.0 (Macintosh; Intel Mac OS X 10_9_4) AppleWebKit/537.77.4 (KHTML, like Gecko) Version/7.0.5 Safari/537.77.4"
71.250.9.143 - - [14/Jun/2014:10:36:59 -0400] "GET /home HTTP/1.1" 200 773 "-" "Mozilla/5.0 (Windows NT 6.1; WOW64) AppleWebKit/537.36 (KHTML, like Gecko) Chrome/35.0.1916.153 Safari/537.36"
203.124.43.253 - - [14/Jun/2014:10:36:59 -0400] "GET /home HTTP/1.1" 200 1183 "-" "Mozilla/5.0 (X11; Linux x86_64) AppleWebKit/537.36 (KHTML, like Gecko) Chrome/35.0.1916.153 Safari/537.36"
209.28.190.133 - - [14/Jun/2014:10:37:00 -0400] "GET /department/golf HTTP/1.1" 200 1525 "-" "Mozilla/5.0 (Windows NT 6.1) AppleWebKit/537.36 (KHTML, like Gecko) Chrome/35.0.1916.153 Safari/537.36"
175.139.143.20 - - [14/Jun/2014:10:37:00 -0400] "GET /department/footwear/category/strength%20training/product/Yakima%20DoubleDown%20Ace%20Hitch%20Mount%204-Bike%20Rack HTTP/1.1" 200 722 "-" "Mozilla/5.0 (Macintosh; Intel Mac OS X 10_9_4) AppleWebKit/537.77.4 (KHTML, like Gecko) Version/7.0.5 Safari/537.77.4"
188.8.252.123 - - [14/Jun/2014:10:37:00 -0400] "GET /department/footwear/category/strength%20training HTTP/1.1" 200 1814 "-" "Mozilla/5.0 (Windows NT 6.1; WOW64) AppleWebKit/537.36 (KHTML, like Gecko) Chrome/35.0.1916.153 Safari/537.36"
41.250.86.29 - - [14/Jun/2014:10:37:01 -0400] "GET /department/apparel HTTP/1.1" 200 1413 "-" "Mozilla/5.0 (Macintosh; Intel Mac OS X 10_9_3) AppleWebKit/537.76.4 (KHTML, like Gecko) Version/7.0.4 Safari/537.76.4"
138.144.188.161 - - [14/Jun/2014:10:37:01 -0400] "GET /department/outdoors HTTP/1.1" 200 1387 "-" "Mozilla/5.0 (Windows NT 6.3; WOW64) AppleWebKit/537.36 (KHTML, like Gecko) Chrome/35.0.1916.153 Safari/537.36"
148.65.179.239 - - [14/Jun/2014:10:37:01 -0400] "GET /department/outdoors HTTP/1.1" 200 1811 "-" "Mozilla/5.0 (Windows NT 6.1; WOW64) AppleWebKit/537.36 (KHTML, like Gecko) Chrome/36.0.1985.125 Safari/537.36"
195.182.254.56 - - [14/Jun/2014:10:37:02 -0400] "GET /department/apparel/category/cleats HTTP/1.1" 200 1666 "-" "Mozilla/5.0 (Windows NT 6.1; WOW64) AppleWebKit/537.36 (KHTML, like Gecko) Chrome/35.0.1916.153 Safari/537.36"
118.155.115.238 - - [14/Jun/2014:10:37:02 -0400] "GET /contact_us HTTP/1.1" 200 1065 "-" "Mozilla/5.0 (Macintosh; Intel Mac OS X 10_9_3) AppleWebKit/537.36 (KHTML, like Gecko) Chrome/35.0.1916.153 Safari/537.36"
41.250.86.29 - - [14/Jun/2014:10:37:02 -0400] "GET /department/apparel/category/cleats/product/Perfect%20Fitness%20Perfect%20Rip%20Deck/add_to_cart HTTP/1.1" 200 1338 "-" "Mozilla/5.0 (Windows NT 6.1; WOW64) AppleWebKit/537.36 (KHTML, like Gecko) Chrome/35.0.1916.153 Safari/537.36"
173.69.9.204 - - [14/Jun/2014:10:37:03 -0400] "GET /department/golf/category/girls'%20apparel/product/TYR%20Boys'%20Team%20Digi%20Jammer/add_to_cart HTTP/1.1" 200 393 "-" "Mozilla/5.0 (Windows NT 6.3; WOW64) AppleWebKit/537.36 (KHTML, like Gecko) Chrome/35.0.1916.153 Safari/537.36"
35.115.21.150 - - [14/Jun/2014:10:37:03 -0400] "GET /department/footwear/category/cardio%20equipment HTTP/1.1" 200 1289 "-" "Mozilla/5.0 (Windows NT 6.1; WOW64) AppleWebKit/537.36 (KHTML, like Gecko) Chrome/35.0.1916.153 Safari/537.36"
27.160.201.42 - - [14/Jun/2014:10:37:04 -0400] "GET /department/fitness/category/hockey/product/Nike%20Dri-FIT%20Crew%20Sock%206%20Pack HTTP/1.1" 200 357 "-" "Mozilla/5.0 (Macintosh; Intel Mac OS X 10_9_4) AppleWebKit/537.36 (KHTML, like Gecko) Chrome/35.0.1916.153 Safari/537.36"
176.100.98.19 - - [14/Jun/2014:10:37:04 -0400] "GET /department/outdoors/category/electronics/product/Titleist%20Pro%20V1x%20High%20Numbers%20Personalized%20Go HTTP/1.1" 200 389 "-" "Mozilla/5.0 (Macintosh; Intel Mac OS X 10_9_4) AppleWebKit/537.36 (KHTML, like Gecko) Chrome/35.0.1916.153 Safari/537.36"
176.100.98.19 - - [14/Jun/2014:10:37:04 -0400] "GET /home HTTP/1.1" 200 1152 "-" "Mozilla/5.0 (Macintosh; Intel Mac OS X 10.9; rv:30.0) Gecko/20100101 Firefox/30.0"
171.24.149.134 - - [14/Jun/2014:10:37:05 -0400] "GET /department/outdoors/category/golf%20shoes/product/LIJA%20Women's%20Button%20Golf%20Dress/add_to_cart HTTP/1.1" 200 1203 "-" "Mozilla/5.0 (Macintosh; Intel Mac OS X 10_9_4) AppleWebKit/537.36 (KHTML, like Gecko) Chrome/36.0.1985.125 Safari/537.36"
19.127.152.59 - - [14/Jun/2014:10:37:05 -0400] "GET /department/footwear HTTP/1.1" 200 1680 "-" "Mozilla/5.0 (Windows NT 6.3; WOW64; rv:30.0) Gecko/20100101 Firefox/30.0"
63.64.42.142 - - [14/Jun/2014:10:37:05 -0400] "GET /department/fitness HTTP/1.1" 200 1651 "-" "Mozilla/5.0 (Windows NT 6.3; WOW64) AppleWebKit/537.36 (KHTML, like Gecko) Chrome/35.0.1916.153 Safari/537.36"
85.55.142.159 - - [14/Jun/2014:10:37:06 -0400] "GET /department/apparel/category/men's%20footwear/product/Nike%20Men's%20CJ%20Elite%202%20TD%20Football%20Cleat HTTP/1.1" 200 841 "-" "Mozilla/5.0 (Windows NT 6.3; WOW64) AppleWebKit/537.36 (KHTML, like Gecko) Chrome/35.0.1916.153 Safari/537.36"
135.102.251.22 - - [14/Jun/2014:10:37:06 -0400] "GET /department/fan%20shop/category/camping%20&%20hiking/product/Diamondback%20Women's%20Serene%20Classic%20Comfort%20Bi HTTP/1.1" 200 1576 "-" "Mozilla/5.0 (Macintosh; Intel Mac OS X 10_9_3) AppleWebKit/537.36 (KHTML, like Gecko) Chrome/35.0.1916.153 Safari/537.36"
27.160.201.42 - - [14/Jun/2014:10:37:06 -0400] "GET /department/footwear/category/cardio%20equipment/product/Nike%20Men's%20Free%205.0+%20Running%20Shoe HTTP/1.1" 200 2220 "-" "Mozilla/5.0 (Windows NT 6.3; WOW64; rv:30.0) Gecko/20100101 Firefox/30.0"
41.250.86.29 - - [14/Jun/2014:10:37:07 -0400] "GET /department/fan%20shop HTTP/1.1" 200 932 "-" "Mozilla/5.0 (Windows NT 6.1; rv:30.0) Gecko/20100101 Firefox/30.0"
220.237.115.28 - - [14/Jun/2014:10:37:07 -0400] "GET /department/apparel/category/cleats/product/Perfect%20Fitness%20Perfect%20Rip%20Deck HTTP/1.1" 200 768 "-" "Mozilla/5.0 (Windows NT 6.1; WOW64; rv:30.0) Gecko/20100101 Firefox/30.0"
79.133.215.123 - - [14/Jun/2014:10:37:07 -0400] "GET /home HTTP/1.1" 200 1266 "-" "Mozilla/5.0 (Windows NT 6.1; WOW64) AppleWebKit/537.36 (KHTML, like Gecko) Chrome/35.0.1916.153 Safari/537.36"
85.55.142.159 - - [14/Jun/2014:10:37:08 -0400] "GET /department/apparel/category/men's%20footwear/product/Nike%20Men's%20CJ%20Elite%202%20TD%20Football%20Cleat HTTP/1.1" 200 620 "-" "Mozilla/5.0 (Windows NT 6.3; WOW64) AppleWebKit/537.36 (KHTML, like Gecko) Chrome/35.0.1916.153 Safari/537.36"
23.84.70.66 - - [14/Jun/2014:10:37:08 -0400] "GET /home HTTP/1.1" 200 1759 "-" "Mozilla/5.0 (Windows NT 6.1; WOW64) AppleWebKit/537.36 (KHTML, like Gecko) Chrome/35.0.1916.153 Safari/537.36"
35.115.21.150 - - [14/Jun/2014:10:37:09 -0400] "GET /department/outdoors/category/women's%20golf%20clubs HTTP/1.1" 200 665 "-" "Mozilla/5.0 (Macintosh; Intel Mac OS X 10_9_4) AppleWebKit/537.36 (KHTML, like Gecko) Chrome/36.0.1985.125 Safari/537.36"
35.115.21.150 - - [14/Jun/2014:10:37:09 -0400] "GET /department/fan%20shop/category/indoor/outdoor%20games/product/O'Brien%20Men's%20Neoprene%20Life%20Vest/add_to_cart HTTP/1.1" 503 2063 "-" "Mozilla/5.0 (Windows NT 6.1; WOW64) AppleWebKit/537.36 (KHTML, like Gecko) Chrome/36.0.1985.125 Safari/537.36"
148.65.179.239 - - [14/Jun/2014:10:37:09 -0400] "GET /home HTTP/1.1" 200 1992 "-" "Mozilla/5.0 (Windows NT 6.1; WOW64) AppleWebKit/537.36 (KHTML, like Gecko) Chrome/36.0.1985.125 Safari/537.36"
215.181.33.160 - - [14/Jun/2014:10:37:10 -0400] "GET /department/footwear/category/as%20seen%20on%20%20tv!/product/Nike%20Men's%20Free%20TR%205.0%20TB%20Training%20Shoe/add_to_cart HTTP/1.1" 200 1816 "-" "Mozilla/5.0 (Windows NT 6.1; WOW64) AppleWebKit/537.36 (KHTML, like Gecko) Chrome/35.0.1916.153 Safari/537.36"
203.236.44.20 - - [14/Jun/2014:10:37:10 -0400] "GET /department/golf HTTP/1.1" 200 387 "-" "Mozilla/5.0 (Windows NT 6.1; WOW64) AppleWebKit/537.36 (KHTML, like Gecko) Chrome/35.0.1916.153 Safari/537.36"
78.148.1.150 - - [14/Jun/2014:10:37:10 -0400] "GET /department/footwear HTTP/1.1" 200 1106 "-" "Mozilla/5.0 (Macintosh; Intel Mac OS X 10_9_3) AppleWebKit/537.36 (KHTML, like Gecko) Chrome/35.0.1916.153 Safari/537.36"
214.18.166.163 - - [14/Jun/2014:10:37:11 -0400] "GET /home HTTP/1.1" 404 253 "-" "Mozilla/5.0 (Macintosh; Intel Mac OS X 10_9_4) AppleWebKit/537.36 (KHTML, like Gecko) Chrome/35.0.1916.153 Safari/537.36"
162.235.161.200 - - [14/Jun/2014:10:37:11 -0400] "GET /department/fan%20shop HTTP/1.1" 200 2170 "-" "Mozilla/5.0 (Macintosh; Intel Mac OS X 10_9_4) AppleWebKit/537.77.4 (KHTML, like Gecko) Version/7.0.5 Safari/537.77.4"
41.250.86.29 - - [14/Jun/2014:10:37:11 -0400] "GET /home HTTP/1.1" 200 398 "-" "Mozilla/5.0 (Macintosh; Intel Mac OS X 10_9_3) AppleWebKit/537.36 (KHTML, like Gecko) Chrome/35.0.1916.153 Safari/537.36"
196.92.166.82 - - [14/Jun/2014:10:37:12 -0400] "GET /department/footwear HTTP/1.1" 200 1047 "-" "Mozilla/5.0 (Windows NT 6.1; WOW64) AppleWebKit/537.36 (KHTML, like Gecko) Chrome/35.0.1916.153 Safari/537.36"
85.55.142.159 - - [14/Jun/2014:10:37:12 -0400] "GET /department/apparel/category/men's%20footwear HTTP/1.1" 200 273 "-" "Mozilla/5.0 (Windows NT 6.1; WOW64; rv:30.0) Gecko/20100101 Firefox/30.0"
143.94.240.149 - - [14/Jun/2014:10:37:12 -0400] "GET /department/outdoors/category/golf%20apparel HTTP/1.1" 200 1396 "-" "Mozilla/5.0 (Windows NT 6.1; WOW64) AppleWebKit/537.36 (KHTML, like Gecko) Chrome/35.0.1916.153 Safari/537.36"
69.109.16.108 - - [14/Jun/2014:10:37:13 -0400] "GET /department/apparel HTTP/1.1" 200 331 "-" "Mozilla/5.0 (Windows NT 6.1; WOW64) AppleWebKit/537.36 (KHTML, like Gecko) Chrome/36.0.1985.125 Safari/537.36"
120.228.207.15 - - [14/Jun/2014:10:37:13 -0400] "GET /department/fitness HTTP/1.1" 200 1982 "-" "Mozilla/5.0 (Macintosh; Intel Mac OS X 10_9_3) AppleWebKit/537.76.4 (KHTML, like Gecko) Version/7.0.4 Safari/537.76.4"
28.2.61.74 - - [14/Jun/2014:10:37:14 -0400] "GET /department/fitness HTTP/1.1" 200 1508 "-" "Mozilla/5.0 (Windows NT 6.1) AppleWebKit/537.36 (KHTML, like Gecko) Chrome/35.0.1916.153 Safari/537.36"
165.54.188.125 - - [14/Jun/2014:10:37:14 -0400] "GET /department/fitness/category/lacrosse HTTP/1.1" 200 1850 "-" "Mozilla/5.0 (Macintosh; Intel Mac OS X 10.9; rv:30.0) Gecko/20100101 Firefox/30.0"
162.235.161.200 - - [14/Jun/2014:10:37:14 -0400] "GET /department/golf/category/women's%20apparel/product/Nike%20Men's%20Dri-FIT%20Victory%20Golf%20Polo HTTP/1.1" 200 243 "-" "Mozilla/5.0 (Macintosh; Intel Mac OS X 10_9_4) AppleWebKit/537.77.4 (KHTML, like Gecko) Version/7.0.5 Safari/537.77.4"
214.18.166.163 - - [14/Jun/2014:10:37:15 -0400] "GET /home HTTP/1.1" 200 1075 "-" "Mozilla/5.0 (Windows NT 6.3; WOW64) AppleWebKit/537.36 (KHTML, like Gecko) Chrome/35.0.1916.153 Safari/537.36"
27.160.201.42 - - [14/Jun/2014:10:37:15 -0400] "GET /department/fitness/category/hockey HTTP/1.1" 200 2199 "-" "Mozilla/5.0 (Macintosh; Intel Mac OS X 10_9_4) AppleWebKit/537.36 (KHTML, like Gecko) Chrome/35.0.1916.153 Safari/537.36"
162.235.161.200 - - [14/Jun/2014:10:37:15 -0400] "GET /home HTTP/1.1" 200 2008 "-" "Mozilla/5.0 (X11; Ubuntu; Linux x86_64; rv:30.0) Gecko/20100101 Firefox/30.0"
214.18.166.163 - - [14/Jun/2014:10:37:16 -0400] "GET /department/footwear/category/cardio%20equipment/product/Nike%20Men's%20Free%205.0+%20Running%20Shoe/add_to_cart HTTP/1.1" 200 391 "-" "Mozilla/5.0 (Macintosh; Intel Mac OS X 10_9_4) AppleWebKit/537.36 (KHTML, like Gecko) Chrome/35.0.1916.153 Safari/537.36"
133.20.136.170 - - [14/Jun/2014:10:37:16 -0400] "GET /department/outdoors/category/golf%20balls HTTP/1.1" 200 1459 "-" "Mozilla/5.0 (Windows NT 6.1; WOW64) AppleWebKit/537.36 (KHTML, like Gecko) Chrome/35.0.1916.153 Safari/537.36"
21.22.210.76 - - [14/Jun/2014:10:37:16 -0400] "GET /department/golf/category/women's%20apparel/product/Nike%20Men's%20Dri-FIT%20Victory%20Golf%20Polo HTTP/1.1" 200 2156 "-" "Mozilla/5.0 (Windows NT 6.1; WOW64) AppleWebKit/537.36 (KHTML, like Gecko) Chrome/35.0.1916.153 Safari/537.36"
14.220.19.89 - - [14/Jun/2014:10:37:17 -0400] "GET /department/golf/category/women's%20apparel/product/Nike%20Men's%20Dri-FIT%20Victory%20Golf%20Polo/add_to_cart HTTP/1.1" 200 621 "-" "Mozilla/5.0 (Windows NT 6.3; WOW64) AppleWebKit/537.36 (KHTML, like Gecko) Chrome/35.0.1916.153 Safari/537.36"
176.100.98.19 - - [14/Jun/2014:10:37:17 -0400] "GET /view_cart HTTP/1.1" 200 698 "-" "Mozilla/5.0 (Windows NT 6.3; WOW64) AppleWebKit/537.36 (KHTML, like Gecko) Chrome/35.0.1916.153 Safari/537.36"
195.182.254.56 - - [14/Jun/2014:10:37:17 -0400] "GET /department/apparel HTTP/1.1" 200 503 "-" "Mozilla/5.0 (Macintosh; Intel Mac OS X 10_9_4) AppleWebKit/537.77.4 (KHTML, like Gecko) Version/7.0.5 Safari/537.77.4"
21.22.210.76 - - [14/Jun/2014:10:37:18 -0400] "GET /department/golf/category/women's%20apparel/product/Nike%20Men's%20Dri-FIT%20Victory%20Golf%20Polo HTTP/1.1" 200 305 "-" "Mozilla/5.0 (Windows NT 6.1; WOW64) AppleWebKit/537.36 (KHTML, like Gecko) Chrome/35.0.1916.153 Safari/537.36"
36.93.192.142 - - [14/Jun/2014:10:37:18 -0400] "GET /department/apparel/category/cleats/product/Perfect%20Fitness%20Perfect%20Rip%20Deck HTTP/1.1" 200 878 "-" "Mozilla/5.0 (Windows NT 6.1; WOW64) AppleWebKit/537.36 (KHTML, like Gecko) Chrome/35.0.1916.153 Safari/537.36"
138.250.94.254 - - [14/Jun/2014:10:37:19 -0400] "GET /home HTTP/1.1" 200 1346 "-" "Mozilla/5.0 (Windows NT 6.1; WOW64; rv:30.0) Gecko/20100101 Firefox/30.0"
35.115.21.150 - - [14/Jun/2014:10:37:19 -0400] "GET /department/fan%20shop/category/indoor/outdoor%20games HTTP/1.1" 200 845 "-" "Mozilla/5.0 (Windows NT 6.1; WOW64) AppleWebKit/537.36 (KHTML, like Gecko) Chrome/36.0.1985.125 Safari/537.36"
209.28.190.133 - - [14/Jun/2014:10:37:19 -0400] "GET /department/golf HTTP/1.1" 200 687 "-" "Mozilla/5.0 (Windows NT 6.1) AppleWebKit/537.36 (KHTML, like Gecko) Chrome/35.0.1916.153 Safari/537.36"
71.250.9.143 - - [14/Jun/2014:10:37:20 -0400] "GET /department/footwear/category/electronics/product/Under%20Armour%20Women's%20Ignite%20Slide HTTP/1.1" 200 664 "-" "Mozilla/5.0 (Macintosh; Intel Mac OS X 10_9_4) AppleWebKit/537.36 (KHTML, like Gecko) Chrome/35.0.1916.153 Safari/537.36"
138.250.94.254 - - [14/Jun/2014:10:37:20 -0400] "GET /home HTTP/1.1" 200 1619 "-" "Mozilla/5.0 (Windows NT 6.1; WOW64; rv:30.0) Gecko/20100101 Firefox/30.0"
194.138.151.68 - - [14/Jun/2014:10:37:20 -0400] "GET /department/fan%20shop HTTP/1.1" 200 335 "-" "Mozilla/5.0 (Windows NT 6.3; WOW64; rv:30.0) Gecko/20100101 Firefox/30.0"
220.164.87.108 - - [14/Jun/2014:10:37:21 -0400] "GET /department/fitness HTTP/1.1" 200 930 "-" "Mozilla/5.0 (Macintosh; Intel Mac OS X 10_9_4) AppleWebKit/537.36 (KHTML, like Gecko) Chrome/35.0.1916.153 Safari/537.36"
133.20.136.170 - - [14/Jun/2014:10:37:21 -0400] "GET /department/outdoors HTTP/1.1" 200 578 "-" "Mozilla/5.0 (Windows NT 6.1; WOW64) AppleWebKit/537.36 (KHTML, like Gecko) Chrome/35.0.1916.153 Safari/537.36"
28.2.61.74 - - [14/Jun/2014:10:37:21 -0400] "GET /home HTTP/1.1" 200 1745 "-" "Mozilla/5.0 (Windows NT 6.1; rv:30.0) Gecko/20100101 Firefox/30.0"
156.38.180.222 - - [14/Jun/2014:10:37:22 -0400] "GET /support HTTP/1.1" 200 1026 "-" "Mozilla/5.0 (Macintosh; Intel Mac OS X 10_9_3) AppleWebKit/537.36 (KHTML, like Gecko) Chrome/35.0.1916.153 Safari/537.36"
69.109.16.108 - - [14/Jun/2014:10:37:22 -0400] "GET /department/golf/category/shop%20by%20sport/product/Columbia%20Men's%20PFG%20Anchor%20Tough%20T-Shirt/add_to_cart HTTP/1.1" 200 273 "-" "Mozilla/5.0 (Windows NT 6.1; WOW64; Trident/7.0; rv:11.0) like Gecko"
28.2.61.74 - - [14/Jun/2014:10:37:22 -0400] "GET /department/fitness/category/baseball%20&%20softball/product/adidas%20Brazuca%202014%20Official%20Match%20Ball/add_to_cart HTTP/1.1" 200 1905 "-" "Mozilla/5.0 (Windows NT 6.1) AppleWebKit/537.36 (KHTML, like Gecko) Chrome/35.0.1916.153 Safari/537.36"
71.250.9.143 - - [14/Jun/2014:10:37:23 -0400] "GET /department/footwear/category/electronics/product/Under%20Armour%20Women's%20Ignite%20Slide/add_to_cart HTTP/1.1" 200 1793 "-" "Mozilla/5.0 (Macintosh; Intel Mac OS X 10_9_4) AppleWebKit/537.36 (KHTML, like Gecko) Chrome/35.0.1916.153 Safari/537.36"
214.141.107.27 - - [14/Jun/2014:10:37:23 -0400] "GET /department/outdoors/category/kids'%20golf%20clubs HTTP/1.1" 404 1812 "-" "Mozilla/5.0 (Macintosh; Intel Mac OS X 10_9_3) AppleWebKit/537.36 (KHTML, like Gecko) Chrome/35.0.1916.153 Safari/537.36"
35.115.21.150 - - [14/Jun/2014:10:37:24 -0400] "GET /home HTTP/1.1" 200 1053 "-" "Mozilla/5.0 (Macintosh; Intel Mac OS X 10_9_4) AppleWebKit/537.36 (KHTML, like Gecko) Chrome/36.0.1985.125 Safari/537.36"
188.8.252.123 - - [14/Jun/2014:10:37:24 -0400] "GET /department/fan%20shop/category/hunting%20&%20shooting HTTP/1.1" 200 1865 "-" "Mozilla/5.0 (Macintosh; Intel Mac OS X 10_9_3) AppleWebKit/537.76.4 (KHTML, like Gecko) Version/7.0.4 Safari/537.76.4"
71.250.9.143 - - [14/Jun/2014:10:37:24 -0400] "GET /department/apparel/category/featured%20shops/product/adidas%20Kids'%20RG%20III%20Mid%20Football%20Cleat HTTP/1.1" 200 394 "-" "Mozilla/5.0 (X11; Linux x86_64) AppleWebKit/537.36 (KHTML, like Gecko) Chrome/35.0.1916.153 Safari/537.36"
220.237.115.28 - - [14/Jun/2014:10:37:25 -0400] "GET /home HTTP/1.1" 200 722 "-" "Mozilla/5.0 (Windows NT 6.1; WOW64; Trident/7.0; rv:11.0) like Gecko"
135.102.251.22 - - [14/Jun/2014:10:37:25 -0400] "GET /support HTTP/1.1" 200 1414 "-" "Mozilla/5.0 (Macintosh; Intel Mac OS X 10_9_3) AppleWebKit/537.36 (KHTML, like Gecko) Chrome/35.0.1916.153 Safari/537.36"
158.201.225.172 - - [14/Jun/2014:10:37:25 -0400] "GET /department/outdoors/category/golf%20bags%20&%20carts/product/Ogio%20Race%20Golf%20Shoes/add_to_cart HTTP/1.1" 200 1769 "-" "Mozilla/5.0 (Windows NT 6.1; WOW64; rv:30.0) Gecko/20100101 Firefox/30.0"
41.250.86.29 - - [14/Jun/2014:10:37:26 -0400] "GET /department/fan%20shop HTTP/1.1" 200 342 "-" "Mozilla/5.0 (Windows NT 6.3; WOW64) AppleWebKit/537.36 (KHTML, like Gecko) Chrome/35.0.1916.153 Safari/537.36"
158.201.225.172 - - [14/Jun/2014:10:37:26 -0400] "GET /department/outdoors HTTP/1.1" 200 587 "-" "Mozilla/5.0 (Windows NT 6.1; WOW64; rv:30.0) Gecko/20100101 Firefox/30.0"
69.109.16.108 - - [14/Jun/2014:10:37:26 -0400] "GET /department/apparel/category/cleats HTTP/1.1" 200 2010 "-" "Mozilla/5.0 (Windows NT 6.1; WOW64) AppleWebKit/537.36 (KHTML, like Gecko) Chrome/36.0.1985.125 Safari/537.36"
23.84.70.66 - - [14/Jun/2014:10:37:27 -0400] "GET /home HTTP/1.1" 200 2057 "-" "Mozilla/5.0 (Windows NT 6.3; WOW64; rv:30.0) Gecko/20100101 Firefox/30.0"
125.210.40.70 - - [14/Jun/2014:10:37:27 -0400] "GET /home HTTP/1.1" 200 354 "-" "Mozilla/5.0 (Windows NT 6.1; WOW64; Trident/7.0; rv:11.0) like Gecko"
36.93.192.142 - - [14/Jun/2014:10:37:27 -0400] "GET /department/golf HTTP/1.1" 200 548 "-" "Mozilla/5.0 (X11; Linux x86_64) AppleWebKit/537.36 (KHTML, like Gecko) Chrome/35.0.1916.153 Safari/537.36"
176.100.98.19 - - [14/Jun/2014:10:37:28 -0400] "GET /department/golf/category/shop%20by%20sport/product/Columbia%20Men's%20PFG%20Anchor%20Tough%20T-Shirt HTTP/1.1" 200 1169 "-" "Mozilla/5.0 (Macintosh; Intel Mac OS X 10.9; rv:30.0) Gecko/20100101 Firefox/30.0"
162.235.161.200 - - [14/Jun/2014:10:37:28 -0400] "GET /department/fitness/category/basketball/product/Diamondback%20Boys'%20Insight%2024%20Performance%20Hybr/add_to_cart HTTP/1.1" 200 1356 "-" "Mozilla/5.0 (Macintosh; Intel Mac OS X 10_9_4) AppleWebKit/537.77.4 (KHTML, like Gecko) Version/7.0.5 Safari/537.77.4"
209.28.190.133 - - [14/Jun/2014:10:37:29 -0400] "GET /department/fitness/category/lacrosse/product/Under%20Armour%20Men's%20Tech%20II%20T-Shirt/add_to_cart HTTP/1.1" 200 1117 "-" "Mozilla/5.0 (Macintosh; Intel Mac OS X 10.9; rv:30.0) Gecko/20100101 Firefox/30.0"
36.93.192.142 - - [14/Jun/2014:10:37:29 -0400] "GET /department/fitness/category/baseball%20&%20softball/product/adidas%20Kids'%20F5%20Messi%20FG%20Soccer%20Cleat HTTP/1.1" 200 248 "-" "Mozilla/5.0 (Windows NT 6.1; WOW64) AppleWebKit/537.36 (KHTML, like Gecko) Chrome/35.0.1916.153 Safari/537.36"
23.84.70.66 - - [14/Jun/2014:10:37:29 -0400] "GET /home HTTP/1.1" 200 640 "-" "Mozilla/5.0 (Windows NT 6.1; WOW64; Trident/7.0; rv:11.0) like Gecko"
203.124.43.253 - - [14/Jun/2014:10:37:30 -0400] "GET /home HTTP/1.1" 200 1979 "-" "Mozilla/5.0 (Macintosh; Intel Mac OS X 10.9; rv:30.0) Gecko/20100101 Firefox/30.0"
158.201.225.172 - - [14/Jun/2014:10:37:30 -0400] "GET /department/apparel HTTP/1.1" 200 1412 "-" "Mozilla/5.0 (Macintosh; Intel Mac OS X 10_9_3) AppleWebKit/537.36 (KHTML, like Gecko) Chrome/35.0.1916.153 Safari/537.36"
173.69.9.204 - - [14/Jun/2014:10:37:30 -0400] "GET /department/fan%20shop HTTP/1.1" 200 1045 "-" "Mozilla/5.0 (Windows NT 6.1; WOW64) AppleWebKit/537.36 (KHTML, like Gecko) Chrome/35.0.1916.153 Safari/537.36"
21.22.210.76 - - [14/Jun/2014:10:37:31 -0400] "GET /department/fitness/category/tennis%20&%20racquet/product/Nike%20Men's%20Comfort%202%20Slide HTTP/1.1" 200 1254 "-" "Mozilla/5.0 (Windows NT 6.1; WOW64) AppleWebKit/537.36 (KHTML, like Gecko) Chrome/35.0.1916.153 Safari/537.36"
220.237.115.28 - - [14/Jun/2014:10:37:31 -0400] "GET /department/apparel HTTP/1.1" 200 1673 "-" "Mozilla/5.0 (Windows NT 6.1; WOW64; rv:30.0) Gecko/20100101 Firefox/30.0"
188.252.239.39 - - [14/Jun/2014:10:37:31 -0400] "GET /department/fan%20shop/category/water%20sports/product/Pelican%20Sunstream%20100%20Kayak HTTP/1.1" 200 961 "-" "Mozilla/5.0 (Windows NT 6.1; WOW64; rv:30.0) Gecko/20100101 Firefox/30.0"
78.148.1.150 - - [14/Jun/2014:10:37:32 -0400] "GET /department/footwear/category/boxing%20&%20mma/product/Under%20Armour%20Women's%20Micro%20G%20Skulpt%20Running%20S HTTP/1.1" 200 1175 "-" "Mozilla/5.0 (Windows NT 6.1; WOW64; rv:30.0) Gecko/20100101 Firefox/30.0"
10.151.89.211 - - [14/Jun/2014:10:37:32 -0400] "GET /home HTTP/1.1" 200 1054 "-" "Mozilla/5.0 (Macintosh; Intel Mac OS X 10_9_4) AppleWebKit/537.77.4 (KHTML, like Gecko) Version/7.0.5 Safari/537.77.4"
158.201.225.172 - - [14/Jun/2014:10:37:32 -0400] "GET /department/outdoors/category/golf%20bags%20&%20carts/product/Ogio%20Race%20Golf%20Shoes HTTP/1.1" 200 333 "-" "Mozilla/5.0 (Windows NT 6.1; WOW64; rv:30.0) Gecko/20100101 Firefox/30.0"
175.139.143.20 - - [14/Jun/2014:10:37:33 -0400] "GET /department/apparel/category/cleats/product/Perfect%20Fitness%20Perfect%20Rip%20Deck HTTP/1.1" 200 335 "-" "Mozilla/5.0 (Windows NT 6.1; WOW64; rv:30.0) Gecko/20100101 Firefox/30.0"
66.169.18.111 - - [14/Jun/2014:10:37:33 -0400] "GET /department/fan%20shop HTTP/1.1" 200 1285 "-" "Mozilla/5.0 (Macintosh; Intel Mac OS X 10_9_3) AppleWebKit/537.36 (KHTML, like Gecko) Chrome/35.0.1916.153 Safari/537.36"
175.139.143.20 - - [14/Jun/2014:10:37:34 -0400] "GET /home HTTP/1.1" 200 684 "-" "Mozilla/5.0 (Windows NT 6.1; WOW64; rv:30.0) Gecko/20100101 Firefox/30.0"
66.169.18.111 - - [14/Jun/2014:10:37:34 -0400] "GET /checkout HTTP/1.1" 200 864 "-" "Mozilla/5.0 (Macintosh; Intel Mac OS X 10_9_4) AppleWebKit/537.36 (KHTML, like Gecko) Chrome/36.0.1985.125 Safari/537.36"
217.89.36.129 - - [14/Jun/2014:10:37:34 -0400] "GET /department/outdoors/category/kids'%20golf%20clubs/product/Fitbit%20The%20One%20Wireless%20Activity%20&%20Sleep%20Trac HTTP/1.1" 200 1026 "-" "Mozilla/5.0 (Windows NT 6.1; WOW64) AppleWebKit/537.36 (KHTML, like Gecko) Chrome/35.0.1916.153 Safari/537.36"
217.89.36.129 - - [14/Jun/2014:10:37:35 -0400] "GET /department/outdoors HTTP/1.1" 200 443 "-" "Mozilla/5.0 (Windows NT 6.1; WOW64) AppleWebKit/537.36 (KHTML, like Gecko) Chrome/35.0.1916.153 Safari/537.36"
158.147.13.248 - - [14/Jun/2014:10:37:35 -0400] "GET /department/fitness HTTP/1.1" 200 1353 "-" "Mozilla/5.0 (Macintosh; Intel Mac OS X 10_9_3) AppleWebKit/537.36 (KHTML, like Gecko) Chrome/35.0.1916.153 Safari/537.36"
133.20.136.170 - - [14/Jun/2014:10:37:35 -0400] "GET /home HTTP/1.1" 200 1826 "-" "Mozilla/5.0 (Macintosh; Intel Mac OS X 10_9_4) AppleWebKit/537.77.4 (KHTML, like Gecko) Version/7.0.5 Safari/537.77.4"
21.22.210.76 - - [14/Jun/2014:10:37:36 -0400] "GET /department/fitness HTTP/1.1" 200 1357 "-" "Mozilla/5.0 (Windows NT 6.3; WOW64) AppleWebKit/537.36 (KHTML, like Gecko) Chrome/35.0.1916.153 Safari/537.36"
217.89.36.129 - - [14/Jun/2014:10:37:36 -0400] "GET /department/footwear/category/strength%20training HTTP/1.1" 200 1380 "-" "Mozilla/5.0 (Windows NT 6.1; WOW64) AppleWebKit/537.36 (KHTML, like Gecko) Chrome/35.0.1916.153 Safari/537.36"
118.155.115.238 - - [14/Jun/2014:10:37:36 -0400] "GET /home HTTP/1.1" 200 1349 "-" "Mozilla/5.0 (Macintosh; Intel Mac OS X 10_9_3) AppleWebKit/537.36 (KHTML, like Gecko) Chrome/35.0.1916.153 Safari/537.36"
189.205.165.122 - - [14/Jun/2014:10:37:37 -0400] "GET /department/apparel/category/featured%20shops HTTP/1.1" 200 586 "-" "Mozilla/5.0 (Windows NT 6.1; WOW64; rv:30.0) Gecko/20100101 Firefox/30.0"
195.182.254.56 - - [14/Jun/2014:10:37:37 -0400] "GET /department/fitness HTTP/1.1" 200 891 "-" "Mozilla/5.0 (Macintosh; Intel Mac OS X 10_9_4) AppleWebKit/537.77.4 (KHTML, like Gecko) Version/7.0.5 Safari/537.77.4"
50.23.66.113 - - [14/Jun/2014:10:37:37 -0400] "GET /home HTTP/1.1" 200 901 "-" "Mozilla/5.0 (Windows NT 6.1; WOW64) AppleWebKit/537.36 (KHTML, like Gecko) Chrome/35.0.1916.153 Safari/537.36"
72.37.239.169 - - [14/Jun/2014:10:37:38 -0400] "GET /home HTTP/1.1" 200 662 "-" "Mozilla/5.0 (Macintosh; Intel Mac OS X 10_9_4) AppleWebKit/537.36 (KHTML, like Gecko) Chrome/35.0.1916.153 Safari/537.36"
41.250.86.29 - - [14/Jun/2014:10:37:38 -0400] "GET /department/apparel/category/cleats HTTP/1.1" 200 591 "-" "Mozilla/5.0 (Windows NT 6.1; WOW64) AppleWebKit/537.36 (KHTML, like Gecko) Chrome/35.0.1916.153 Safari/537.36"
220.237.115.28 - - [14/Jun/2014:10:37:39 -0400] "GET /department/apparel/category/men's%20footwear HTTP/1.1" 200 2198 "-" "Mozilla/5.0 (Windows NT 6.1; WOW64; Trident/7.0; rv:11.0) like Gecko"
41.250.86.29 - - [14/Jun/2014:10:37:39 -0400] "GET /department/outdoors/category/golf%20balls HTTP/1.1" 200 1467 "-" "Mozilla/5.0 (Macintosh; Intel Mac OS X 10_9_3) AppleWebKit/537.36 (KHTML, like Gecko) Chrome/35.0.1916.153 Safari/537.36"
220.237.115.28 - - [14/Jun/2014:10:37:39 -0400] "GET /department/apparel/category/men's%20footwear/product/Nike%20Men's%20CJ%20Elite%202%20TD%20Football%20Cleat HTTP/1.1" 200 1773 "-" "Mozilla/5.0 (Windows NT 6.1; WOW64; Trident/7.0; rv:11.0) like Gecko"
223.162.65.131 - - [14/Jun/2014:10:37:40 -0400] "GET /home HTTP/1.1" 200 429 "-" "Mozilla/5.0 (Windows NT 6.3; WOW64) AppleWebKit/537.36 (KHTML, like Gecko) Chrome/35.0.1916.153 Safari/537.36"
85.55.142.159 - - [14/Jun/2014:10:37:40 -0400] "GET /department/apparel/category/men's%20footwear/product/Nike%20Men's%20CJ%20Elite%202%20TD%20Football%20Cleat HTTP/1.1" 200 313 "-" "Mozilla/5.0 (Windows NT 6.3; WOW64) AppleWebKit/537.36 (KHTML, like Gecko) Chrome/35.0.1916.153 Safari/537.36"
133.20.136.170 - - [14/Jun/2014:10:37:40 -0400] "GET /home HTTP/1.1" 200 285 "-" "Mozilla/5.0 (Macintosh; Intel Mac OS X 10_9_4) AppleWebKit/537.77.4 (KHTML, like Gecko) Version/7.0.5 Safari/537.77.4"
21.22.210.76 - - [14/Jun/2014:10:37:41 -0400] "GET /department/golf/category/women's%20apparel/product/Nike%20Men's%20Dri-FIT%20Victory%20Golf%20Polo/add_to_cart HTTP/1.1" 200 1155 "-" "Mozilla/5.0 (Windows NT 6.1; WOW64) AppleWebKit/537.36 (KHTML, like Gecko) Chrome/35.0.1916.153 Safari/537.36"
165.54.188.125 - - [14/Jun/2014:10:37:41 -0400] "GET /department/outdoors/category/golf%20bags%20&%20carts/product/Ogio%20Race%20Golf%20Shoes/add_to_cart HTTP/1.1" 200 380 "-" "Mozilla/5.0 (Macintosh; Intel Mac OS X 10_9_3) AppleWebKit/537.76.4 (KHTML, like Gecko) Version/7.0.4 Safari/537.76.4"
220.164.87.108 - - [14/Jun/2014:10:37:41 -0400] "GET /home HTTP/1.1" 200 1885 "-" "Mozilla/5.0 (Macintosh; Intel Mac OS X 10_9_4) AppleWebKit/537.36 (KHTML, like Gecko) Chrome/35.0.1916.153 Safari/537.36"
220.164.87.108 - - [14/Jun/2014:10:37:42 -0400] "GET /support HTTP/1.1" 200 818 "-" "Mozilla/5.0 (Macintosh; Intel Mac OS X 10_9_4) AppleWebKit/537.36 (KHTML, like Gecko) Chrome/35.0.1916.153 Safari/537.36"
138.144.188.161 - - [14/Jun/2014:10:37:42 -0400] "GET /home HTTP/1.1" 200 1324 "-" "Mozilla/5.0 (Windows NT 6.3; WOW64) AppleWebKit/537.36 (KHTML, like Gecko) Chrome/35.0.1916.153 Safari/537.36"
143.94.240.149 - - [14/Jun/2014:10:37:42 -0400] "GET /home HTTP/1.1" 200 1588 "-" "Mozilla/5.0 (Windows NT 6.1; WOW64) AppleWebKit/537.36 (KHTML, like Gecko) Chrome/35.0.1916.153 Safari/537.36"
143.94.240.149 - - [14/Jun/2014:10:37:43 -0400] "GET /home HTTP/1.1" 200 1615 "-" "Mozilla/5.0 (Windows NT 6.1; WOW64) AppleWebKit/537.36 (KHTML, like Gecko) Chrome/35.0.1916.153 Safari/537.36"
220.242.192.122 - - [14/Jun/2014:10:37:43 -0400] "GET /department/fan%20shop/category/water%20sports HTTP/1.1" 200 2161 "-" "Mozilla/5.0 (Windows NT 6.1; WOW64) AppleWebKit/537.36 (KHTML, like Gecko) Chrome/35.0.1916.153 Safari/537.36"
71.250.9.143 - - [14/Jun/2014:10:37:44 -0400] "GET /department/footwear HTTP/1.1" 200 264 "-" "Mozilla/5.0 (Macintosh; Intel Mac OS X 10_9_4) AppleWebKit/537.36 (KHTML, like Gecko) Chrome/35.0.1916.153 Safari/537.36"
146.169.29.173 - - [14/Jun/2014:10:37:44 -0400] "GET /home HTTP/1.1" 200 375 "-" "Mozilla/5.0 (Macintosh; Intel Mac OS X 10_9_4) AppleWebKit/537.36 (KHTML, like Gecko) Chrome/36.0.1985.125 Safari/537.36"
189.205.165.122 - - [14/Jun/2014:10:37:44 -0400] "GET /department/golf HTTP/1.1" 200 416 "-" "Mozilla/5.0 (Windows NT 6.1; WOW64; rv:30.0) Gecko/20100101 Firefox/30.0"
176.100.98.19 - - [14/Jun/2014:10:37:45 -0400] "GET /checkout HTTP/1.1" 200 918 "-" "Mozilla/5.0 (Windows NT 6.3; WOW64) AppleWebKit/537.36 (KHTML, like Gecko) Chrome/35.0.1916.153 Safari/537.36"
118.155.115.238 - - [14/Jun/2014:10:37:45 -0400] "GET /department/golf/category/women's%20apparel/product/Nike%20Men's%20Dri-FIT%20Victory%20Golf%20Polo HTTP/1.1" 200 1868 "-" "Mozilla/5.0 (Macintosh; Intel Mac OS X 10_9_3) AppleWebKit/537.36 (KHTML, like Gecko) Chrome/35.0.1916.153 Safari/537.36"
137.95.229.186 - - [14/Jun/2014:10:37:45 -0400] "GET /home HTTP/1.1" 200 817 "-" "Mozilla/5.0 (Windows NT 6.1; WOW64) AppleWebKit/537.36 (KHTML, like Gecko) Chrome/35.0.1916.153 Safari/537.36"
36.93.192.142 - - [14/Jun/2014:10:37:46 -0400] "GET /home HTTP/1.1" 200 870 "-" "Mozilla/5.0 (Macintosh; Intel Mac OS X 10_9_3) AppleWebKit/537.36 (KHTML, like Gecko) Chrome/35.0.1916.153 Safari/537.36"
203.236.44.20 - - [14/Jun/2014:10:37:46 -0400] "GET /home HTTP/1.1" 200 1773 "-" "Mozilla/5.0 (Windows NT 6.3; WOW64; rv:30.0) Gecko/20100101 Firefox/30.0"
189.205.165.122 - - [14/Jun/2014:10:37:46 -0400] "GET /home HTTP/1.1" 200 453 "-" "Mozilla/5.0 (Macintosh; Intel Mac OS X 10_9_4) AppleWebKit/537.36 (KHTML, like Gecko) Chrome/35.0.1916.153 Safari/537.36"
10.151.89.211 - - [14/Jun/2014:10:37:47 -0400] "GET /department/outdoors/category/golf%20gloves HTTP/1.1" 200 938 "-" "Mozilla/5.0 (Windows NT 6.1; WOW64; rv:30.0) Gecko/20100101 Firefox/30.0"
174.208.224.242 - - [14/Jun/2014:10:37:47 -0400] "GET /department/footwear HTTP/1.1" 200 1165 "-" "Mozilla/5.0 (Windows NT 6.1; WOW64) AppleWebKit/537.36 (KHTML, like Gecko) Chrome/35.0.1916.153 Safari/537.36"
203.124.43.253 - - [14/Jun/2014:10:37:47 -0400] "GET /department/apparel HTTP/1.1" 200 777 "-" "Mozilla/5.0 (X11; Linux x86_64) AppleWebKit/537.36 (KHTML, like Gecko) Chrome/35.0.1916.153 Safari/537.36"
71.250.9.143 - - [14/Jun/2014:10:37:48 -0400] "GET /department/footwear/category/electronics/product/Under%20Armour%20Women's%20Ignite%20Slide HTTP/1.1" 200 1410 "-" "Mozilla/5.0 (Macintosh; Intel Mac OS X 10_9_4) AppleWebKit/537.36 (KHTML, like Gecko) Chrome/35.0.1916.153 Safari/537.36"
23.84.70.66 - - [14/Jun/2014:10:37:48 -0400] "GET /home HTTP/1.1" 200 1508 "-" "Mozilla/5.0 (Windows NT 6.1; WOW64) AppleWebKit/537.36 (KHTML, like Gecko) Chrome/35.0.1916.153 Safari/537.36"
146.169.29.173 - - [14/Jun/2014:10:37:49 -0400] "GET /department/footwear HTTP/1.1" 200 1749 "-" "Mozilla/5.0 (Windows NT 6.1; WOW64) AppleWebKit/537.36 (KHTML, like Gecko) Chrome/35.0.1916.153 Safari/537.36"
196.17.189.152 - - [14/Jun/2014:10:37:49 -0400] "GET /department/fan%20shop/category/fishing/product/Field%20&%20Stream%20Sportsman%2016%20Gun%20Fire%20Safe/add_to_cart HTTP/1.1" 200 1893 "-" "Mozilla/5.0 (Macintosh; Intel Mac OS X 10_9_3) AppleWebKit/537.36 (KHTML, like Gecko) Chrome/35.0.1916.153 Safari/537.36"
117.81.127.56 - - [14/Jun/2014:10:37:49 -0400] "GET /department/fitness HTTP/1.1" 200 1513 "-" "Mozilla/5.0 (Windows NT 6.1; WOW64) AppleWebKit/537.36 (KHTML, like Gecko) Chrome/35.0.1916.153 Safari/537.36"
217.89.36.129 - - [14/Jun/2014:10:37:50 -0400] "GET /department/outdoors/category/kids'%20golf%20clubs/product/Fitbit%20The%20One%20Wireless%20Activity%20&%20Sleep%20Trac HTTP/1.1" 200 1220 "-" "Mozilla/5.0 (Windows NT 6.1; WOW64) AppleWebKit/537.36 (KHTML, like Gecko) Chrome/35.0.1916.153 Safari/537.36"
171.24.149.134 - - [14/Jun/2014:10:37:50 -0400] "GET /department/fitness/category/tennis%20&%20racquet/product/Nike%20Men's%20Comfort%202%20Slide HTTP/1.1" 200 1554 "-" "Mozilla/5.0 (Windows NT 6.1; WOW64) AppleWebKit/537.36 (KHTML, like Gecko) Chrome/35.0.1916.153 Safari/537.36"
195.182.254.56 - - [14/Jun/2014:10:37:50 -0400] "GET /department/apparel HTTP/1.1" 200 1428 "-" "Mozilla/5.0 (Windows NT 6.1; WOW64) AppleWebKit/537.36 (KHTML, like Gecko) Chrome/35.0.1916.153 Safari/537.36"
143.94.240.149 - - [14/Jun/2014:10:37:51 -0400] "GET /department/apparel/category/featured%20shops HTTP/1.1" 200 606 "-" "Mozilla/5.0 (Windows NT 6.1; WOW64) AppleWebKit/537.36 (KHTML, like Gecko) Chrome/35.0.1916.153 Safari/537.36"
174.208.224.242 - - [14/Jun/2014:10:37:51 -0400] "GET /home HTTP/1.1" 200 1782 "-" "Mozilla/5.0 (Windows NT 6.1; WOW64) AppleWebKit/537.36 (KHTML, like Gecko) Chrome/35.0.1916.153 Safari/537.36"
165.54.188.125 - - [14/Jun/2014:10:37:51 -0400] "GET /department/footwear/category/boxing%20&%20mma HTTP/1.1" 200 1613 "-" "Mozilla/5.0 (Windows NT 6.1; WOW64; rv:30.0) Gecko/20100101 Firefox/30.0"
18.168.113.227 - - [14/Jun/2014:10:37:52 -0400] "GET /home HTTP/1.1" 200 1120 "-" "Mozilla/5.0 (Windows NT 6.1; WOW64; rv:30.0) Gecko/20100101 Firefox/30.0"
50.23.66.113 - - [14/Jun/2014:10:37:52 -0400] "GET /department/apparel/category/cleats/product/Perfect%20Fitness%20Perfect%20Rip%20Deck HTTP/1.1" 200 570 "-" "Mozilla/5.0 (Windows NT 6.1; WOW64) AppleWebKit/537.36 (KHTML, like Gecko) Chrome/35.0.1916.153 Safari/537.36"
209.28.190.133 - - [14/Jun/2014:10:37:52 -0400] "GET /home HTTP/1.1" 200 2084 "-" "Mozilla/5.0 (Macintosh; Intel Mac OS X 10_9_3) AppleWebKit/537.36 (KHTML, like Gecko) Chrome/35.0.1916.153 Safari/537.36"
41.250.86.29 - - [14/Jun/2014:10:37:53 -0400] "GET /department/fitness/category/lacrosse HTTP/1.1" 200 758 "-" "Mozilla/5.0 (Macintosh; Intel Mac OS X 10_9_4) AppleWebKit/537.36 (KHTML, like Gecko) Chrome/35.0.1916.153 Safari/537.36"
23.84.70.66 - - [14/Jun/2014:10:37:53 -0400] "GET /department/footwear/category/cardio%20equipment HTTP/1.1" 200 221 "-" "Mozilla/5.0 (Windows NT 6.1; WOW64; Trident/7.0; rv:11.0) like Gecko"
111.203.179.87 - - [14/Jun/2014:10:37:53 -0400] "GET /department/fitness/category/tennis%20&%20racquet HTTP/1.1" 200 1672 "-" "Mozilla/5.0 (Windows NT 6.3; WOW64) AppleWebKit/537.36 (KHTML, like Gecko) Chrome/35.0.1916.153 Safari/537.36"
69.109.16.108 - - [14/Jun/2014:10:37:54 -0400] "GET /home HTTP/1.1" 200 386 "-" "Mozilla/5.0 (X11; Linux x86_64) AppleWebKit/537.36 (KHTML, like Gecko) Chrome/35.0.1916.153 Safari/537.36"
3.222.94.3 - - [14/Jun/2014:10:37:54 -0400] "GET /home HTTP/1.1" 200 403 "-" "Mozilla/5.0 (Macintosh; Intel Mac OS X 10_9_4) AppleWebKit/537.77.4 (KHTML, like Gecko) Version/7.0.5 Safari/537.77.4"
162.235.161.200 - - [14/Jun/2014:10:37:55 -0400] "GET /home HTTP/1.1" 200 350 "-" "Mozilla/5.0 (Windows NT 6.1; WOW64) AppleWebKit/537.36 (KHTML, like Gecko) Chrome/36.0.1985.125 Safari/537.36"
165.54.188.125 - - [14/Jun/2014:10:37:55 -0400] "GET /support HTTP/1.1" 200 943 "-" "Mozilla/5.0 (Windows NT 6.1; WOW64; rv:30.0) Gecko/20100101 Firefox/30.0"
66.169.18.111 - - [14/Jun/2014:10:37:55 -0400] "GET /home HTTP/1.1" 200 1476 "-" "Mozilla/5.0 (Macintosh; Intel Mac OS X 10_9_3) AppleWebKit/537.36 (KHTML, like Gecko) Chrome/35.0.1916.153 Safari/537.36"
118.155.115.238 - - [14/Jun/2014:10:37:56 -0400] "GET /support HTTP/1.1" 200 2154 "-" "Mozilla/5.0 (Macintosh; Intel Mac OS X 10_9_3) AppleWebKit/537.36 (KHTML, like Gecko) Chrome/35.0.1916.153 Safari/537.36"
56.251.19.230 - - [14/Jun/2014:10:37:56 -0400] "GET /department/fan%20shop/category/camping%20&%20hiking HTTP/1.1" 200 1176 "-" "Mozilla/5.0 (Windows NT 6.1; WOW64) AppleWebKit/537.36 (KHTML, like Gecko) Chrome/35.0.1916.153 Safari/537.36"
36.93.192.142 - - [14/Jun/2014:10:37:56 -0400] "GET /department/fan%20shop/category/camping%20&%20hiking HTTP/1.1" 200 1712 "-" "Mozilla/5.0 (Macintosh; Intel Mac OS X 10_9_3) AppleWebKit/537.36 (KHTML, like Gecko) Chrome/35.0.1916.153 Safari/537.36"
143.94.240.149 - - [14/Jun/2014:10:37:57 -0400] "GET /department/fan%20shop/category/indoor/outdoor%20games/product/O'Brien%20Men's%20Neoprene%20Life%20Vest/add_to_cart HTTP/1.1" 200 1777 "-" "Mozilla/5.0 (Windows NT 6.1) AppleWebKit/537.36 (KHTML, like Gecko) Chrome/35.0.1916.153 Safari/537.36"
203.124.43.253 - - [14/Jun/2014:10:37:57 -0400] "GET /department/fan%20shop HTTP/1.1" 200 698 "-" "Mozilla/5.0 (Macintosh; Intel Mac OS X 10.9; rv:30.0) Gecko/20100101 Firefox/30.0"
176.100.98.19 - - [14/Jun/2014:10:37:57 -0400] "GET /department/golf/category/shop%20by%20sport/product/Columbia%20Men's%20PFG%20Anchor%20Tough%20T-Shirt HTTP/1.1" 200 1195 "-" "Mozilla/5.0 (Macintosh; Intel Mac OS X 10.9; rv:30.0) Gecko/20100101 Firefox/30.0"
133.20.136.170 - - [14/Jun/2014:10:37:58 -0400] "GET /department/outdoors/category/golf%20balls HTTP/1.1" 200 1021 "-" "Mozilla/5.0 (Windows NT 6.1; WOW64) AppleWebKit/537.36 (KHTML, like Gecko) Chrome/35.0.1916.153 Safari/537.36"
176.100.98.19 - - [14/Jun/2014:10:37:58 -0400] "GET /checkout HTTP/1.1" 200 1835 "-" "Mozilla/5.0 (Macintosh; Intel Mac OS X 10_9_4) AppleWebKit/537.36 (KHTML, like Gecko) Chrome/35.0.1916.153 Safari/537.36"
35.115.21.150 - - [14/Jun/2014:10:37:58 -0400] "GET /department/footwear/category/cardio%20equipment/product/Nike%20Men's%20Free%205.0+%20Running%20Shoe HTTP/1.1" 200 1286 "-" "Mozilla/5.0 (Windows NT 6.1; WOW64) AppleWebKit/537.36 (KHTML, like Gecko) Chrome/35.0.1916.153 Safari/537.36"
3.222.94.3 - - [14/Jun/2014:10:37:59 -0400] "GET /home HTTP/1.1" 200 1238 "-" "Mozilla/5.0 (Macintosh; Intel Mac OS X 10_9_4) AppleWebKit/537.77.4 (KHTML, like Gecko) Version/7.0.5 Safari/537.77.4"
203.236.44.20 - - [14/Jun/2014:10:37:59 -0400] "GET /department/fitness HTTP/1.1" 200 1423 "-" "Mozilla/5.0 (Macintosh; Intel Mac OS X 10_9_4) AppleWebKit/537.36 (KHTML, like Gecko) Chrome/35.0.1916.153 Safari/537.36"
133.20.136.170 - - [14/Jun/2014:10:38:00 -0400] "GET /department/fitness HTTP/1.1" 200 924 "-" "Mozilla/5.0 (Macintosh; Intel Mac OS X 10_9_4) AppleWebKit/537.77.4 (KHTML, like Gecko) Version/7.0.5 Safari/537.77.4"
41.250.86.29 - - [14/Jun/2014:10:38:00 -0400] "GET /department/apparel/category/featured%20shops HTTP/1.1" 200 1542 "-" "Mozilla/5.0 (Macintosh; Intel Mac OS X 10_9_3) AppleWebKit/537.76.4 (KHTML, like Gecko) Version/7.0.4 Safari/537.76.4"
14.220.19.89 - - [14/Jun/2014:10:38:00 -0400] "GET /view_cart HTTP/1.1" 200 1975 "-" "Mozilla/5.0 (Windows NT 6.3; WOW64) AppleWebKit/537.36 (KHTML, like Gecko) Chrome/35.0.1916.153 Safari/537.36"
50.23.66.113 - - [14/Jun/2014:10:38:01 -0400] "GET /department/apparel/category/cleats/product/Perfect%20Fitness%20Perfect%20Rip%20Deck HTTP/1.1" 200 1243 "-" "Mozilla/5.0 (Windows NT 6.1; WOW64) AppleWebKit/537.36 (KHTML, like Gecko) Chrome/35.0.1916.153 Safari/537.36"
146.169.29.173 - - [14/Jun/2014:10:38:01 -0400] "GET /home HTTP/1.1" 200 667 "-" "Mozilla/5.0 (Windows NT 6.1; WOW64) AppleWebKit/537.36 (KHTML, like Gecko) Chrome/35.0.1916.153 Safari/537.36"
66.169.18.111 - - [14/Jun/2014:10:38:01 -0400] "GET /department/fan%20shop/category/camping%20&%20hiking/product/Diamondback%20Women's%20Serene%20Classic%20Comfort%20Bi HTTP/1.1" 200 754 "-" "Mozilla/5.0 (Macintosh; Intel Mac OS X 10_9_4) AppleWebKit/537.36 (KHTML, like Gecko) Chrome/36.0.1985.125 Safari/537.36"
220.164.87.108 - - [14/Jun/2014:10:38:02 -0400] "GET /department/fitness/category/basketball HTTP/1.1" 200 735 "-" "Mozilla/5.0 (Macintosh; Intel Mac OS X 10_9_4) AppleWebKit/537.36 (KHTML, like Gecko) Chrome/35.0.1916.153 Safari/537.36"
162.235.161.200 - - [14/Jun/2014:10:38:02 -0400] "GET /checkout HTTP/1.1" 200 1646 "-" "Mozilla/5.0 (X11; Ubuntu; Linux x86_64; rv:30.0) Gecko/20100101 Firefox/30.0"
50.132.210.169 - - [14/Jun/2014:10:38:02 -0400] "GET /department/golf HTTP/1.1" 200 994 "-" "Mozilla/5.0 (Windows NT 6.1; WOW64) AppleWebKit/537.36 (KHTML, like Gecko) Chrome/35.0.1916.153 Safari/537.36"
194.138.151.68 - - [14/Jun/2014:10:38:03 -0400] "GET /home HTTP/1.1" 200 562 "-" "Mozilla/5.0 (Windows NT 6.1; WOW64) AppleWebKit/537.36 (KHTML, like Gecko) Chrome/36.0.1985.125 Safari/537.36"
138.250.94.254 - - [14/Jun/2014:10:38:03 -0400] "GET /support HTTP/1.1" 200 1715 "-" "Mozilla/5.0 (Windows NT 6.1; WOW64; rv:30.0) Gecko/20100101 Firefox/30.0"
209.28.190.133 - - [14/Jun/2014:10:38:03 -0400] "GET /department/fitness HTTP/1.1" 200 2020 "-" "Mozilla/5.0 (Macintosh; Intel Mac OS X 10_9_4) AppleWebKit/537.36 (KHTML, like Gecko) Chrome/35.0.1916.153 Safari/537.36"
192.77.121.142 - - [14/Jun/2014:10:38:04 -0400] "GET /home HTTP/1.1" 200 1795 "-" "Mozilla/5.0 (Macintosh; Intel Mac OS X 10_9_3) AppleWebKit/537.36 (KHTML, like Gecko) Chrome/35.0.1916.153 Safari/537.36"
85.55.142.159 - - [14/Jun/2014:10:38:04 -0400] "GET /department/apparel HTTP/1.1" 200 501 "-" "Mozilla/5.0 (Windows NT 6.3; WOW64) AppleWebKit/537.36 (KHTML, like Gecko) Chrome/35.0.1916.153 Safari/537.36"
14.220.19.89 - - [14/Jun/2014:10:38:05 -0400] "GET /department/fan%20shop/category/camping%20&%20hiking HTTP/1.1" 200 887 "-" "Mozilla/5.0 (Windows NT 6.3; WOW64) AppleWebKit/537.36 (KHTML, like Gecko) Chrome/35.0.1916.153 Safari/537.36"
156.38.180.222 - - [14/Jun/2014:10:38:05 -0400] "GET /department/fitness HTTP/1.1" 200 412 "-" "Mozilla/5.0 (Macintosh; Intel Mac OS X 10_9_3) AppleWebKit/537.36 (KHTML, like Gecko) Chrome/35.0.1916.153 Safari/537.36"
189.205.165.122 - - [14/Jun/2014:10:38:05 -0400] "GET /department/footwear/category/cardio%20equipment/product/Nike%20Men's%20Free%205.0+%20Running%20Shoe HTTP/1.1" 200 1481 "-" "Mozilla/5.0 (Macintosh; Intel Mac OS X 10_9_3) AppleWebKit/537.76.4 (KHTML, like Gecko) Version/7.0.4 Safari/537.76.4"
85.55.142.159 - - [14/Jun/2014:10:38:06 -0400] "GET /department/fitness/category/lacrosse/product/Under%20Armour%20Men's%20Tech%20II%20T-Shirt/add_to_cart HTTP/1.1" 200 647 "-" "Mozilla/5.0 (Macintosh; Intel Mac OS X 10_9_3) AppleWebKit/537.36 (KHTML, like Gecko) Chrome/35.0.1916.153 Safari/537.36"
220.164.87.108 - - [14/Jun/2014:10:38:06 -0400] "GET /home HTTP/1.1" 200 1869 "-" "Mozilla/5.0 (Macintosh; Intel Mac OS X 10_9_4) AppleWebKit/537.36 (KHTML, like Gecko) Chrome/35.0.1916.153 Safari/537.36"
56.251.19.230 - - [14/Jun/2014:10:38:06 -0400] "GET /department/fan%20shop HTTP/1.1" 200 1179 "-" "Mozilla/5.0 (Windows NT 6.1; WOW64) AppleWebKit/537.36 (KHTML, like Gecko) Chrome/35.0.1916.153 Safari/537.36"
125.210.40.70 - - [14/Jun/2014:10:38:07 -0400] "GET /department/apparel/category/featured%20shops HTTP/1.1" 200 772 "-" "Mozilla/5.0 (Windows NT 6.1; WOW64; Trident/7.0; rv:11.0) like Gecko"
36.93.192.142 - - [14/Jun/2014:10:38:07 -0400] "GET /department/fan%20shop/category/hunting%20&%20shooting HTTP/1.1" 200 658 "-" "Mozilla/5.0 (X11; Linux x86_64) AppleWebKit/537.36 (KHTML, like Gecko) Chrome/35.0.1916.153 Safari/537.36"
41.250.86.29 - - [14/Jun/2014:10:38:07 -0400] "GET /department/outdoors HTTP/1.1" 200 1563 "-" "Mozilla/5.0 (Macintosh; Intel Mac OS X 10_9_3) AppleWebKit/537.36 (KHTML, like Gecko) Chrome/35.0.1916.153 Safari/537.36"
36.44.59.115 - - [14/Jun/2014:10:38:08 -0400] "GET /department/golf HTTP/1.1" 200 1098 "-" "Mozilla/5.0 (Macintosh; Intel Mac OS X 10_9_3) AppleWebKit/537.36 (KHTML, like Gecko) Chrome/35.0.1916.153 Safari/537.36"
220.164.87.108 - - [14/Jun/2014:10:38:08 -0400] "GET /department/fan%20shop/category/water%20sports HTTP/1.1" 200 1929 "-" "Mozilla/5.0 (Macintosh; Intel Mac OS X 10_9_4) AppleWebKit/537.36 (KHTML, like Gecko) Chrome/35.0.1916.153 Safari/537.36"
117.81.127.56 - - [14/Jun/2014:10:38:08 -0400] "GET /department/golf/category/girls'%20apparel/product/adidas%20Youth%20Germany%20Black/Red%20Away%20Match%20Soc HTTP/1.1" 200 953 "-" "Mozilla/5.0 (Windows NT 6.1; WOW64) AppleWebKit/537.36 (KHTML, like Gecko) Chrome/35.0.1916.153 Safari/537.36"
138.168.77.138 - - [14/Jun/2014:10:38:09 -0400] "GET /home HTTP/1.1" 200 1303 "-" "Mozilla/5.0 (Windows NT 6.1; WOW64) AppleWebKit/537.36 (KHTML, like Gecko) Chrome/35.0.1916.153 Safari/537.36"
113.143.229.102 - - [14/Jun/2014:10:38:09 -0400] "GET /department/footwear/category/strength%20training/product/SOLE%20E35%20Elliptical HTTP/1.1" 503 285 "-" "Mozilla/5.0 (Windows NT 6.1; WOW64) AppleWebKit/537.36 (KHTML, like Gecko) Chrome/35.0.1916.153 Safari/537.36"
78.148.1.150 - - [14/Jun/2014:10:38:10 -0400] "GET /department/apparel HTTP/1.1" 200 298 "-" "Mozilla/5.0 (Windows NT 6.1; WOW64; rv:30.0) Gecko/20100101 Firefox/30.0"
50.23.66.113 - - [14/Jun/2014:10:38:10 -0400] "GET /department/apparel/category/cleats/product/Perfect%20Fitness%20Perfect%20Rip%20Deck HTTP/1.1" 200 1807 "-" "Mozilla/5.0 (Windows NT 6.1; WOW64) AppleWebKit/537.36 (KHTML, like Gecko) Chrome/35.0.1916.153 Safari/537.36"
138.144.188.161 - - [14/Jun/2014:10:38:10 -0400] "GET /department/apparel/category/featured%20shops HTTP/1.1" 200 678 "-" "Mozilla/5.0 (Windows NT 6.3; WOW64) AppleWebKit/537.36 (KHTML, like Gecko) Chrome/35.0.1916.153 Safari/537.36"
36.44.59.115 - - [14/Jun/2014:10:38:11 -0400] "GET /department/golf HTTP/1.1" 200 1498 "-" "Mozilla/5.0 (Windows NT 6.3; WOW64; rv:30.0) Gecko/20100101 Firefox/30.0"
111.203.179.87 - - [14/Jun/2014:10:38:11 -0400] "GET /home HTTP/1.1" 200 261 "-" "Mozilla/5.0 (Windows NT 6.3; WOW64) AppleWebKit/537.36 (KHTML, like Gecko) Chrome/35.0.1916.153 Safari/537.36"
154.197.121.167 - - [14/Jun/2014:10:38:11 -0400] "GET /department/fan%20shop/category/camping%20&%20hiking/product/Diamondback%20Women's%20Serene%20Classic%20Comfort%20Bi/add_to_cart HTTP/1.1" 200 1021 "-" "Mozilla/5.0 (X11; Ubuntu; Linux x86_64; rv:30.0) Gecko/20100101 Firefox/30.0"
220.237.115.28 - - [14/Jun/2014:10:38:12 -0400] "GET /department/apparel/category/cleats/product/Perfect%20Fitness%20Perfect%20Rip%20Deck HTTP/1.1" 200 902 "-" "Mozilla/5.0 (Windows NT 6.1; WOW64; rv:30.0) Gecko/20100101 Firefox/30.0"
28.220.241.37 - - [14/Jun/2014:10:38:12 -0400] "GET /home HTTP/1.1" 200 459 "-" "Mozilla/5.0 (Macintosh; Intel Mac OS X 10_9_4) AppleWebKit/537.77.4 (KHTML, like Gecko) Version/7.0.5 Safari/537.77.4"
220.242.192.122 - - [14/Jun/2014:10:38:12 -0400] "GET /department/fan%20shop HTTP/1.1" 200 1755 "-" "Mozilla/5.0 (Windows NT 6.1; WOW64) AppleWebKit/537.36 (KHTML, like Gecko) Chrome/35.0.1916.153 Safari/537.36"
