172.94.201.230 - - [14/Jun/2014:10:34:11 -0400] "GET /department/outdoors HTTP/1.1" 200 1496 "-" "Mozilla/5.0 (Macintosh; Intel Mac OS X 10_9_4) AppleWebKit/537.77.4 (KHTML, like Gecko) Version/7.0.5 Safari/537.77.4"
133.20.136.170 - - [14/Jun/2014:10:34:12 -0400] "GET /department/fan%20shop/category/hunting%20&%20shooting HTTP/1.1" 200 1350 "-" "Mozilla/5.0 (Windows NT 6.1; WOW64) AppleWebKit/537.36 (KHTML, like Gecko) Chrome/35.0.1916.153 Safari/537.36"
36.44.59.115 - - [14/Jun/2014:10:34:12 -0400] "GET /department/outdoors/category/golf%20balls HTTP/1.1" 200 772 "-" "Mozilla/5.0 (Windows NT 6.1; WOW64; Trident/7.0; rv:11.0) like Gecko"
3.222.94.3 - - [14/Jun/2014:10:34:12 -0400] "GET /home HTTP/1.1" 200 397 "-" "Mozilla/5.0 (Windows NT 6.1; WOW64; rv:30.0) Gecko/20100101 Firefox/30.0"
41.250.86.29 - - [14/Jun/2014:10:34:13 -0400] "GET /home HTTP/1.1" 200 1102 "-" "Mozilla/5.0 (X11; Linux x86_64) AppleWebKit/537.36 (KHTML, like Gecko) Chrome/35.0.1916.153 Safari/537.36"
150.47.54.136 - - [14/Jun/2014:10:34:13 -0400] "GET /department/outdoors/category/golf%20shoes/product/LIJA%20Women's%20Button%20Golf%20Dress/add_to_cart HTTP/1.1" 200 243 "-" "Mozilla/5.0 (Windows NT 6.1; WOW64) AppleWebKit/537.36 (KHTML, like Gecko) Chrome/35.0.1916.153 Safari/537.36"
203.236.44.20 - - [14/Jun/2014:10:34:13 -0400] "GET /department/fan%20shop/category/fishing HTTP/1.1" 200 1107 "-" "Mozilla/5.0 (Windows NT 6.1; WOW64) AppleWebKit/537.36 (KHTML, like Gecko) Chrome/35.0.1916.153 Safari/537.36"
111.203.179.87 - - [14/Jun/2014:10:34:14 -0400] "GET /department/footwear HTTP/1.1" 200 1170 "-" "Mozilla/5.0 (X11; Ubuntu; Linux x86_64; rv:30.0) Gecko/20100101 Firefox/30.0"
119.120.93.149 - - [14/Jun/2014:10:34:14 -0400] "GET /home HTTP/1.1" 200 274 "-" "Mozilla/5.0 (Windows NT 6.1; WOW64; rv:30.0) Gecko/20100101 Firefox/30.0"
174.208.224.242 - - [14/Jun/2014:10:34:14 -0400] "GET /department/apparel/category/cleats/product/Perfect%20Fitness%20Perfect%20Rip%20Deck/add_to_cart HTTP/1.1" 200 1985 "-" "Mozilla/5.0 (Macintosh; Intel Mac OS X 10_9_4) AppleWebKit/537.77.4 (KHTML, like Gecko) Version/7.0.5 Safari/537.77.4"
63.96.175.115 - - [14/Jun/2014:10:34:15 -0400] "GET /department/fan%20shop/category/water%20sports/product/Pelican%20Sunstream%20100%20Kayak HTTP/1.1" 200 237 "-" "Mozilla/5.0 (Windows NT 6.1; WOW64) AppleWebKit/537.36 (KHTML, like Gecko) Chrome/36.0.1985.125 Safari/537.36"
63.96.175.115 - - [14/Jun/2014:10:34:15 -0400] "GET /department/footwear/category/electronics/product/Under%20Armour%20Kids'%20Mercenary%20Slide HTTP/1.1" 200 380 "-" "Mozilla/5.0 (Windows NT 6.1; WOW64) AppleWebKit/537.36 (KHTML, like Gecko) Chrome/35.0.1916.153 Safari/537.36"
223.162.65.131 - - [14/Jun/2014:10:34:16 -0400] "GET /view_cart HTTP/1.1" 200 646 "-" "Mozilla/5.0 (Windows NT 6.1; WOW64) AppleWebKit/537.36 (KHTML, like Gecko) Chrome/35.0.1916.153 Safari/537.36"
18.168.113.227 - - [14/Jun/2014:10:34:16 -0400] "GET /department/golf/category/women's%20apparel/product/Nike%20Men's%20Dri-FIT%20Victory%20Golf%20Polo/add_to_cart HTTP/1.1" 200 531 "-" "Mozilla/5.0 (Windows NT 6.1; WOW64) AppleWebKit/537.36 (KHTML, like Gecko) Chrome/35.0.1916.153 Safari/537.36"
103.9.12.197 - - [14/Jun/2014:10:34:16 -0400] "GET /support HTTP/1.1" 200 1402 "-" "Mozilla/5.0 (Windows NT 6.1; WOW64; rv:30.0) Gecko/20100101 Firefox/30.0"
158.147.13.248 - - [14/Jun/2014:10:34:17 -0400] "GET /department/outdoors/category/golf%20apparel/product/Cleveland%20Golf%20Women's%20588%20RTX%20CB%20Satin%20Chrom/add_to_cart HTTP/1.1" 200 916 "-" "Mozilla/5.0 (Macintosh; Intel Mac OS X 10_9_3) AppleWebKit/537.36 (KHTML, like Gecko) Chrome/35.0.1916.153 Safari/537.36"
150.47.54.136 - - [14/Jun/2014:10:34:17 -0400] "GET /department/outdoors/category/kids'%20golf%20clubs HTTP/1.1" 200 667 "-" "Mozilla/5.0 (Windows NT 6.1; WOW64) AppleWebKit/537.36 (KHTML, like Gecko) Chrome/35.0.1916.153 Safari/537.36"
172.94.201.230 - - [14/Jun/2014:10:34:17 -0400] "GET /department/fitness HTTP/1.1" 200 1748 "-" "Mozilla/5.0 (Windows NT 6.1; WOW64) AppleWebKit/537.36 (KHTML, like Gecko) Chrome/35.0.1916.153 Safari/537.36"
192.77.121.142 - - [14/Jun/2014:10:34:18 -0400] "GET /department/footwear/category/electronics/product/Under%20Armour%20Women's%20Ignite%20Slide HTTP/1.1" 200 882 "-" "Mozilla/5.0 (Windows NT 6.1; WOW64) AppleWebKit/537.36 (KHTML, like Gecko) Chrome/35.0.1916.153 Safari/537.36"
102.109.161.230 - - [14/Jun/2014:10:34:18 -0400] "GET /department/footwear HTTP/1.1" 200 1524 "-" "Mozilla/5.0 (Windows NT 6.3; WOW64) AppleWebKit/537.36 (KHTML, like Gecko) Chrome/35.0.1916.153 Safari/537.36"
100.98.159.99 - - [14/Jun/2014:10:34:18 -0400] "GET /department/golf HTTP/1.1" 200 1128 "-" "Mozilla/5.0 (X11; Linux x86_64) AppleWebKit/537.36 (KHTML, like Gecko) Chrome/35.0.1916.153 Safari/537.36"
27.241.13.144 - - [14/Jun/2014:10:34:19 -0400] "GET /home HTTP/1.1" 200 797 "-" "Mozilla/5.0 (Windows NT 6.1; rv:30.0) Gecko/20100101 Firefox/30.0"
8.71.120.94 - - [14/Jun/2014:10:34:19 -0400] "GET /home HTTP/1.1" 200 1596 "-" "Mozilla/5.0 (Macintosh; Intel Mac OS X 10_9_3) AppleWebKit/537.36 (KHTML, like Gecko) Chrome/35.0.1916.153 Safari/537.36"
148.65.179.239 - - [14/Jun/2014:10:34:19 -0400] "GET /home HTTP/1.1" 200 1635 "-" "Mozilla/5.0 (Windows NT 6.1; WOW64) AppleWebKit/537.36 (KHTML, like Gecko) Chrome/35.0.1916.153 Safari/537.36"
172.94.201.230 - - [14/Jun/2014:10:34:20 -0400] "GET /support HTTP/1.1" 200 1256 "-" "Mozilla/5.0 (Macintosh; Intel Mac OS X 10_9_4) AppleWebKit/537.77.4 (KHTML, like Gecko) Version/7.0.5 Safari/537.77.4"
63.96.175.115 - - [14/Jun/2014:10:34:20 -0400] "GET /department/footwear HTTP/1.1" 200 2007 "-" "Mozilla/5.0 (Windows NT 6.1; WOW64) AppleWebKit/537.36 (KHTML, like Gecko) Chrome/35.0.1916.153 Safari/537.36"
223.162.65.131 - - [14/Jun/2014:10:34:21 -0400] "GET /department/apparel HTTP/1.1" 200 1501 "-" "Mozilla/5.0 (Windows NT 6.1; WOW64) AppleWebKit/537.36 (KHTML, like Gecko) Chrome/35.0.1916.153 Safari/537.36"
79.133.215.123 - - [14/Jun/2014:10:34:21 -0400] "GET /department/fan%20shop HTTP/1.1" 200 1569 "-" "Mozilla/5.0 (Windows NT 6.1; WOW64) AppleWebKit/537.36 (KHTML, like Gecko) Chrome/35.0.1916.153 Safari/537.36"
162.235.161.200 - - [14/Jun/2014:10:34:21 -0400] "GET /home HTTP/1.1" 200 1720 "-" "Mozilla/5.0 (Macintosh; Intel Mac OS X 10_9_3) AppleWebKit/537.76.4 (KHTML, like Gecko) Version/7.0.4 Safari/537.76.4"
79.133.215.123 - - [14/Jun/2014:10:34:22 -0400] "GET /department/apparel HTTP/1.1" 200 844 "-" "Mozilla/5.0 (Windows NT 6.1; WOW64) AppleWebKit/537.36 (KHTML, like Gecko) Chrome/35.0.1916.153 Safari/537.36"
36.44.59.115 - - [14/Jun/2014:10:34:22 -0400] "GET /view_cart HTTP/1.1" 200 1166 "-" "Mozilla/5.0 (Windows NT 6.1; WOW64; Trident/7.0; rv:11.0) like Gecko"
172.94.201.230 - - [14/Jun/2014:10:34:22 -0400] "GET /department/golf HTTP/1.1" 200 1250 "-" "Mozilla/5.0 (Macintosh; Intel Mac OS X 10_9_4) AppleWebKit/537.77.4 (KHTML, like Gecko) Version/7.0.5 Safari/537.77.4"
64.246.220.203 - - [14/Jun/2014:10:34:23 -0400] "GET /department/golf/category/shop%20by%20sport/product/Under%20Armour%20Girls'%20Toddler%20Spine%20Surge%20Runni HTTP/1.1" 200 1041 "-" "Mozilla/5.0 (Macintosh; Intel Mac OS X 10_9_4) AppleWebKit/537.36 (KHTML, like Gecko) Chrome/36.0.1985.125 Safari/537.36"
214.141.107.27 - - [14/Jun/2014:10:34:23 -0400] "GET /department/fan%20shop/category/hunting%20&%20shooting HTTP/1.1" 200 570 "-" "Mozilla/5.0 (Windows NT 6.1; WOW64) AppleWebKit/537.36 (KHTML, like Gecko) Chrome/35.0.1916.153 Safari/537.36"
8.71.120.94 - - [14/Jun/2014:10:34:23 -0400] "GET /department/fitness/category/tennis%20&%20racquet HTTP/1.1" 200 1539 "-" "Mozilla/5.0 (Macintosh; Intel Mac OS X 10_9_3) AppleWebKit/537.36 (KHTML, like Gecko) Chrome/35.0.1916.153 Safari/537.36"
8.71.120.94 - - [14/Jun/2014:10:34:24 -0400] "GET /department/fitness HTTP/1.1" 200 609 "-" "Mozilla/5.0 (Macintosh; Intel Mac OS X 10_9_3) AppleWebKit/537.36 (KHTML, like Gecko) Chrome/35.0.1916.153 Safari/537.36"
138.168.77.138 - - [14/Jun/2014:10:34:24 -0400] "GET /department/outdoors HTTP/1.1" 200 684 "-" "Mozilla/5.0 (Windows NT 6.1; WOW64; Trident/7.0; rv:11.0) like Gecko"
36.44.59.115 - - [14/Jun/2014:10:34:24 -0400] "GET /home HTTP/1.1" 200 1769 "-" "Mozilla/5.0 (X11; Linux x86_64) AppleWebKit/537.36 (KHTML, like Gecko) Chrome/35.0.1916.153 Safari/537.36"
113.143.229.102 - - [14/Jun/2014:10:34:25 -0400] "GET /home HTTP/1.1" 200 379 "-" "Mozilla/5.0 (Windows NT 6.1; WOW64) AppleWebKit/537.36 (KHTML, like Gecko) Chrome/35.0.1916.153 Safari/537.36"
160.135.141.240 - - [14/Jun/2014:10:34:25 -0400] "GET /home HTTP/1.1" 200 939 "-" "Mozilla/5.0 (Windows NT 6.1; WOW64) AppleWebKit/537.36 (KHTML, like Gecko) Chrome/35.0.1916.153 Safari/537.36"
214.141.107.27 - - [14/Jun/2014:10:34:26 -0400] "GET /department/fitness/category/soccer/product/Nike%20Men's%20Fingertrap%20Max%20Training%20Shoe/add_to_cart HTTP/1.1" 200 858 "-" "Mozilla/5.0 (Windows NT 6.1; WOW64; rv:30.0) Gecko/20100101 Firefox/30.0"
85.55.142.159 - - [14/Jun/2014:10:34:26 -0400] "GET /department/golf/category/women's%20apparel HTTP/1.1" 200 1855 "-" "Mozilla/5.0 (Macintosh; Intel Mac OS X 10_9_3) AppleWebKit/537.36 (KHTML, like Gecko) Chrome/35.0.1916.153 Safari/537.36"
3.222.94.3 - - [14/Jun/2014:10:34:26 -0400] "GET /department/golf/category/girls'%20apparel/product/adidas%20Youth%20Germany%20Black/Red%20Away%20Match%20Soc/add_to_cart HTTP/1.1" 200 1431 "-" "Mozilla/5.0 (Windows NT 6.1; WOW64; rv:30.0) Gecko/20100101 Firefox/30.0"
150.47.54.136 - - [14/Jun/2014:10:34:27 -0400] "GET /home HTTP/1.1" 200 2039 "-" "Mozilla/5.0 (Windows NT 6.1; WOW64) AppleWebKit/537.36 (KHTML, like Gecko) Chrome/35.0.1916.153 Safari/537.36"
11.252.83.179 - - [14/Jun/2014:10:34:27 -0400] "GET /department/footwear/category/electronics/product/Under%20Armour%20Kids'%20Mercenary%20Slide HTTP/1.1" 200 827 "-" "Mozilla/5.0 (Macintosh; Intel Mac OS X 10_9_3) AppleWebKit/537.36 (KHTML, like Gecko) Chrome/35.0.1916.153 Safari/537.36"
111.45.151.49 - - [14/Jun/2014:10:34:27 -0400] "GET /department/fan%20shop/category/camping%20&%20hiking/product/Diamondback%20Women's%20Serene%20Classic%20Comfort%20Bi HTTP/1.1" 200 578 "-" "Mozilla/5.0 (Windows NT 6.1; WOW64; rv:30.0) Gecko/20100101 Firefox/30.0"
36.44.59.115 - - [14/Jun/2014:10:34:28 -0400] "GET /home HTTP/1.1" 200 1790 "-" "Mozilla/5.0 (Macintosh; Intel Mac OS X 10_9_3) AppleWebKit/537.36 (KHTML, like Gecko) Chrome/35.0.1916.153 Safari/537.36"
14.220.19.89 - - [14/Jun/2014:10:34:28 -0400] "GET /department/fan%20shop/category/camping%20&%20hiking HTTP/1.1" 200 776 "-" "Mozilla/5.0 (Windows NT 6.1; WOW64; rv:30.0) Gecko/20100101 Firefox/30.0"
119.120.93.149 - - [14/Jun/2014:10:34:28 -0400] "GET /home HTTP/1.1" 200 1791 "-" "Mozilla/5.0 (Windows NT 6.3; WOW64) AppleWebKit/537.36 (KHTML, like Gecko) Chrome/35.0.1916.153 Safari/537.36"
63.96.175.115 - - [14/Jun/2014:10:34:29 -0400] "GET /home HTTP/1.1" 200 1380 "-" "Mozilla/5.0 (Windows NT 6.1; WOW64) AppleWebKit/537.36 (KHTML, like Gecko) Chrome/35.0.1916.153 Safari/537.36"
174.208.224.242 - - [14/Jun/2014:10:34:29 -0400] "GET /home HTTP/1.1" 200 1011 "-" "Mozilla/5.0 (Windows NT 6.1; WOW64) AppleWebKit/537.36 (KHTML, like Gecko) Chrome/35.0.1916.153 Safari/537.36"
39.244.91.133 - - [14/Jun/2014:10:34:29 -0400] "GET /view_cart HTTP/1.1" 200 1276 "-" "Mozilla/5.0 (Macintosh; Intel Mac OS X 10_9_3) AppleWebKit/537.36 (KHTML, like Gecko) Chrome/35.0.1916.153 Safari/537.36"
18.168.113.227 - - [14/Jun/2014:10:34:30 -0400] "GET /department/fan%20shop/category/indoor/outdoor%20games/product/O'Brien%20Men's%20Neoprene%20Life%20Vest HTTP/1.1" 503 1689 "-" "Mozilla/5.0 (Macintosh; Intel Mac OS X 10_9_4) AppleWebKit/537.77.4 (KHTML, like Gecko) Version/7.0.5 Safari/537.77.4"
64.246.220.203 - - [14/Jun/2014:10:34:30 -0400] "GET /department/golf/category/women's%20apparel HTTP/1.1" 200 2069 "-" "Mozilla/5.0 (Windows NT 6.1; WOW64) AppleWebKit/537.36 (KHTML, like Gecko) Chrome/35.0.1916.153 Safari/537.36"
162.235.161.200 - - [14/Jun/2014:10:34:31 -0400] "GET /department/apparel HTTP/1.1" 200 1895 "-" "Mozilla/5.0 (Macintosh; Intel Mac OS X 10_9_3) AppleWebKit/537.76.4 (KHTML, like Gecko) Version/7.0.4 Safari/537.76.4"
192.77.121.142 - - [14/Jun/2014:10:34:31 -0400] "GET /home HTTP/1.1" 200 1342 "-" "Mozilla/5.0 (Windows NT 6.1; WOW64) AppleWebKit/537.36 (KHTML, like Gecko) Chrome/35.0.1916.153 Safari/537.36"
223.162.65.131 - - [14/Jun/2014:10:34:31 -0400] "GET /home HTTP/1.1" 200 2019 "-" "Mozilla/5.0 (Windows NT 6.1; WOW64) AppleWebKit/537.36 (KHTML, like Gecko) Chrome/35.0.1916.153 Safari/537.36"
21.22.210.76 - - [14/Jun/2014:10:34:32 -0400] "GET /home HTTP/1.1" 200 688 "-" "Mozilla/5.0 (Windows NT 6.1; WOW64; rv:30.0) Gecko/20100101 Firefox/30.0"
102.109.161.230 - - [14/Jun/2014:10:34:32 -0400] "GET /department/footwear HTTP/1.1" 200 318 "-" "Mozilla/5.0 (Windows NT 6.3; WOW64) AppleWebKit/537.36 (KHTML, like Gecko) Chrome/35.0.1916.153 Safari/537.36"
103.9.12.197 - - [14/Jun/2014:10:34:32 -0400] "GET /home HTTP/1.1" 200 1030 "-" "Mozilla/5.0 (Windows NT 6.3; WOW64) AppleWebKit/537.36 (KHTML, like Gecko) Chrome/35.0.1916.153 Safari/537.36"
79.133.215.123 - - [14/Jun/2014:10:34:33 -0400] "GET /department/apparel HTTP/1.1" 200 1172 "-" "Mozilla/5.0 (Windows NT 6.1; WOW64) AppleWebKit/537.36 (KHTML, like Gecko) Chrome/35.0.1916.153 Safari/537.36"
117.81.127.56 - - [14/Jun/2014:10:34:33 -0400] "GET /view_cart HTTP/1.1" 200 2177 "-" "Mozilla/5.0 (Windows NT 6.1; WOW64) AppleWebKit/537.36 (KHTML, like Gecko) Chrome/35.0.1916.153 Safari/537.36"
36.44.59.115 - - [14/Jun/2014:10:34:33 -0400] "GET /department/outdoors/category/golf%20balls/product/Glove%20It%20Women's%20Mod%20Oval%20Golf%20Glove/add_to_cart HTTP/1.1" 200 723 "-" "Mozilla/5.0 (Windows NT 6.1; WOW64; Trident/7.0; rv:11.0) like Gecko"
88.49.150.125 - - [14/Jun/2014:10:34:34 -0400] "GET /department/fan%20shop HTTP/1.1" 200 803 "-" "Mozilla/5.0 (Macintosh; Intel Mac OS X 10_9_3) AppleWebKit/537.76.4 (KHTML, like Gecko) Version/7.0.4 Safari/537.76.4"
113.143.229.102 - - [14/Jun/2014:10:34:34 -0400] "GET /department/fitness HTTP/1.1" 200 1251 "-" "Mozilla/5.0 (Windows NT 6.1; WOW64) AppleWebKit/537.36 (KHTML, like Gecko) Chrome/35.0.1916.153 Safari/537.36"
102.109.161.230 - - [14/Jun/2014:10:34:34 -0400] "GET /home HTTP/1.1" 200 1909 "-" "Mozilla/5.0 (Windows NT 6.3; WOW64) AppleWebKit/537.36 (KHTML, like Gecko) Chrome/35.0.1916.153 Safari/537.36"
28.220.241.37 - - [14/Jun/2014:10:34:35 -0400] "GET /department/outdoors/category/golf%20bags%20&%20carts/product/Ogio%20Race%20Golf%20Shoes HTTP/1.1" 200 1175 "-" "Mozilla/5.0 (Macintosh; Intel Mac OS X 10_9_4) AppleWebKit/537.36 (KHTML, like Gecko) Chrome/35.0.1916.153 Safari/537.36"
173.69.9.204 - - [14/Jun/2014:10:34:35 -0400] "GET /department/outdoors HTTP/1.1" 200 937 "-" "Mozilla/5.0 (Windows NT 6.1; WOW64; rv:30.0) Gecko/20100101 Firefox/30.0"
34.182.67.176 - - [14/Jun/2014:10:34:35 -0400] "GET /department/outdoors/category/electronics/product/Titleist%20Pro%20V1x%20High%20Numbers%20Personalized%20Go HTTP/1.1" 200 855 "-" "Mozilla/5.0 (Windows NT 6.1; WOW64) AppleWebKit/537.36 (KHTML, like Gecko) Chrome/35.0.1916.153 Safari/537.36"
103.9.12.197 - - [14/Jun/2014:10:34:36 -0400] "GET /department/footwear HTTP/1.1" 200 1110 "-" "Mozilla/5.0 (Windows NT 6.1; WOW64) AppleWebKit/537.36 (KHTML, like Gecko) Chrome/35.0.1916.153 Safari/537.36"
148.65.179.239 - - [14/Jun/2014:10:34:36 -0400] "GET /department/outdoors HTTP/1.1" 200 2098 "-" "Mozilla/5.0 (Windows NT 6.3; WOW64) AppleWebKit/537.36 (KHTML, like Gecko) Chrome/35.0.1916.153 Safari/537.36"
11.252.83.179 - - [14/Jun/2014:10:34:37 -0400] "GET /department/footwear HTTP/1.1" 200 373 "-" "Mozilla/5.0 (Macintosh; Intel Mac OS X 10_9_3) AppleWebKit/537.36 (KHTML, like Gecko) Chrome/35.0.1916.153 Safari/537.36"
72.37.239.169 - - [14/Jun/2014:10:34:37 -0400] "GET /department/footwear/category/boxing%20&%20mma/product/Under%20Armour%20Women's%20Micro%20G%20Skulpt%20Running%20S HTTP/1.1" 200 1452 "-" "Mozilla/5.0 (Windows NT 6.1; WOW64) AppleWebKit/537.36 (KHTML, like Gecko) Chrome/35.0.1916.153 Safari/537.36"
18.168.113.227 - - [14/Jun/2014:10:34:37 -0400] "GET /home HTTP/1.1" 200 1049 "-" "Mozilla/5.0 (Macintosh; Intel Mac OS X 10_9_4) AppleWebKit/537.77.4 (KHTML, like Gecko) Version/7.0.5 Safari/537.77.4"
137.95.229.186 - - [14/Jun/2014:10:34:38 -0400] "GET /department/fan%20shop HTTP/1.1" 200 369 "-" "Mozilla/5.0 (Windows NT 6.3; WOW64) AppleWebKit/537.36 (KHTML, like Gecko) Chrome/35.0.1916.153 Safari/537.36"
138.250.94.254 - - [14/Jun/2014:10:34:38 -0400] "GET /department/footwear/category/cardio%20equipment/product/Nike%20Men's%20Free%205.0+%20Running%20Shoe/add_to_cart HTTP/1.1" 200 603 "-" "Mozilla/5.0 (Macintosh; Intel Mac OS X 10_9_4) AppleWebKit/537.36 (KHTML, like Gecko) Chrome/36.0.1985.125 Safari/537.36"
158.201.225.172 - - [14/Jun/2014:10:34:38 -0400] "GET /department/apparel/category/cleats/product/Perfect%20Fitness%20Perfect%20Rip%20Deck HTTP/1.1" 200 2072 "-" "Mozilla/5.0 (Macintosh; Intel Mac OS X 10_9_4) AppleWebKit/537.77.4 (KHTML, like Gecko) Version/7.0.5 Safari/537.77.4"
3.222.94.3 - - [14/Jun/2014:10:34:39 -0400] "GET /department/golf/category/girls'%20apparel HTTP/1.1" 200 1144 "-" "Mozilla/5.0 (Windows NT 6.1; WOW64; rv:30.0) Gecko/20100101 Firefox/30.0"
11.252.83.179 - - [14/Jun/2014:10:34:39 -0400] "GET /home HTTP/1.1" 200 2225 "-" "Mozilla/5.0 (X11; Linux x86_64) AppleWebKit/537.36 (KHTML, like Gecko) Chrome/35.0.1916.153 Safari/537.36"
79.133.215.123 - - [14/Jun/2014:10:34:39 -0400] "GET /department/fan%20shop/category/water%20sports HTTP/1.1" 200 1462 "-" "Mozilla/5.0 (Windows NT 6.1; WOW64) AppleWebKit/537.36 (KHTML, like Gecko) Chrome/35.0.1916.153 Safari/537.36"
24.90.70.130 - - [14/Jun/2014:10:34:40 -0400] "GET /home HTTP/1.1" 200 363 "-" "Mozilla/5.0 (Windows NT 6.1; WOW64) AppleWebKit/537.36 (KHTML, like Gecko) Chrome/35.0.1916.153 Safari/537.36"
66.169.18.111 - - [14/Jun/2014:10:34:40 -0400] "GET /home HTTP/1.1" 200 789 "-" "Mozilla/5.0 (Macintosh; Intel Mac OS X 10_9_4) AppleWebKit/537.77.4 (KHTML, like Gecko) Version/7.0.5 Safari/537.77.4"
35.115.21.150 - - [14/Jun/2014:10:34:40 -0400] "GET /home HTTP/1.1" 200 2104 "-" "Mozilla/5.0 (Windows NT 6.1; WOW64) AppleWebKit/537.36 (KHTML, like Gecko) Chrome/35.0.1916.153 Safari/537.36"
220.242.192.122 - - [14/Jun/2014:10:34:41 -0400] "GET /department/golf/category/women's%20apparel/product/Nike%20Men's%20Dri-FIT%20Victory%20Golf%20Polo HTTP/1.1" 200 1781 "-" "Mozilla/5.0 (Windows NT 6.1; WOW64; Trident/7.0; rv:11.0) like Gecko"
78.148.1.150 - - [14/Jun/2014:10:34:41 -0400] "GET /department/outdoors/category/golf%20bags%20&%20carts/product/Ogio%20Race%20Golf%20Shoes HTTP/1.1" 200 1149 "-" "Mozilla/5.0 (Windows NT 6.1) AppleWebKit/537.36 (KHTML, like Gecko) Chrome/35.0.1916.153 Safari/537.36"
176.100.98.19 - - [14/Jun/2014:10:34:42 -0400] "GET /department/apparel HTTP/1.1" 200 298 "-" "Mozilla/5.0 (Windows NT 6.1; WOW64) AppleWebKit/537.36 (KHTML, like Gecko) Chrome/35.0.1916.153 Safari/537.36"
35.115.21.150 - - [14/Jun/2014:10:34:42 -0400] "GET /home HTTP/1.1" 200 816 "-" "Mozilla/5.0 (Macintosh; Intel Mac OS X 10_9_3) AppleWebKit/537.36 (KHTML, like Gecko) Chrome/35.0.1916.153 Safari/537.36"
158.147.13.248 - - [14/Jun/2014:10:34:42 -0400] "GET /department/outdoors/category/golf%20apparel HTTP/1.1" 200 1526 "-" "Mozilla/5.0 (Macintosh; Intel Mac OS X 10_9_3) AppleWebKit/537.36 (KHTML, like Gecko) Chrome/35.0.1916.153 Safari/537.36"
217.89.36.129 - - [14/Jun/2014:10:34:43 -0400] "GET /department/fan%20shop HTTP/1.1" 200 860 "-" "Mozilla/5.0 (Windows NT 6.1; WOW64; rv:30.0) Gecko/20100101 Firefox/30.0"
100.158.186.50 - - [14/Jun/2014:10:34:43 -0400] "GET /home HTTP/1.1" 200 1234 "-" "Mozilla/5.0 (Windows NT 6.1; WOW64) AppleWebKit/537.36 (KHTML, like Gecko) Chrome/35.0.1916.153 Safari/537.36"
64.246.220.203 - - [14/Jun/2014:10:34:43 -0400] "GET /department/golf/category/shop%20by%20sport/product/Under%20Armour%20Girls'%20Toddler%20Spine%20Surge%20Runni/add_to_cart HTTP/1.1" 200 1614 "-" "Mozilla/5.0 (Macintosh; Intel Mac OS X 10_9_4) AppleWebKit/537.36 (KHTML, like Gecko) Chrome/36.0.1985.125 Safari/537.36"
111.203.179.87 - - [14/Jun/2014:10:34:44 -0400] "GET /view_cart HTTP/1.1" 200 1871 "-" "Mozilla/5.0 (X11; Ubuntu; Linux x86_64; rv:30.0) Gecko/20100101 Firefox/30.0"
196.92.166.82 - - [14/Jun/2014:10:34:44 -0400] "GET /department/fitness HTTP/1.1" 200 710 "-" "Mozilla/5.0 (Windows NT 6.3; WOW64; rv:30.0) Gecko/20100101 Firefox/30.0"
165.54.188.125 - - [14/Jun/2014:10:34:44 -0400] "GET /department/outdoors HTTP/1.1" 200 1575 "-" "Mozilla/5.0 (Windows NT 6.1) AppleWebKit/537.36 (KHTML, like Gecko) Chrome/35.0.1916.153 Safari/537.36"
119.120.93.149 - - [14/Jun/2014:10:34:45 -0400] "GET /view_cart HTTP/1.1" 200 774 "-" "Mozilla/5.0 (Windows NT 6.3; WOW64) AppleWebKit/537.36 (KHTML, like Gecko) Chrome/35.0.1916.153 Safari/537.36"
63.96.175.115 - - [14/Jun/2014:10:34:45 -0400] "GET /home HTTP/1.1" 200 2059 "-" "Mozilla/5.0 (Windows NT 6.1; WOW64) AppleWebKit/537.36 (KHTML, like Gecko) Chrome/35.0.1916.153 Safari/537.36"
64.246.220.203 - - [14/Jun/2014:10:34:45 -0400] "GET /department/golf/category/shop%20by%20sport/product/Under%20Armour%20Girls'%20Toddler%20Spine%20Surge%20Runni/add_to_cart HTTP/1.1" 200 1142 "-" "Mozilla/5.0 (Macintosh; Intel Mac OS X 10_9_4) AppleWebKit/537.36 (KHTML, like Gecko) Chrome/36.0.1985.125 Safari/537.36"
133.20.136.170 - - [14/Jun/2014:10:34:46 -0400] "GET /department/fan%20shop HTTP/1.1" 200 584 "-" "Mozilla/5.0 (Windows NT 6.1; WOW64) AppleWebKit/537.36 (KHTML, like Gecko) Chrome/35.0.1916.153 Safari/537.36"
11.252.83.179 - - [14/Jun/2014:10:34:46 -0400] "GET /home HTTP/1.1" 200 652 "-" "Mozilla/5.0 (X11; Linux x86_64) AppleWebKit/537.36 (KHTML, like Gecko) Chrome/35.0.1916.153 Safari/537.36"
133.20.136.170 - - [14/Jun/2014:10:34:47 -0400] "GET /home HTTP/1.1" 200 1027 "-" "Mozilla/5.0 (Windows NT 6.1; WOW64) AppleWebKit/537.36 (KHTML, like Gecko) Chrome/35.0.1916.153 Safari/537.36"
123.31.141.109 - - [14/Jun/2014:10:34:47 -0400] "GET /home HTTP/1.1" 200 546 "-" "Mozilla/5.0 (Macintosh; Intel Mac OS X 10.9; rv:30.0) Gecko/20100101 Firefox/30.0"
14.220.19.89 - - [14/Jun/2014:10:34:47 -0400] "GET /department/fan%20shop/category/camping%20&%20hiking/product/Diamondback%20Women's%20Serene%20Classic%20Comfort%20Bi/add_to_cart HTTP/1.1" 200 336 "-" "Mozilla/5.0 (Windows NT 6.1; WOW64; rv:30.0) Gecko/20100101 Firefox/30.0"
28.232.96.228 - - [14/Jun/2014:10:34:48 -0400] "GET /home HTTP/1.1" 200 790 "-" "Mozilla/5.0 (X11; Linux x86_64) AppleWebKit/537.36 (KHTML, like Gecko) Chrome/35.0.1916.153 Safari/537.36"
150.47.54.136 - - [14/Jun/2014:10:34:48 -0400] "GET /department/fan%20shop/category/water%20sports/product/Pelican%20Sunstream%20100%20Kayak HTTP/1.1" 200 432 "-" "Mozilla/5.0 (Macintosh; Intel Mac OS X 10_9_3) AppleWebKit/537.36 (KHTML, like Gecko) Chrome/35.0.1916.153 Safari/537.36"
135.102.251.22 - - [14/Jun/2014:10:34:48 -0400] "GET /department/fan%20shop/category/water%20sports HTTP/1.1" 200 1208 "-" "Mozilla/5.0 (Windows NT 6.1) AppleWebKit/537.36 (KHTML, like Gecko) Chrome/35.0.1916.153 Safari/537.36"
79.133.215.123 - - [14/Jun/2014:10:34:49 -0400] "GET /department/apparel/category/men's%20footwear/product/Nike%20Men's%20CJ%20Elite%202%20TD%20Football%20Cleat HTTP/1.1" 200 849 "-" "Mozilla/5.0 (Windows NT 6.1; WOW64) AppleWebKit/537.36 (KHTML, like Gecko) Chrome/35.0.1916.153 Safari/537.36"
203.236.44.20 - - [14/Jun/2014:10:34:49 -0400] "GET /home HTTP/1.1" 200 396 "-" "Mozilla/5.0 (Windows NT 6.1; rv:30.0) Gecko/20100101 Firefox/30.0"
223.162.65.131 - - [14/Jun/2014:10:34:49 -0400] "GET /department/footwear HTTP/1.1" 200 545 "-" "Mozilla/5.0 (Windows NT 6.1; WOW64) AppleWebKit/537.36 (KHTML, like Gecko) Chrome/35.0.1916.153 Safari/537.36"
214.141.107.27 - - [14/Jun/2014:10:34:50 -0400] "GET /home HTTP/1.1" 200 1474 "-" "Mozilla/5.0 (Windows NT 6.1; WOW64) AppleWebKit/537.36 (KHTML, like Gecko) Chrome/35.0.1916.153 Safari/537.36"
133.20.136.170 - - [14/Jun/2014:10:34:50 -0400] "GET /department/fan%20shop/category/water%20sports/product/Pelican%20Sunstream%20100%20Kayak HTTP/1.1" 200 478 "-" "Mozilla/5.0 (Windows NT 6.1; WOW64) AppleWebKit/537.36 (KHTML, like Gecko) Chrome/35.0.1916.153 Safari/537.36"
176.100.98.19 - - [14/Jun/2014:10:34:50 -0400] "GET /home HTTP/1.1" 200 935 "-" "Mozilla/5.0 (Windows NT 6.1; WOW64) AppleWebKit/537.36 (KHTML, like Gecko) Chrome/35.0.1916.153 Safari/537.36"
181.250.43.60 - - [14/Jun/2014:10:34:51 -0400] "GET /department/apparel/category/men's%20footwear HTTP/1.1" 200 1247 "-" "Mozilla/5.0 (Macintosh; Intel Mac OS X 10.9; rv:30.0) Gecko/20100101 Firefox/30.0"
50.132.210.169 - - [14/Jun/2014:10:34:51 -0400] "GET /home HTTP/1.1" 200 210 "-" "Mozilla/5.0 (Windows NT 6.1; WOW64) AppleWebKit/537.36 (KHTML, like Gecko) Chrome/35.0.1916.153 Safari/537.36"
133.20.136.170 - - [14/Jun/2014:10:34:52 -0400] "GET /department/outdoors HTTP/1.1" 200 2217 "-" "Mozilla/5.0 (Windows NT 6.1) AppleWebKit/537.36 (KHTML, like Gecko) Chrome/35.0.1916.153 Safari/537.36"
11.252.83.179 - - [14/Jun/2014:10:34:52 -0400] "GET /department/outdoors/category/accessories/product/Team%20Golf%20Tennessee%20Volunteers%20Putter%20Grip HTTP/1.1" 200 1404 "-" "Mozilla/5.0 (X11; Linux x86_64) AppleWebKit/537.36 (KHTML, like Gecko) Chrome/35.0.1916.153 Safari/537.36"
220.242.192.122 - - [14/Jun/2014:10:34:52 -0400] "GET /department/fan%20shop HTTP/1.1" 200 1217 "-" "Mozilla/5.0 (Windows NT 6.1; WOW64; Trident/7.0; rv:11.0) like Gecko"
137.95.229.186 - - [14/Jun/2014:10:34:53 -0400] "GET /department/outdoors HTTP/1.1" 200 1880 "-" "Mozilla/5.0 (Windows NT 6.3; WOW64) AppleWebKit/537.36 (KHTML, like Gecko) Chrome/35.0.1916.153 Safari/537.36"
148.65.179.239 - - [14/Jun/2014:10:34:53 -0400] "GET /department/golf/category/girls'%20apparel HTTP/1.1" 200 736 "-" "Mozilla/5.0 (Windows NT 6.3; WOW64) AppleWebKit/537.36 (KHTML, like Gecko) Chrome/35.0.1916.153 Safari/537.36"
135.102.251.22 - - [14/Jun/2014:10:34:53 -0400] "GET /department/fan%20shop/category/water%20sports/product/Pelican%20Sunstream%20100%20Kayak HTTP/1.1" 200 1965 "-" "Mozilla/5.0 (Windows NT 6.1) AppleWebKit/537.36 (KHTML, like Gecko) Chrome/35.0.1916.153 Safari/537.36"
24.90.70.130 - - [14/Jun/2014:10:34:54 -0400] "GET /view_cart HTTP/1.1" 200 344 "-" "Mozilla/5.0 (Windows NT 6.1; WOW64) AppleWebKit/537.36 (KHTML, like Gecko) Chrome/35.0.1916.153 Safari/537.36"
66.169.18.111 - - [14/Jun/2014:10:34:54 -0400] "GET /department/fitness HTTP/1.1" 200 436 "-" "Mozilla/5.0 (Macintosh; Intel Mac OS X 10_9_4) AppleWebKit/537.77.4 (KHTML, like Gecko) Version/7.0.5 Safari/537.77.4"
28.220.241.37 - - [14/Jun/2014:10:34:54 -0400] "GET /department/outdoors/category/golf%20bags%20&%20carts HTTP/1.1" 200 565 "-" "Mozilla/5.0 (Macintosh; Intel Mac OS X 10_9_4) AppleWebKit/537.36 (KHTML, like Gecko) Chrome/35.0.1916.153 Safari/537.36"
14.220.19.89 - - [14/Jun/2014:10:34:55 -0400] "GET /department/fan%20shop HTTP/1.1" 200 1267 "-" "Mozilla/5.0 (Windows NT 6.1; WOW64; rv:30.0) Gecko/20100101 Firefox/30.0"
162.235.161.200 - - [14/Jun/2014:10:34:55 -0400] "GET /view_cart HTTP/1.1" 200 960 "-" "Mozilla/5.0 (Macintosh; Intel Mac OS X 10_9_3) AppleWebKit/537.76.4 (KHTML, like Gecko) Version/7.0.4 Safari/537.76.4"
154.197.121.167 - - [14/Jun/2014:10:34:55 -0400] "GET /department/golf/category/shop%20by%20sport/product/Under%20Armour%20Girls'%20Toddler%20Spine%20Surge%20Runni HTTP/1.1" 200 1476 "-" "Mozilla/5.0 (Windows NT 6.1; WOW64; rv:30.0) Gecko/20100101 Firefox/30.0"
113.143.229.102 - - [14/Jun/2014:10:34:56 -0400] "GET /department/fitness/category/baseball%20&%20softball HTTP/1.1" 200 1252 "-" "Mozilla/5.0 (Windows NT 6.1; WOW64) AppleWebKit/537.36 (KHTML, like Gecko) Chrome/35.0.1916.153 Safari/537.36"
27.241.13.144 - - [14/Jun/2014:10:34:56 -0400] "GET /department/outdoors/category/golf%20gloves HTTP/1.1" 200 1311 "-" "Mozilla/5.0 (Windows NT 6.1; rv:30.0) Gecko/20100101 Firefox/30.0"
133.20.136.170 - - [14/Jun/2014:10:34:57 -0400] "GET /department/fan%20shop/category/water%20sports HTTP/1.1" 200 1430 "-" "Mozilla/5.0 (Windows NT 6.1; WOW64) AppleWebKit/537.36 (KHTML, like Gecko) Chrome/35.0.1916.153 Safari/537.36"
162.235.161.200 - - [14/Jun/2014:10:34:57 -0400] "GET /department/apparel HTTP/1.1" 200 1476 "-" "Mozilla/5.0 (Macintosh; Intel Mac OS X 10_9_3) AppleWebKit/537.76.4 (KHTML, like Gecko) Version/7.0.4 Safari/537.76.4"
39.244.91.133 - - [14/Jun/2014:10:34:57 -0400] "GET /home HTTP/1.1" 404 1945 "-" "Mozilla/5.0 (Macintosh; Intel Mac OS X 10_9_3) AppleWebKit/537.36 (KHTML, like Gecko) Chrome/35.0.1916.153 Safari/537.36"
111.203.179.87 - - [14/Jun/2014:10:34:58 -0400] "GET /department/footwear/category/strength%20training/product/SOLE%20E35%20Elliptical/add_to_cart HTTP/1.1" 200 2097 "-" "Mozilla/5.0 (X11; Ubuntu; Linux x86_64; rv:30.0) Gecko/20100101 Firefox/30.0"
203.236.44.20 - - [14/Jun/2014:10:34:58 -0400] "GET /department/footwear/category/cardio%20equipment HTTP/1.1" 200 691 "-" "Mozilla/5.0 (Windows NT 6.1; rv:30.0) Gecko/20100101 Firefox/30.0"
18.168.113.227 - - [14/Jun/2014:10:34:58 -0400] "GET /view_cart HTTP/1.1" 200 1477 "-" "Mozilla/5.0 (Windows NT 6.3; WOW64) AppleWebKit/537.36 (KHTML, like Gecko) Chrome/35.0.1916.153 Safari/537.36"
172.94.201.230 - - [14/Jun/2014:10:34:59 -0400] "GET /department/fan%20shop HTTP/1.1" 200 791 "-" "Mozilla/5.0 (Windows NT 6.1; WOW64) AppleWebKit/537.36 (KHTML, like Gecko) Chrome/35.0.1916.153 Safari/537.36"
100.158.186.50 - - [14/Jun/2014:10:34:59 -0400] "GET /home HTTP/1.1" 200 1428 "-" "Mozilla/5.0 (Macintosh; Intel Mac OS X 10_9_3) AppleWebKit/537.36 (KHTML, like Gecko) Chrome/35.0.1916.153 Safari/537.36"
133.20.136.170 - - [14/Jun/2014:10:34:59 -0400] "GET /department/fan%20shop HTTP/1.1" 200 206 "-" "Mozilla/5.0 (Windows NT 6.1; WOW64) AppleWebKit/537.36 (KHTML, like Gecko) Chrome/35.0.1916.153 Safari/537.36"
203.236.44.20 - - [14/Jun/2014:10:35:00 -0400] "GET /department/footwear/category/cardio%20equipment HTTP/1.1" 200 1844 "-" "Mozilla/5.0 (Windows NT 6.1; rv:30.0) Gecko/20100101 Firefox/30.0"
223.162.65.131 - - [14/Jun/2014:10:35:00 -0400] "GET /home HTTP/1.1" 200 2201 "-" "Mozilla/5.0 (Windows NT 6.1; WOW64) AppleWebKit/537.36 (KHTML, like Gecko) Chrome/35.0.1916.153 Safari/537.36"
220.242.192.122 - - [14/Jun/2014:10:35:00 -0400] "GET /home HTTP/1.1" 200 228 "-" "Mozilla/5.0 (Macintosh; Intel Mac OS X 10_9_3) AppleWebKit/537.36 (KHTML, like Gecko) Chrome/35.0.1916.153 Safari/537.36"
64.246.220.203 - - [14/Jun/2014:10:35:01 -0400] "GET /support HTTP/1.1" 200 276 "-" "Mozilla/5.0 (Macintosh; Intel Mac OS X 10_9_4) AppleWebKit/537.36 (KHTML, like Gecko) Chrome/35.0.1916.153 Safari/537.36"
73.153.158.240 - - [14/Jun/2014:10:35:01 -0400] "GET /department/golf/category/girls'%20apparel HTTP/1.1" 200 1953 "-" "Mozilla/5.0 (X11; Linux x86_64) AppleWebKit/537.36 (KHTML, like Gecko) Chrome/35.0.1916.153 Safari/537.36"
100.98.159.99 - - [14/Jun/2014:10:35:02 -0400] "GET /home HTTP/1.1" 200 594 "-" "Mozilla/5.0 (Windows NT 6.1; WOW64) AppleWebKit/537.36 (KHTML, like Gecko) Chrome/35.0.1916.153 Safari/537.36"
86.214.1.70 - - [14/Jun/2014:10:35:02 -0400] "GET /department/fitness/category/soccer/product/Nike%20Men's%20Fingertrap%20Max%20Training%20Shoe/add_to_cart HTTP/1.1" 200 502 "-" "Mozilla/5.0 (Macintosh; Intel Mac OS X 10_9_3) AppleWebKit/537.76.4 (KHTML, like Gecko) Version/7.0.4 Safari/537.76.4"
150.47.54.136 - - [14/Jun/2014:10:35:02 -0400] "GET /department/fan%20shop/category/water%20sports/product/Pelican%20Sunstream%20100%20Kayak HTTP/1.1" 200 448 "-" "Mozilla/5.0 (Macintosh; Intel Mac OS X 10_9_3) AppleWebKit/537.36 (KHTML, like Gecko) Chrome/35.0.1916.153 Safari/537.36"
171.24.149.134 - - [14/Jun/2014:10:35:03 -0400] "GET /home HTTP/1.1" 200 1247 "-" "Mozilla/5.0 (Windows NT 6.1; WOW64) AppleWebKit/537.36 (KHTML, like Gecko) Chrome/35.0.1916.153 Safari/537.36"
125.210.40.70 - - [14/Jun/2014:10:35:03 -0400] "GET /home HTTP/1.1" 200 1437 "-" "Mozilla/5.0 (Windows NT 6.1; rv:30.0) Gecko/20100101 Firefox/30.0"
28.2.61.74 - - [14/Jun/2014:10:35:03 -0400] "GET /department/footwear/category/boxing%20&%20mma/product/Nike%20Women's%20Free%205.0%20TR%20FIT%20PRT%204%20Training%20S HTTP/1.1" 200 2004 "-" "Mozilla/5.0 (Windows NT 6.1; WOW64) AppleWebKit/537.36 (KHTML, like Gecko) Chrome/35.0.1916.153 Safari/537.36"
189.205.165.122 - - [14/Jun/2014:10:35:04 -0400] "GET /department/fitness HTTP/1.1" 200 804 "-" "Mozilla/5.0 (Macintosh; Intel Mac OS X 10_9_4) AppleWebKit/537.36 (KHTML, like Gecko) Chrome/35.0.1916.153 Safari/537.36"
86.214.1.70 - - [14/Jun/2014:10:35:04 -0400] "GET /department/fan%20shop/category/indoor/outdoor%20games HTTP/1.1" 200 2119 "-" "Mozilla/5.0 (Macintosh; Intel Mac OS X 10_9_4) AppleWebKit/537.36 (KHTML, like Gecko) Chrome/36.0.1985.125 Safari/537.36"
176.100.98.19 - - [14/Jun/2014:10:35:04 -0400] "GET /department/footwear/category/strength%20training/product/SOLE%20E35%20Elliptical HTTP/1.1" 200 922 "-" "Mozilla/5.0 (Windows NT 6.1) AppleWebKit/537.36 (KHTML, like Gecko) Chrome/35.0.1916.153 Safari/537.36"
133.20.136.170 - - [14/Jun/2014:10:35:05 -0400] "GET /home HTTP/1.1" 200 1833 "-" "Mozilla/5.0 (Windows NT 6.1; WOW64) AppleWebKit/537.36 (KHTML, like Gecko) Chrome/35.0.1916.153 Safari/537.36"
123.31.141.109 - - [14/Jun/2014:10:35:05 -0400] "GET /department/apparel HTTP/1.1" 200 1288 "-" "Mozilla/5.0 (Macintosh; Intel Mac OS X 10.9; rv:30.0) Gecko/20100101 Firefox/30.0"
119.120.93.149 - - [14/Jun/2014:10:35:05 -0400] "GET /department/apparel/category/cleats/product/Perfect%20Fitness%20Perfect%20Rip%20Deck HTTP/1.1" 200 2041 "-" "Mozilla/5.0 (Windows NT 6.1; WOW64; rv:30.0) Gecko/20100101 Firefox/30.0"
63.96.175.115 - - [14/Jun/2014:10:35:06 -0400] "GET /department/outdoors HTTP/1.1" 200 725 "-" "Mozilla/5.0 (Macintosh; Intel Mac OS X 10_9_4) AppleWebKit/537.36 (KHTML, like Gecko) Chrome/35.0.1916.153 Safari/537.36"
118.155.115.238 - - [14/Jun/2014:10:35:06 -0400] "GET /department/fitness HTTP/1.1" 200 2204 "-" "Mozilla/5.0 (Macintosh; Intel Mac OS X 10_9_4) AppleWebKit/537.36 (KHTML, like Gecko) Chrome/36.0.1985.125 Safari/537.36"
86.214.1.70 - - [14/Jun/2014:10:35:07 -0400] "GET /home HTTP/1.1" 200 692 "-" "Mozilla/5.0 (Windows NT 6.3; WOW64) AppleWebKit/537.36 (KHTML, like Gecko) Chrome/35.0.1916.153 Safari/537.36"
88.49.150.125 - - [14/Jun/2014:10:35:07 -0400] "GET /home HTTP/1.1" 200 1800 "-" "Mozilla/5.0 (X11; Linux x86_64) AppleWebKit/537.36 (KHTML, like Gecko) Chrome/35.0.1916.153 Safari/537.36"
223.162.65.131 - - [14/Jun/2014:10:35:07 -0400] "GET /home HTTP/1.1" 200 1102 "-" "Mozilla/5.0 (Windows NT 6.1; WOW64) AppleWebKit/537.36 (KHTML, like Gecko) Chrome/35.0.1916.153 Safari/537.36"
119.120.93.149 - - [14/Jun/2014:10:35:08 -0400] "GET /department/fitness/category/lacrosse/product/Under%20Armour%20Men's%20Tech%20II%20T-Shirt HTTP/1.1" 200 425 "-" "Mozilla/5.0 (Windows NT 6.3; WOW64) AppleWebKit/537.36 (KHTML, like Gecko) Chrome/35.0.1916.153 Safari/537.36"
39.244.91.133 - - [14/Jun/2014:10:35:08 -0400] "GET /department/fitness HTTP/1.1" 200 1325 "-" "Mozilla/5.0 (Windows NT 6.3; WOW64) AppleWebKit/537.36 (KHTML, like Gecko) Chrome/35.0.1916.153 Safari/537.36"
214.141.107.27 - - [14/Jun/2014:10:35:08 -0400] "GET /department/apparel HTTP/1.1" 200 459 "-" "Mozilla/5.0 (Windows NT 6.1; WOW64) AppleWebKit/537.36 (KHTML, like Gecko) Chrome/35.0.1916.153 Safari/537.36"
172.94.201.230 - - [14/Jun/2014:10:35:09 -0400] "GET /department/golf HTTP/1.1" 200 1636 "-" "Mozilla/5.0 (Macintosh; Intel Mac OS X 10_9_4) AppleWebKit/537.77.4 (KHTML, like Gecko) Version/7.0.5 Safari/537.77.4"
218.72.81.107 - - [14/Jun/2014:10:35:09 -0400] "GET /department/outdoors/category/golf%20shoes/product/LIJA%20Women's%20Mid-Length%20Panel%20Golf%20Shorts/add_to_cart HTTP/1.1" 200 510 "-" "Mozilla/5.0 (Windows NT 6.3; WOW64; rv:30.0) Gecko/20100101 Firefox/30.0"
125.210.40.70 - - [14/Jun/2014:10:35:09 -0400] "GET /home HTTP/1.1" 200 1073 "-" "Mozilla/5.0 (Macintosh; Intel Mac OS X 10_9_4) AppleWebKit/537.36 (KHTML, like Gecko) Chrome/36.0.1985.125 Safari/537.36"
135.102.251.22 - - [14/Jun/2014:10:35:10 -0400] "GET /home HTTP/1.1" 200 791 "-" "Mozilla/5.0 (Windows NT 6.1) AppleWebKit/537.36 (KHTML, like Gecko) Chrome/35.0.1916.153 Safari/537.36"
146.169.29.173 - - [14/Jun/2014:10:35:10 -0400] "GET /support HTTP/1.1" 200 207 "-" "Mozilla/5.0 (Macintosh; Intel Mac OS X 10_9_3) AppleWebKit/537.36 (KHTML, like Gecko) Chrome/35.0.1916.153 Safari/537.36"
150.47.54.136 - - [14/Jun/2014:10:35:10 -0400] "GET /department/fan%20shop HTTP/1.1" 200 1800 "-" "Mozilla/5.0 (Macintosh; Intel Mac OS X 10_9_3) AppleWebKit/537.36 (KHTML, like Gecko) Chrome/35.0.1916.153 Safari/537.36"
158.201.225.172 - - [14/Jun/2014:10:35:11 -0400] "GET /department/apparel/category/cleats/product/Perfect%20Fitness%20Perfect%20Rip%20Deck/add_to_cart HTTP/1.1" 200 434 "-" "Mozilla/5.0 (Macintosh; Intel Mac OS X 10_9_4) AppleWebKit/537.77.4 (KHTML, like Gecko) Version/7.0.5 Safari/537.77.4"
86.214.1.70 - - [14/Jun/2014:10:35:11 -0400] "GET /department/fan%20shop/category/hunting%20&%20shooting HTTP/1.1" 200 595 "-" "Mozilla/5.0 (Macintosh; Intel Mac OS X 10_9_4) AppleWebKit/537.36 (KHTML, like Gecko) Chrome/36.0.1985.125 Safari/537.36"
11.252.83.179 - - [14/Jun/2014:10:35:12 -0400] "GET /contact_us HTTP/1.1" 200 1640 "-" "Mozilla/5.0 (X11; Linux x86_64) AppleWebKit/537.36 (KHTML, like Gecko) Chrome/35.0.1916.153 Safari/537.36"
63.96.175.115 - - [14/Jun/2014:10:35:12 -0400] "GET /department/fan%20shop/category/hunting%20&%20shooting HTTP/1.1" 200 1379 "-" "Mozilla/5.0 (Windows NT 6.1; WOW64; rv:30.0) Gecko/20100101 Firefox/30.0"
28.220.241.37 - - [14/Jun/2014:10:35:12 -0400] "GET /department/outdoors/category/golf%20bags%20&%20carts/product/Ogio%20Race%20Golf%20Shoes HTTP/1.1" 200 650 "-" "Mozilla/5.0 (Macintosh; Intel Mac OS X 10_9_4) AppleWebKit/537.36 (KHTML, like Gecko) Chrome/35.0.1916.153 Safari/537.36"
203.236.44.20 - - [14/Jun/2014:10:35:13 -0400] "GET /home HTTP/1.1" 200 1830 "-" "Mozilla/5.0 (Windows NT 6.1; WOW64) AppleWebKit/537.36 (KHTML, like Gecko) Chrome/35.0.1916.153 Safari/537.36"
133.20.136.170 - - [14/Jun/2014:10:35:13 -0400] "GET /department/fan%20shop HTTP/1.1" 200 1298 "-" "Mozilla/5.0 (Windows NT 6.1; WOW64) AppleWebKit/537.36 (KHTML, like Gecko) Chrome/35.0.1916.153 Safari/537.36"
138.168.77.138 - - [14/Jun/2014:10:35:13 -0400] "GET /department/fitness/category/hockey HTTP/1.1" 200 215 "-" "Mozilla/5.0 (Windows NT 6.1; WOW64; Trident/7.0; rv:11.0) like Gecko"
34.182.67.176 - - [14/Jun/2014:10:35:14 -0400] "GET /department/outdoors/category/electronics/product/Titleist%20Pro%20V1x%20High%20Numbers%20Personalized%20Go/add_to_cart HTTP/1.1" 200 2134 "-" "Mozilla/5.0 (Windows NT 6.1; WOW64) AppleWebKit/537.36 (KHTML, like Gecko) Chrome/35.0.1916.153 Safari/537.36"
3.222.94.3 - - [14/Jun/2014:10:35:14 -0400] "GET /home HTTP/1.1" 200 1039 "-" "Mozilla/5.0 (Windows NT 6.1; WOW64; rv:30.0) Gecko/20100101 Firefox/30.0"
63.96.175.115 - - [14/Jun/2014:10:35:14 -0400] "GET /home HTTP/1.1" 200 389 "-" "Mozilla/5.0 (Macintosh; Intel Mac OS X 10_9_4) AppleWebKit/537.36 (KHTML, like Gecko) Chrome/35.0.1916.153 Safari/537.36"
102.109.161.230 - - [14/Jun/2014:10:35:15 -0400] "GET /department/footwear/category/strength%20training/product/SOLE%20E35%20Elliptical HTTP/1.1" 200 1330 "-" "Mozilla/5.0 (Windows NT 6.3; WOW64; rv:30.0) Gecko/20100101 Firefox/30.0"
192.77.121.142 - - [14/Jun/2014:10:35:15 -0400] "GET /home HTTP/1.1" 200 1332 "-" "Mozilla/5.0 (Macintosh; Intel Mac OS X 10_9_3) AppleWebKit/537.76.4 (KHTML, like Gecko) Version/7.0.4 Safari/537.76.4"
218.72.81.107 - - [14/Jun/2014:10:35:15 -0400] "GET /department/outdoors/category/golf%20shoes HTTP/1.1" 200 893 "-" "Mozilla/5.0 (Windows NT 6.3; WOW64; rv:30.0) Gecko/20100101 Firefox/30.0"
41.250.86.29 - - [14/Jun/2014:10:35:16 -0400] "GET /department/golf/category/girls'%20apparel/product/adidas%20Men's%20Germany%20Black%20Crest%20Away%20Tee HTTP/1.1" 200 945 "-" "Mozilla/5.0 (X11; Linux x86_64) AppleWebKit/537.36 (KHTML, like Gecko) Chrome/35.0.1916.153 Safari/537.36"
165.54.188.125 - - [14/Jun/2014:10:35:16 -0400] "GET /support HTTP/1.1" 200 751 "-" "Mozilla/5.0 (Macintosh; Intel Mac OS X 10_9_3) AppleWebKit/537.76.4 (KHTML, like Gecko) Version/7.0.4 Safari/537.76.4"
100.98.159.99 - - [14/Jun/2014:10:35:17 -0400] "GET /department/golf/category/girls'%20apparel HTTP/1.1" 200 369 "-" "Mozilla/5.0 (X11; Linux x86_64) AppleWebKit/537.36 (KHTML, like Gecko) Chrome/35.0.1916.153 Safari/537.36"
150.47.54.136 - - [14/Jun/2014:10:35:17 -0400] "GET /department/outdoors HTTP/1.1" 200 635 "-" "Mozilla/5.0 (Windows NT 6.1; WOW64) AppleWebKit/537.36 (KHTML, like Gecko) Chrome/35.0.1916.153 Safari/537.36"
100.98.159.99 - - [14/Jun/2014:10:35:17 -0400] "GET /home HTTP/1.1" 200 586 "-" "Mozilla/5.0 (X11; Linux x86_64) AppleWebKit/537.36 (KHTML, like Gecko) Chrome/35.0.1916.153 Safari/537.36"
111.45.151.49 - - [14/Jun/2014:10:35:18 -0400] "GET /home HTTP/1.1" 200 204 "-" "Mozilla/5.0 (Windows NT 6.1; WOW64; rv:30.0) Gecko/20100101 Firefox/30.0"
138.168.77.138 - - [14/Jun/2014:10:35:18 -0400] "GET /department/footwear HTTP/1.1" 200 1264 "-" "Mozilla/5.0 (Windows NT 6.1; WOW64) AppleWebKit/537.36 (KHTML, like Gecko) Chrome/35.0.1916.153 Safari/537.36"
203.236.44.20 - - [14/Jun/2014:10:35:18 -0400] "GET /department/footwear/category/strength%20training HTTP/1.1" 200 844 "-" "Mozilla/5.0 (Windows NT 6.1) AppleWebKit/537.36 (KHTML, like Gecko) Chrome/35.0.1916.153 Safari/537.36"
174.208.224.242 - - [14/Jun/2014:10:35:19 -0400] "GET /home HTTP/1.1" 200 2009 "-" "Mozilla/5.0 (X11; Linux x86_64) AppleWebKit/537.36 (KHTML, like Gecko) Chrome/35.0.1916.153 Safari/537.36"
165.54.188.125 - - [14/Jun/2014:10:35:19 -0400] "GET /home HTTP/1.1" 200 1635 "-" "Mozilla/5.0 (Windows NT 6.1) AppleWebKit/537.36 (KHTML, like Gecko) Chrome/35.0.1916.153 Safari/537.36"
3.222.94.3 - - [14/Jun/2014:10:35:19 -0400] "GET /department/golf HTTP/1.1" 200 995 "-" "Mozilla/5.0 (Windows NT 6.1; WOW64; rv:30.0) Gecko/20100101 Firefox/30.0"
100.158.186.50 - - [14/Jun/2014:10:35:20 -0400] "GET /home HTTP/1.1" 200 775 "-" "Mozilla/5.0 (Windows NT 6.1) AppleWebKit/537.36 (KHTML, like Gecko) Chrome/35.0.1916.153 Safari/537.36"
133.20.136.170 - - [14/Jun/2014:10:35:20 -0400] "GET /contact_us HTTP/1.1" 200 2052 "-" "Mozilla/5.0 (Windows NT 6.1; WOW64) AppleWebKit/537.36 (KHTML, like Gecko) Chrome/35.0.1916.153 Safari/537.36"
165.54.188.125 - - [14/Jun/2014:10:35:20 -0400] "GET /home HTTP/1.1" 200 424 "-" "Mozilla/5.0 (Macintosh; Intel Mac OS X 10_9_3) AppleWebKit/537.76.4 (KHTML, like Gecko) Version/7.0.4 Safari/537.76.4"
218.72.81.107 - - [14/Jun/2014:10:35:21 -0400] "GET /department/outdoors HTTP/1.1" 200 601 "-" "Mozilla/5.0 (Windows NT 6.3; WOW64; rv:30.0) Gecko/20100101 Firefox/30.0"
18.168.113.227 - - [14/Jun/2014:10:35:21 -0400] "GET /department/golf/category/women's%20apparel/product/Nike%20Men's%20Dri-FIT%20Victory%20Golf%20Polo HTTP/1.1" 200 1403 "-" "Mozilla/5.0 (Windows NT 6.1; WOW64) AppleWebKit/537.36 (KHTML, like Gecko) Chrome/35.0.1916.153 Safari/537.36"
100.98.159.99 - - [14/Jun/2014:10:35:22 -0400] "GET /department/footwear/category/strength%20training/product/Yakima%20DoubleDown%20Ace%20Hitch%20Mount%204-Bike%20Rack/add_to_cart HTTP/1.1" 200 723 "-" "Mozilla/5.0 (Macintosh; Intel Mac OS X 10_9_3) AppleWebKit/537.76.4 (KHTML, like Gecko) Version/7.0.4 Safari/537.76.4"
35.115.21.150 - - [14/Jun/2014:10:35:22 -0400] "GET /department/golf HTTP/1.1" 200 1858 "-" "Mozilla/5.0 (X11; Ubuntu; Linux x86_64; rv:30.0) Gecko/20100101 Firefox/30.0"
189.205.165.122 - - [14/Jun/2014:10:35:22 -0400] "GET /support HTTP/1.1" 200 1718 "-" "Mozilla/5.0 (Macintosh; Intel Mac OS X 10_9_4) AppleWebKit/537.36 (KHTML, like Gecko) Chrome/35.0.1916.153 Safari/537.36"
28.220.241.37 - - [14/Jun/2014:10:35:23 -0400] "GET /home HTTP/1.1" 200 1530 "-" "Mozilla/5.0 (Macintosh; Intel Mac OS X 10_9_4) AppleWebKit/537.36 (KHTML, like Gecko) Chrome/35.0.1916.153 Safari/537.36"
158.201.225.172 - - [14/Jun/2014:10:35:23 -0400] "GET /department/apparel/category/cleats/product/Perfect%20Fitness%20Perfect%20Rip%20Deck HTTP/1.1" 200 1034 "-" "Mozilla/5.0 (Macintosh; Intel Mac OS X 10_9_4) AppleWebKit/537.77.4 (KHTML, like Gecko) Version/7.0.5 Safari/537.77.4"
63.96.175.115 - - [14/Jun/2014:10:35:23 -0400] "GET /department/outdoors/category/accessories HTTP/1.1" 200 235 "-" "Mozilla/5.0 (Macintosh; Intel Mac OS X 10_9_4) AppleWebKit/537.36 (KHTML, like Gecko) Chrome/35.0.1916.153 Safari/537.36"
119.120.93.149 - - [14/Jun/2014:10:35:24 -0400] "GET /home HTTP/1.1" 200 524 "-" "Mozilla/5.0 (Windows NT 6.3; WOW64) AppleWebKit/537.36 (KHTML, like Gecko) Chrome/35.0.1916.153 Safari/537.36"
100.98.159.99 - - [14/Jun/2014:10:35:24 -0400] "GET /department/footwear HTTP/1.1" 200 1681 "-" "Mozilla/5.0 (Macintosh; Intel Mac OS X 10_9_3) AppleWebKit/537.76.4 (KHTML, like Gecko) Version/7.0.4 Safari/537.76.4"
100.98.159.99 - - [14/Jun/2014:10:35:24 -0400] "GET /department/golf/category/women's%20apparel/product/Nike%20Men's%20Dri-FIT%20Victory%20Golf%20Polo/add_to_cart HTTP/1.1" 200 749 "-" "Mozilla/5.0 (Windows NT 6.1; WOW64; rv:30.0) Gecko/20100101 Firefox/30.0"
119.120.93.149 - - [14/Jun/2014:10:35:25 -0400] "GET /department/fitness/category/lacrosse/product/Under%20Armour%20Men's%20Tech%20II%20T-Shirt HTTP/1.1" 200 1937 "-" "Mozilla/5.0 (Windows NT 6.3; WOW64) AppleWebKit/537.36 (KHTML, like Gecko) Chrome/35.0.1916.153 Safari/537.36"
36.44.59.115 - - [14/Jun/2014:10:35:25 -0400] "GET /department/fan%20shop HTTP/1.1" 200 1848 "-" "Mozilla/5.0 (Macintosh; Intel Mac OS X 10_9_3) AppleWebKit/537.36 (KHTML, like Gecko) Chrome/35.0.1916.153 Safari/537.36"
66.169.18.111 - - [14/Jun/2014:10:35:25 -0400] "GET /support HTTP/1.1" 200 1335 "-" "Mozilla/5.0 (Macintosh; Intel Mac OS X 10_9_4) AppleWebKit/537.77.4 (KHTML, like Gecko) Version/7.0.5 Safari/537.77.4"
14.220.19.89 - - [14/Jun/2014:10:35:26 -0400] "GET /department/footwear HTTP/1.1" 200 1555 "-" "Mozilla/5.0 (Windows NT 6.3; WOW64) AppleWebKit/537.36 (KHTML, like Gecko) Chrome/35.0.1916.153 Safari/537.36"
223.162.65.131 - - [14/Jun/2014:10:35:26 -0400] "GET /home HTTP/1.1" 200 1613 "-" "Mozilla/5.0 (X11; Ubuntu; Linux x86_64; rv:30.0) Gecko/20100101 Firefox/30.0"
88.49.150.125 - - [14/Jun/2014:10:35:27 -0400] "GET /department/fan%20shop/category/camping%20&%20hiking/product/Diamondback%20Women's%20Serene%20Classic%20Comfort%20Bi HTTP/1.1" 200 1453 "-" "Mozilla/5.0 (Macintosh; Intel Mac OS X 10_9_3) AppleWebKit/537.76.4 (KHTML, like Gecko) Version/7.0.4 Safari/537.76.4"
102.109.161.230 - - [14/Jun/2014:10:35:27 -0400] "GET /department/footwear/category/fitness%20accessories/product/Under%20Armour%20Hustle%20Storm%20Medium%20Duffle%20Bag/add_to_cart HTTP/1.1" 200 787 "-" "Mozilla/5.0 (Windows NT 6.3; WOW64) AppleWebKit/537.36 (KHTML, like Gecko) Chrome/35.0.1916.153 Safari/537.36"
196.92.166.82 - - [14/Jun/2014:10:35:27 -0400] "GET /home HTTP/1.1" 200 2161 "-" "Mozilla/5.0 (Windows NT 6.3; WOW64; rv:30.0) Gecko/20100101 Firefox/30.0"
60.18.165.18 - - [14/Jun/2014:10:35:28 -0400] "GET /department/outdoors/category/electronics/product/Titleist%20Pro%20V1x%20High%20Numbers%20Personalized%20Go/add_to_cart HTTP/1.1" 200 1351 "-" "Mozilla/5.0 (Macintosh; Intel Mac OS X 10_9_4) AppleWebKit/537.36 (KHTML, like Gecko) Chrome/36.0.1985.125 Safari/537.36"
133.20.136.170 - - [14/Jun/2014:10:35:28 -0400] "GET /support HTTP/1.1" 200 898 "-" "Mozilla/5.0 (Windows NT 6.1; WOW64; rv:30.0) Gecko/20100101 Firefox/30.0"
123.31.141.109 - - [14/Jun/2014:10:35:28 -0400] "GET /department/outdoors HTTP/1.1" 200 2044 "-" "Mozilla/5.0 (Macintosh; Intel Mac OS X 10.9; rv:30.0) Gecko/20100101 Firefox/30.0"
203.236.44.20 - - [14/Jun/2014:10:35:29 -0400] "GET /department/outdoors/category/golf%20balls HTTP/1.1" 200 281 "-" "Mozilla/5.0 (Windows NT 6.1; WOW64) AppleWebKit/537.36 (KHTML, like Gecko) Chrome/35.0.1916.153 Safari/537.36"
176.100.98.19 - - [14/Jun/2014:10:35:29 -0400] "GET /department/golf HTTP/1.1" 200 1365 "-" "Mozilla/5.0 (Windows NT 6.1; WOW64) AppleWebKit/537.36 (KHTML, like Gecko) Chrome/35.0.1916.153 Safari/537.36"
11.252.83.179 - - [14/Jun/2014:10:35:29 -0400] "GET /home HTTP/1.1" 200 1152 "-" "Mozilla/5.0 (Macintosh; Intel Mac OS X 10_9_3) AppleWebKit/537.76.4 (KHTML, like Gecko) Version/7.0.4 Safari/537.76.4"
117.81.127.56 - - [14/Jun/2014:10:35:30 -0400] "GET /department/fan%20shop/category/indoor/outdoor%20games/product/O'Brien%20Men's%20Neoprene%20Life%20Vest HTTP/1.1" 200 466 "-" "Mozilla/5.0 (Windows NT 6.1; WOW64) AppleWebKit/537.36 (KHTML, like Gecko) Chrome/35.0.1916.153 Safari/537.36"
100.98.159.99 - - [14/Jun/2014:10:35:30 -0400] "GET /home HTTP/1.1" 200 670 "-" "Mozilla/5.0 (Windows NT 6.1; WOW64; rv:30.0) Gecko/20100101 Firefox/30.0"
119.120.93.149 - - [14/Jun/2014:10:35:30 -0400] "GET /department/fan%20shop/category/fishing HTTP/1.1" 200 1988 "-" "Mozilla/5.0 (Windows NT 6.3; WOW64) AppleWebKit/537.36 (KHTML, like Gecko) Chrome/35.0.1916.153 Safari/537.36"
119.120.93.149 - - [14/Jun/2014:10:35:31 -0400] "GET /home HTTP/1.1" 200 1957 "-" "Mozilla/5.0 (Windows NT 6.1; WOW64; rv:30.0) Gecko/20100101 Firefox/30.0"
192.77.121.142 - - [14/Jun/2014:10:35:31 -0400] "GET /department/footwear/category/electronics HTTP/1.1" 200 1890 "-" "Mozilla/5.0 (Windows NT 6.1; WOW64) AppleWebKit/537.36 (KHTML, like Gecko) Chrome/35.0.1916.153 Safari/537.36"
176.100.98.19 - - [14/Jun/2014:10:35:32 -0400] "GET /department/fan%20shop/category/fishing/product/Field%20&%20Stream%20Sportsman%2016%20Gun%20Fire%20Safe HTTP/1.1" 200 1456 "-" "Mozilla/5.0 (X11; Ubuntu; Linux x86_64; rv:30.0) Gecko/20100101 Firefox/30.0"
36.44.59.115 - - [14/Jun/2014:10:35:32 -0400] "GET /department/footwear/category/as%20seen%20on%20%20tv!/product/Nike%20Men's%20Free%20TR%205.0%20TB%20Training%20Shoe HTTP/1.1" 200 1902 "-" "Mozilla/5.0 (X11; Linux x86_64) AppleWebKit/537.36 (KHTML, like Gecko) Chrome/35.0.1916.153 Safari/537.36"
