160.135.141.240 - - [14/Jun/2014:10:38:13 -0400] "GET /home HTTP/1.1" 200 1624 "-" "Mozilla/5.0 (Windows NT 6.1; WOW64; Trident/7.0; rv:11.0) like Gecko"
143.94.240.149 - - [14/Jun/2014:10:38:13 -0400] "GET /home HTTP/1.1" 200 808 "-" "Mozilla/5.0 (Windows NT 6.1; WOW64) AppleWebKit/537.36 (KHTML, like Gecko) Chrome/35.0.1916.153 Safari/537.36"
158.201.225.172 - - [14/Jun/2014:10:38:13 -0400] "GET /home HTTP/1.1" 200 1318 "-" "Mozilla/5.0 (Windows NT 6.1; WOW64; rv:30.0) Gecko/20100101 Firefox/30.0"
23.84.70.66 - - [14/Jun/2014:10:38:14 -0400] "GET /department/footwear HTTP/1.1" 200 1501 "-" "Mozilla/5.0 (Windows NT 6.3; WOW64; rv:30.0) Gecko/20100101 Firefox/30.0"
27.160.201.42 - - [14/Jun/2014:10:38:14 -0400] "GET /home HTTP/1.1" 200 1162 "-" "Mozilla/5.0 (Macintosh; Intel Mac OS X 10_9_4) AppleWebKit/537.36 (KHTML, like Gecko) Chrome/35.0.1916.153 Safari/537.36"
69.109.16.108 - - [14/Jun/2014:10:38:15 -0400] "GET /department/apparel/category/cleats HTTP/1.1" 200 1419 "-" "Mozilla/5.0 (Windows NT 6.1; WOW64) AppleWebKit/537.36 (KHTML, like Gecko) Chrome/36.0.1985.125 Safari/537.36"
63.96.175.115 - - [14/Jun/2014:10:38:15 -0400] "GET /home HTTP/1.1" 200 2159 "-" "Mozilla/5.0 (Macintosh; Intel Mac OS X 10_9_3) AppleWebKit/537.76.4 (KHTML, like Gecko) Version/7.0.4 Safari/537.76.4"
36.93.192.142 - - [14/Jun/2014:10:38:15 -0400] "GET /contact_us HTTP/1.1" 503 960 "-" "Mozilla/5.0 (X11; Linux x86_64) AppleWebKit/537.36 (KHTML, like Gecko) Chrome/35.0.1916.153 Safari/537.36"
135.102.251.22 - - [14/Jun/2014:10:38:16 -0400] "GET /department/fan%20shop HTTP/1.1" 200 908 "-" "Mozilla/5.0 (Macintosh; Intel Mac OS X 10_9_3) AppleWebKit/537.36 (KHTML, like Gecko) Chrome/35.0.1916.153 Safari/537.36"
175.139.143.20 - - [14/Jun/2014:10:38:16 -0400] "GET /department/apparel/category/cleats/product/Perfect%20Fitness%20Perfect%20Rip%20Deck/add_to_cart HTTP/1.1" 200 574 "-" "Mozilla/5.0 (Windows NT 6.1; WOW64; rv:30.0) Gecko/20100101 Firefox/30.0"
143.94.240.149 - - [14/Jun/2014:10:38:16 -0400] "GET /department/fan%20shop HTTP/1.1" 200 1209 "-" "Mozilla/5.0 (Windows NT 6.1) AppleWebKit/537.36 (KHTML, like Gecko) Chrome/35.0.1916.153 Safari/537.36"
27.160.201.42 - - [14/Jun/2014:10:38:17 -0400] "GET /department/footwear/category/cardio%20equipment/product/Nike%20Men's%20Free%205.0+%20Running%20Shoe HTTP/1.1" 200 1083 "-" "Mozilla/5.0 (Windows NT 6.3; WOW64; rv:30.0) Gecko/20100101 Firefox/30.0"
35.115.21.150 - - [14/Jun/2014:10:38:17 -0400] "GET /department/footwear HTTP/1.1" 200 2098 "-" "Mozilla/5.0 (Windows NT 6.1; WOW64) AppleWebKit/537.36 (KHTML, like Gecko) Chrome/35.0.1916.153 Safari/537.36"
3.222.94.3 - - [14/Jun/2014:10:38:17 -0400] "GET /department/golf HTTP/1.1" 200 1595 "-" "Mozilla/5.0 (Macintosh; Intel Mac OS X 10_9_3) AppleWebKit/537.36 (KHTML, like Gecko) Chrome/35.0.1916.153 Safari/537.36"
165.54.188.125 - - [14/Jun/2014:10:38:18 -0400] "GET /view_cart HTTP/1.1" 200 986 "-" "Mozilla/5.0 (Macintosh; Intel Mac OS X 10_9_3) AppleWebKit/537.76.4 (KHTML, like Gecko) Version/7.0.4 Safari/537.76.4"
194.138.151.68 - - [14/Jun/2014:10:38:18 -0400] "GET /home HTTP/1.1" 200 620 "-" "Mozilla/5.0 (Windows NT 6.1; WOW64) AppleWebKit/537.36 (KHTML, like Gecko) Chrome/36.0.1985.125 Safari/537.36"
220.237.115.28 - - [14/Jun/2014:10:38:18 -0400] "GET /home HTTP/1.1" 200 1458 "-" "Mozilla/5.0 (Windows NT 6.1; WOW64; rv:30.0) Gecko/20100101 Firefox/30.0"
117.81.127.56 - - [14/Jun/2014:10:38:19 -0400] "GET /department/outdoors/category/accessories/product/Team%20Golf%20St.%20Louis%20Cardinals%20Putter%20Grip HTTP/1.1" 200 273 "-" "Mozilla/5.0 (Macintosh; Intel Mac OS X 10_9_3) AppleWebKit/537.36 (KHTML, like Gecko) Chrome/35.0.1916.153 Safari/537.36"
36.93.192.142 - - [14/Jun/2014:10:38:19 -0400] "GET /department/fitness/category/baseball%20&%20softball/product/adidas%20Kids'%20F5%20Messi%20FG%20Soccer%20Cleat HTTP/1.1" 503 1168 "-" "Mozilla/5.0 (Windows NT 6.1; WOW64) AppleWebKit/537.36 (KHTML, like Gecko) Chrome/35.0.1916.153 Safari/537.36"
223.162.65.131 - - [14/Jun/2014:10:38:20 -0400] "GET /department/footwear HTTP/1.1" 200 198 "-" "Mozilla/5.0 (Macintosh; Intel Mac OS X 10_9_4) AppleWebKit/537.36 (KHTML, like Gecko) Chrome/36.0.1985.125 Safari/537.36"
35.115.21.150 - - [14/Jun/2014:10:38:20 -0400] "GET /department/fan%20shop/category/indoor/outdoor%20games/product/O'Brien%20Men's%20Neoprene%20Life%20Vest HTTP/1.1" 200 1963 "-" "Mozilla/5.0 (Windows NT 6.1; WOW64) AppleWebKit/537.36 (KHTML, like Gecko) Chrome/36.0.1985.125 Safari/537.36"
162.235.161.200 - - [14/Jun/2014:10:38:20 -0400] "GET /department/apparel/category/featured%20shops/product/adidas%20Kids'%20RG%20III%20Mid%20Football%20Cleat/add_to_cart HTTP/1.1" 200 1785 "-" "Mozilla/5.0 (X11; Ubuntu; Linux x86_64; rv:30.0) Gecko/20100101 Firefox/30.0"
209.28.190.133 - - [14/Jun/2014:10:38:21 -0400] "GET /home HTTP/1.1" 200 1102 "-" "Mozilla/5.0 (Macintosh; Intel Mac OS X 10.9; rv:30.0) Gecko/20100101 Firefox/30.0"
18.168.113.227 - - [14/Jun/2014:10:38:21 -0400] "GET /view_cart HTTP/1.1" 200 903 "-" "Mozilla/5.0 (Windows NT 6.1; WOW64) AppleWebKit/537.36 (KHTML, like Gecko) Chrome/35.0.1916.153 Safari/537.36"
203.124.43.253 - - [14/Jun/2014:10:38:21 -0400] "GET /department/fitness HTTP/1.1" 200 588 "-" "Mozilla/5.0 (X11; Linux x86_64) AppleWebKit/537.36 (KHTML, like Gecko) Chrome/35.0.1916.153 Safari/537.36"
209.28.190.133 - - [14/Jun/2014:10:38:22 -0400] "GET /department/apparel/category/featured%20shops/product/adidas%20Kids'%20RG%20III%20Mid%20Football%20Cleat HTTP/1.1" 200 1794 "-" "Mozilla/5.0 (Macintosh; Intel Mac OS X 10_9_3) AppleWebKit/537.36 (KHTML, like Gecko) Chrome/35.0.1916.153 Safari/537.36"
171.24.149.134 - - [14/Jun/2014:10:38:22 -0400] "GET /department/outdoors/category/golf%20shoes/product/LIJA%20Women's%20Button%20Golf%20Dress HTTP/1.1" 200 2027 "-" "Mozilla/5.0 (Macintosh; Intel Mac OS X 10_9_4) AppleWebKit/537.36 (KHTML, like Gecko) Chrome/36.0.1985.125 Safari/537.36"
71.250.9.143 - - [14/Jun/2014:10:38:22 -0400] "GET /home HTTP/1.1" 200 852 "-" "Mozilla/5.0 (Macintosh; Intel Mac OS X 10.9; rv:30.0) Gecko/20100101 Firefox/30.0"
189.205.165.122 - - [14/Jun/2014:10:38:23 -0400] "GET /department/footwear/category/cardio%20equipment/product/Nike%20Men's%20Free%205.0+%20Running%20Shoe HTTP/1.1" 200 1772 "-" "Mozilla/5.0 (Macintosh; Intel Mac OS X 10_9_3) AppleWebKit/537.76.4 (KHTML, like Gecko) Version/7.0.4 Safari/537.76.4"
195.182.254.56 - - [14/Jun/2014:10:38:23 -0400] "GET /department/fitness/category/tennis%20&%20racquet/product/Nike%20Men's%20Comfort%202%20Slide HTTP/1.1" 200 1272 "-" "Mozilla/5.0 (Macintosh; Intel Mac OS X 10_9_4) AppleWebKit/537.77.4 (KHTML, like Gecko) Version/7.0.5 Safari/537.77.4"
79.133.215.123 - - [14/Jun/2014:10:38:23 -0400] "GET /department/apparel HTTP/1.1" 200 1836 "-" "Mozilla/5.0 (Windows NT 6.1; WOW64) AppleWebKit/537.36 (KHTML, like Gecko) Chrome/35.0.1916.153 Safari/537.36"
113.143.229.102 - - [14/Jun/2014:10:38:24 -0400] "GET /home HTTP/1.1" 200 1347 "-" "Mozilla/5.0 (Windows NT 6.1; WOW64) AppleWebKit/537.36 (KHTML, like Gecko) Chrome/35.0.1916.153 Safari/537.36"
165.54.188.125 - - [14/Jun/2014:10:38:24 -0400] "GET /home HTTP/1.1" 200 609 "-" "Mozilla/5.0 (Windows NT 6.1; WOW64; rv:30.0) Gecko/20100101 Firefox/30.0"
69.109.16.108 - - [14/Jun/2014:10:38:25 -0400] "GET /department/golf HTTP/1.1" 200 1816 "-" "Mozilla/5.0 (Windows NT 6.1; WOW64; Trident/7.0; rv:11.0) like Gecko"
36.93.192.142 - - [14/Jun/2014:10:38:25 -0400] "GET /department/outdoors/category/golf%20balls/product/Glove%20It%20Women's%20Imperial%20Golf%20Glove HTTP/1.1" 200 1130 "-" "Mozilla/5.0 (Macintosh; Intel Mac OS X 10_9_4) AppleWebKit/537.77.4 (KHTML, like Gecko) Version/7.0.5 Safari/537.77.4"
162.235.161.200 - - [14/Jun/2014:10:38:25 -0400] "GET /department/fitness HTTP/1.1" 200 1583 "-" "Mozilla/5.0 (Windows NT 6.1; WOW64; Trident/7.0; rv:11.0) like Gecko"
209.28.190.133 - - [14/Jun/2014:10:38:26 -0400] "GET /home HTTP/1.1" 200 1388 "-" "Mozilla/5.0 (Windows NT 6.1) AppleWebKit/537.36 (KHTML, like Gecko) Chrome/35.0.1916.153 Safari/537.36"
143.94.240.149 - - [14/Jun/2014:10:38:26 -0400] "GET /department/apparel/category/featured%20shops/product/adidas%20Kids'%20RG%20III%20Mid%20Football%20Cleat HTTP/1.1" 200 1923 "-" "Mozilla/5.0 (Windows NT 6.1; WOW64) AppleWebKit/537.36 (KHTML, like Gecko) Chrome/35.0.1916.153 Safari/537.36"
223.162.65.131 - - [14/Jun/2014:10:38:26 -0400] "GET /department/outdoors/category/men's%20golf%20clubs/product/Merrell%20Women's%20Siren%20Mid%20Waterproof%20Hiking%20B HTTP/1.1" 200 1215 "-" "Mozilla/5.0 (Windows NT 6.3; WOW64) AppleWebKit/537.36 (KHTML, like Gecko) Chrome/35.0.1916.153 Safari/537.36"
189.205.165.122 - - [14/Jun/2014:10:38:27 -0400] "GET /home HTTP/1.1" 200 1999 "-" "Mozilla/5.0 (Macintosh; Intel Mac OS X 10_9_4) AppleWebKit/537.36 (KHTML, like Gecko) Chrome/35.0.1916.153 Safari/537.36"
220.237.115.28 - - [14/Jun/2014:10:38:27 -0400] "GET /home HTTP/1.1" 200 870 "-" "Mozilla/5.0 (Windows NT 6.1; WOW64; rv:30.0) Gecko/20100101 Firefox/30.0"
120.228.207.15 - - [14/Jun/2014:10:38:27 -0400] "GET /home HTTP/1.1" 200 787 "-" "Mozilla/5.0 (Windows NT 6.3; WOW64; rv:30.0) Gecko/20100101 Firefox/30.0"
72.37.239.169 - - [14/Jun/2014:10:38:28 -0400] "GET /department/fan%20shop HTTP/1.1" 200 1177 "-" "Mozilla/5.0 (Macintosh; Intel Mac OS X 10_9_4) AppleWebKit/537.36 (KHTML, like Gecko) Chrome/35.0.1916.153 Safari/537.36"
138.168.77.138 - - [14/Jun/2014:10:38:28 -0400] "GET /home HTTP/1.1" 200 1987 "-" "Mozilla/5.0 (Windows NT 6.1; WOW64) AppleWebKit/537.36 (KHTML, like Gecko) Chrome/35.0.1916.153 Safari/537.36"
196.17.189.152 - - [14/Jun/2014:10:38:28 -0400] "GET /department/fan%20shop/category/water%20sports HTTP/1.1" 200 1079 "-" "Mozilla/5.0 (Macintosh; Intel Mac OS X 10_9_3) AppleWebKit/537.36 (KHTML, like Gecko) Chrome/35.0.1916.153 Safari/537.36"
27.241.13.144 - - [14/Jun/2014:10:38:29 -0400] "GET /home HTTP/1.1" 200 449 "-" "Mozilla/5.0 (Windows NT 6.3; WOW64) AppleWebKit/537.36 (KHTML, like Gecko) Chrome/35.0.1916.153 Safari/537.36"
214.18.166.163 - - [14/Jun/2014:10:38:29 -0400] "GET /department/footwear/category/cardio%20equipment/product/Nike%20Men's%20Free%205.0+%20Running%20Shoe HTTP/1.1" 200 632 "-" "Mozilla/5.0 (Macintosh; Intel Mac OS X 10_9_4) AppleWebKit/537.36 (KHTML, like Gecko) Chrome/35.0.1916.153 Safari/537.36"
203.236.44.20 - - [14/Jun/2014:10:38:30 -0400] "GET /department/footwear/category/electronics HTTP/1.1" 200 1326 "-" "Mozilla/5.0 (Windows NT 6.3; WOW64) AppleWebKit/537.36 (KHTML, like Gecko) Chrome/35.0.1916.153 Safari/537.36"
209.28.190.133 - - [14/Jun/2014:10:38:30 -0400] "GET /department/outdoors HTTP/1.1" 200 615 "-" "Mozilla/5.0 (Macintosh; Intel Mac OS X 10.9; rv:30.0) Gecko/20100101 Firefox/30.0"
36.93.192.142 - - [14/Jun/2014:10:38:30 -0400] "GET /home HTTP/1.1" 200 1842 "-" "Mozilla/5.0 (Macintosh; Intel Mac OS X 10_9_4) AppleWebKit/537.77.4 (KHTML, like Gecko) Version/7.0.5 Safari/537.77.4"
195.182.254.56 - - [14/Jun/2014:10:38:31 -0400] "GET /department/apparel/category/cleats HTTP/1.1" 200 1908 "-" "Mozilla/5.0 (Macintosh; Intel Mac OS X 10_9_4) AppleWebKit/537.77.4 (KHTML, like Gecko) Version/7.0.5 Safari/537.77.4"
176.100.98.19 - - [14/Jun/2014:10:38:31 -0400] "GET /department/outdoors/category/golf%20apparel/product/Top%20Flite%20Women's%202014%20XL%20Hybrid/add_to_cart HTTP/1.1" 200 1605 "-" "Mozilla/5.0 (Windows NT 6.3; WOW64) AppleWebKit/537.36 (KHTML, like Gecko) Chrome/35.0.1916.153 Safari/537.36"
64.246.220.203 - - [14/Jun/2014:10:38:31 -0400] "GET /department/golf/category/shop%20by%20sport/product/Under%20Armour%20Girls'%20Toddler%20Spine%20Surge%20Runni/add_to_cart HTTP/1.1" 200 2027 "-" "Mozilla/5.0 (Macintosh; Intel Mac OS X 10_9_4) AppleWebKit/537.36 (KHTML, like Gecko) Chrome/35.0.1916.153 Safari/537.36"
23.84.70.66 - - [14/Jun/2014:10:38:32 -0400] "GET /department/footwear/category/strength%20training HTTP/1.1" 200 672 "-" "Mozilla/5.0 (Windows NT 6.3; WOW64; rv:30.0) Gecko/20100101 Firefox/30.0"
223.162.65.131 - - [14/Jun/2014:10:38:32 -0400] "GET /home HTTP/1.1" 200 393 "-" "Mozilla/5.0 (Macintosh; Intel Mac OS X 10_9_4) AppleWebKit/537.36 (KHTML, like Gecko) Chrome/36.0.1985.125 Safari/537.36"
214.18.166.163 - - [14/Jun/2014:10:38:32 -0400] "GET /department/footwear/category/cardio%20equipment/product/Nike%20Men's%20Free%205.0+%20Running%20Shoe HTTP/1.1" 200 1803 "-" "Mozilla/5.0 (Macintosh; Intel Mac OS X 10_9_4) AppleWebKit/537.36 (KHTML, like Gecko) Chrome/35.0.1916.153 Safari/537.36"
189.205.165.122 - - [14/Jun/2014:10:38:33 -0400] "GET /department/footwear/category/cardio%20equipment/product/Nike%20Men's%20Free%205.0+%20Running%20Shoe HTTP/1.1" 404 1384 "-" "Mozilla/5.0 (Macintosh; Intel Mac OS X 10_9_3) AppleWebKit/537.76.4 (KHTML, like Gecko) Version/7.0.4 Safari/537.76.4"
18.168.113.227 - - [14/Jun/2014:10:38:33 -0400] "GET /home HTTP/1.1" 200 671 "-" "Mozilla/5.0 (Windows NT 6.1; WOW64) AppleWebKit/537.36 (KHTML, like Gecko) Chrome/35.0.1916.153 Safari/537.36"
209.28.190.133 - - [14/Jun/2014:10:38:33 -0400] "GET /department/fitness HTTP/1.1" 200 1976 "-" "Mozilla/5.0 (Macintosh; Intel Mac OS X 10.9; rv:30.0) Gecko/20100101 Firefox/30.0"
220.242.192.122 - - [14/Jun/2014:10:38:34 -0400] "GET /department/fan%20shop/category/hunting%20&%20shooting/product/The%20North%20Face%20Women's%20Recon%20Backpack HTTP/1.1" 200 264 "-" "Mozilla/5.0 (Windows NT 6.1; WOW64) AppleWebKit/537.36 (KHTML, like Gecko) Chrome/35.0.1916.153 Safari/537.36"
24.90.70.130 - - [14/Jun/2014:10:38:34 -0400] "GET /department/outdoors HTTP/1.1" 200 1527 "-" "Mozilla/5.0 (X11; Linux x86_64) AppleWebKit/537.36 (KHTML, like Gecko) Chrome/35.0.1916.153 Safari/537.36"
27.160.201.42 - - [14/Jun/2014:10:38:35 -0400] "GET /department/outdoors/category/electronics/product/Titleist%20Pro%20V1x%20Golf%20Balls HTTP/1.1" 200 1171 "-" "Mozilla/5.0 (Macintosh; Intel Mac OS X 10_9_4) AppleWebKit/537.36 (KHTML, like Gecko) Chrome/35.0.1916.153 Safari/537.36"
28.2.61.74 - - [14/Jun/2014:10:38:35 -0400] "GET /department/fitness/category/baseball%20&%20softball/product/adidas%20Brazuca%202014%20Official%20Match%20Ball HTTP/1.1" 200 844 "-" "Mozilla/5.0 (Windows NT 6.1) AppleWebKit/537.36 (KHTML, like Gecko) Chrome/35.0.1916.153 Safari/537.36"
118.155.115.238 - - [14/Jun/2014:10:38:35 -0400] "GET /home HTTP/1.1" 200 534 "-" "Mozilla/5.0 (Macintosh; Intel Mac OS X 10_9_3) AppleWebKit/537.36 (KHTML, like Gecko) Chrome/35.0.1916.153 Safari/537.36"
41.250.86.29 - - [14/Jun/2014:10:38:36 -0400] "GET /department/fitness HTTP/1.1" 200 1034 "-" "Mozilla/5.0 (Windows NT 6.1; rv:30.0) Gecko/20100101 Firefox/30.0"
36.44.59.115 - - [14/Jun/2014:10:38:36 -0400] "GET /home HTTP/1.1" 200 1202 "-" "Mozilla/5.0 (Windows NT 6.3; WOW64; rv:30.0) Gecko/20100101 Firefox/30.0"
138.250.94.254 - - [14/Jun/2014:10:38:36 -0400] "GET /department/fan%20shop HTTP/1.1" 200 199 "-" "Mozilla/5.0 (Windows NT 6.1; WOW64; rv:30.0) Gecko/20100101 Firefox/30.0"
63.96.175.115 - - [14/Jun/2014:10:38:37 -0400] "GET /department/apparel HTTP/1.1" 200 252 "-" "Mozilla/5.0 (Windows NT 6.1; WOW64; rv:30.0) Gecko/20100101 Firefox/30.0"
214.18.166.163 - - [14/Jun/2014:10:38:37 -0400] "GET /department/footwear/category/cardio%20equipment HTTP/1.1" 200 424 "-" "Mozilla/5.0 (Macintosh; Intel Mac OS X 10_9_4) AppleWebKit/537.36 (KHTML, like Gecko) Chrome/35.0.1916.153 Safari/537.36"
223.162.65.131 - - [14/Jun/2014:10:38:37 -0400] "GET /department/fan%20shop/category/hunting%20&%20shooting HTTP/1.1" 200 431 "-" "Mozilla/5.0 (Windows NT 6.1; WOW64; Trident/7.0; rv:11.0) like Gecko"
28.2.61.74 - - [14/Jun/2014:10:38:38 -0400] "GET /department/outdoors HTTP/1.1" 200 1641 "-" "Mozilla/5.0 (Windows NT 6.1; rv:30.0) Gecko/20100101 Firefox/30.0"
203.236.44.20 - - [14/Jun/2014:10:38:38 -0400] "GET /department/footwear/category/fitness%20accessories/product/Under%20Armour%20Hustle%20Storm%20Medium%20Duffle%20Bag/add_to_cart HTTP/1.1" 200 739 "-" "Mozilla/5.0 (Windows NT 6.3; WOW64; rv:30.0) Gecko/20100101 Firefox/30.0"
175.139.143.20 - - [14/Jun/2014:10:38:38 -0400] "GET /department/footwear HTTP/1.1" 200 1622 "-" "Mozilla/5.0 (Macintosh; Intel Mac OS X 10_9_4) AppleWebKit/537.77.4 (KHTML, like Gecko) Version/7.0.5 Safari/537.77.4"
3.222.94.3 - - [14/Jun/2014:10:38:39 -0400] "GET /department/fitness/category/lacrosse HTTP/1.1" 200 1696 "-" "Mozilla/5.0 (Macintosh; Intel Mac OS X 10_9_4) AppleWebKit/537.77.4 (KHTML, like Gecko) Version/7.0.5 Safari/537.77.4"
176.100.98.19 - - [14/Jun/2014:10:38:39 -0400] "GET /department/fan%20shop/category/indoor/outdoor%20games/product/O'Brien%20Men's%20Neoprene%20Life%20Vest HTTP/1.1" 200 996 "-" "Mozilla/5.0 (Macintosh; Intel Mac OS X 10_9_4) AppleWebKit/537.36 (KHTML, like Gecko) Chrome/35.0.1916.153 Safari/537.36"
78.148.1.150 - - [14/Jun/2014:10:38:40 -0400] "GET /department/apparel/category/cleats/product/Perfect%20Fitness%20Perfect%20Rip%20Deck HTTP/1.1" 200 1634 "-" "Mozilla/5.0 (Windows NT 6.1; WOW64; rv:30.0) Gecko/20100101 Firefox/30.0"
18.168.113.227 - - [14/Jun/2014:10:38:40 -0400] "GET /department/apparel/category/featured%20shops/product/adidas%20Kids'%20RG%20III%20Mid%20Football%20Cleat/add_to_cart HTTP/1.1" 200 600 "-" "Mozilla/5.0 (Windows NT 6.1; WOW64) AppleWebKit/537.36 (KHTML, like Gecko) Chrome/35.0.1916.153 Safari/537.36"
125.210.40.70 - - [14/Jun/2014:10:38:40 -0400] "GET /department/apparel HTTP/1.1" 200 998 "-" "Mozilla/5.0 (Windows NT 6.1; WOW64; Trident/7.0; rv:11.0) like Gecko"
156.38.180.222 - - [14/Jun/2014:10:38:41 -0400] "GET /department/footwear/category/strength%20training HTTP/1.1" 200 1875 "-" "Mozilla/5.0 (Windows NT 6.1; WOW64; rv:30.0) Gecko/20100101 Firefox/30.0"
158.201.225.172 - - [14/Jun/2014:10:38:41 -0400] "GET /department/fan%20shop HTTP/1.1" 200 1459 "-" "Mozilla/5.0 (Windows NT 6.1; WOW64; rv:30.0) Gecko/20100101 Firefox/30.0"
162.235.161.200 - - [14/Jun/2014:10:38:41 -0400] "GET /support HTTP/1.1" 200 864 "-" "Mozilla/5.0 (Macintosh; Intel Mac OS X 10_9_4) AppleWebKit/537.77.4 (KHTML, like Gecko) Version/7.0.5 Safari/537.77.4"
3.222.94.3 - - [14/Jun/2014:10:38:42 -0400] "GET /department/fan%20shop HTTP/1.1" 200 1820 "-" "Mozilla/5.0 (Macintosh; Intel Mac OS X 10_9_4) AppleWebKit/537.77.4 (KHTML, like Gecko) Version/7.0.5 Safari/537.77.4"
150.47.54.136 - - [14/Jun/2014:10:38:42 -0400] "GET /contact_us HTTP/1.1" 200 614 "-" "Mozilla/5.0 (Macintosh; Intel Mac OS X 10_9_3) AppleWebKit/537.36 (KHTML, like Gecko) Chrome/35.0.1916.153 Safari/537.36"
192.77.121.142 - - [14/Jun/2014:10:38:42 -0400] "GET /department/apparel HTTP/1.1" 200 1656 "-" "Mozilla/5.0 (Macintosh; Intel Mac OS X 10_9_3) AppleWebKit/537.36 (KHTML, like Gecko) Chrome/35.0.1916.153 Safari/537.36"
27.241.13.144 - - [14/Jun/2014:10:38:43 -0400] "GET /department/outdoors HTTP/1.1" 200 1506 "-" "Mozilla/5.0 (Macintosh; Intel Mac OS X 10_9_4) AppleWebKit/537.77.4 (KHTML, like Gecko) Version/7.0.5 Safari/537.77.4"
220.164.87.108 - - [14/Jun/2014:10:38:43 -0400] "GET /department/fan%20shop HTTP/1.1" 200 270 "-" "Mozilla/5.0 (Macintosh; Intel Mac OS X 10_9_4) AppleWebKit/537.36 (KHTML, like Gecko) Chrome/35.0.1916.153 Safari/537.36"
14.220.19.89 - - [14/Jun/2014:10:38:43 -0400] "GET /home HTTP/1.1" 200 1341 "-" "Mozilla/5.0 (Windows NT 6.3; WOW64) AppleWebKit/537.36 (KHTML, like Gecko) Chrome/35.0.1916.153 Safari/537.36"
69.109.16.108 - - [14/Jun/2014:10:38:44 -0400] "GET /department/apparel/category/cleats HTTP/1.1" 200 1157 "-" "Mozilla/5.0 (Windows NT 6.1; WOW64) AppleWebKit/537.36 (KHTML, like Gecko) Chrome/36.0.1985.125 Safari/537.36"
162.235.161.200 - - [14/Jun/2014:10:38:44 -0400] "GET /department/fitness/category/basketball/product/Diamondback%20Boys'%20Insight%2024%20Performance%20Hybr HTTP/1.1" 200 2073 "-" "Mozilla/5.0 (Macintosh; Intel Mac OS X 10_9_4) AppleWebKit/537.77.4 (KHTML, like Gecko) Version/7.0.5 Safari/537.77.4"
41.250.86.29 - - [14/Jun/2014:10:38:45 -0400] "GET /department/fitness/category/lacrosse/product/Under%20Armour%20Men's%20Tech%20II%20T-Shirt HTTP/1.1" 200 1096 "-" "Mozilla/5.0 (Macintosh; Intel Mac OS X 10_9_4) AppleWebKit/537.36 (KHTML, like Gecko) Chrome/35.0.1916.153 Safari/537.36"
21.22.210.76 - - [14/Jun/2014:10:38:45 -0400] "GET /home HTTP/1.1" 200 490 "-" "Mozilla/5.0 (Windows NT 6.3; WOW64) AppleWebKit/537.36 (KHTML, like Gecko) Chrome/35.0.1916.153 Safari/537.36"
209.28.190.133 - - [14/Jun/2014:10:38:45 -0400] "GET /home HTTP/1.1" 404 1589 "-" "Mozilla/5.0 (Macintosh; Intel Mac OS X 10_9_4) AppleWebKit/537.36 (KHTML, like Gecko) Chrome/35.0.1916.153 Safari/537.36"
162.235.161.200 - - [14/Jun/2014:10:38:46 -0400] "GET /home HTTP/1.1" 200 550 "-" "Mozilla/5.0 (Windows NT 6.1; WOW64; Trident/7.0; rv:11.0) like Gecko"
64.246.220.203 - - [14/Jun/2014:10:38:46 -0400] "GET /view_cart HTTP/1.1" 200 225 "-" "Mozilla/5.0 (Macintosh; Intel Mac OS X 10_9_4) AppleWebKit/537.36 (KHTML, like Gecko) Chrome/35.0.1916.153 Safari/537.36"
3.222.94.3 - - [14/Jun/2014:10:38:46 -0400] "GET /home HTTP/1.1" 200 379 "-" "Mozilla/5.0 (Macintosh; Intel Mac OS X 10_9_3) AppleWebKit/537.36 (KHTML, like Gecko) Chrome/35.0.1916.153 Safari/537.36"
188.8.252.123 - - [14/Jun/2014:10:38:47 -0400] "GET /department/fan%20shop/category/hunting%20&%20shooting HTTP/1.1" 200 828 "-" "Mozilla/5.0 (Macintosh; Intel Mac OS X 10_9_3) AppleWebKit/537.76.4 (KHTML, like Gecko) Version/7.0.4 Safari/537.76.4"
192.77.121.142 - - [14/Jun/2014:10:38:47 -0400] "GET /department/footwear HTTP/1.1" 200 232 "-" "Mozilla/5.0 (Macintosh; Intel Mac OS X 10_9_3) AppleWebKit/537.36 (KHTML, like Gecko) Chrome/35.0.1916.153 Safari/537.36"
27.160.201.42 - - [14/Jun/2014:10:38:47 -0400] "GET /department/footwear/category/cardio%20equipment/product/Nike%20Men's%20Free%205.0+%20Running%20Shoe HTTP/1.1" 200 555 "-" "Mozilla/5.0 (Windows NT 6.3; WOW64; rv:30.0) Gecko/20100101 Firefox/30.0"
120.228.207.15 - - [14/Jun/2014:10:38:48 -0400] "GET /department/fitness/category/hockey/product/Stiga%20Master%20Series%20ST3100%20Competition%20Indoor HTTP/1.1" 200 334 "-" "Mozilla/5.0 (Macintosh; Intel Mac OS X 10_9_3) AppleWebKit/537.76.4 (KHTML, like Gecko) Version/7.0.4 Safari/537.76.4"
137.95.229.186 - - [14/Jun/2014:10:38:48 -0400] "GET /department/fan%20shop/category/camping%20&%20hiking HTTP/1.1" 404 1210 "-" "Mozilla/5.0 (Windows NT 6.1; WOW64) AppleWebKit/537.36 (KHTML, like Gecko) Chrome/35.0.1916.153 Safari/537.36"
36.44.59.115 - - [14/Jun/2014:10:38:48 -0400] "GET /department/golf/category/women's%20apparel/product/Nike%20Men's%20Dri-FIT%20Victory%20Golf%20Polo HTTP/1.1" 200 2118 "-" "Mozilla/5.0 (Macintosh; Intel Mac OS X 10_9_3) AppleWebKit/537.36 (KHTML, like Gecko) Chrome/35.0.1916.153 Safari/537.36"
41.250.86.29 - - [14/Jun/2014:10:38:49 -0400] "GET /view_cart HTTP/1.1" 200 1455 "-" "Mozilla/5.0 (Windows NT 6.1; WOW64) AppleWebKit/537.36 (KHTML, like Gecko) Chrome/35.0.1916.153 Safari/537.36"
71.250.9.143 - - [14/Jun/2014:10:38:49 -0400] "GET /home HTTP/1.1" 200 658 "-" "Mozilla/5.0 (Macintosh; Intel Mac OS X 10_9_4) AppleWebKit/537.36 (KHTML, like Gecko) Chrome/35.0.1916.153 Safari/537.36"
165.54.188.125 - - [14/Jun/2014:10:38:50 -0400] "GET /department/fitness/category/lacrosse/product/Under%20Armour%20Men's%20Tech%20II%20T-Shirt/add_to_cart HTTP/1.1" 200 1785 "-" "Mozilla/5.0 (Macintosh; Intel Mac OS X 10.9; rv:30.0) Gecko/20100101 Firefox/30.0"
196.17.189.152 - - [14/Jun/2014:10:38:50 -0400] "GET /department/fan%20shop/category/fishing/product/Field%20&%20Stream%20Sportsman%2016%20Gun%20Fire%20Safe HTTP/1.1" 200 1213 "-" "Mozilla/5.0 (Macintosh; Intel Mac OS X 10_9_3) AppleWebKit/537.36 (KHTML, like Gecko) Chrome/35.0.1916.153 Safari/537.36"
165.54.188.125 - - [14/Jun/2014:10:38:50 -0400] "GET /home HTTP/1.1" 200 407 "-" "Mozilla/5.0 (Macintosh; Intel Mac OS X 10_9_3) AppleWebKit/537.76.4 (KHTML, like Gecko) Version/7.0.4 Safari/537.76.4"
214.18.166.163 - - [14/Jun/2014:10:38:51 -0400] "GET /department/fan%20shop HTTP/1.1" 200 2046 "-" "Mozilla/5.0 (Windows NT 6.3; WOW64) AppleWebKit/537.36 (KHTML, like Gecko) Chrome/35.0.1916.153 Safari/537.36"
209.28.190.133 - - [14/Jun/2014:10:38:51 -0400] "GET /department/fitness/category/tennis%20&%20racquet/product/Nike%20Men's%20Comfort%202%20Slide HTTP/1.1" 200 837 "-" "Mozilla/5.0 (Macintosh; Intel Mac OS X 10_9_4) AppleWebKit/537.36 (KHTML, like Gecko) Chrome/35.0.1916.153 Safari/537.36"
118.155.115.238 - - [14/Jun/2014:10:38:51 -0400] "GET /department/golf/category/women's%20apparel/product/Nike%20Men's%20Dri-FIT%20Victory%20Golf%20Polo/add_to_cart HTTP/1.1" 200 535 "-" "Mozilla/5.0 (Macintosh; Intel Mac OS X 10_9_3) AppleWebKit/537.36 (KHTML, like Gecko) Chrome/35.0.1916.153 Safari/537.36"
217.89.36.129 - - [14/Jun/2014:10:38:52 -0400] "GET /department/outdoors/category/kids'%20golf%20clubs/product/Fitbit%20The%20One%20Wireless%20Activity%20&%20Sleep%20Trac/add_to_cart HTTP/1.1" 200 1296 "-" "Mozilla/5.0 (Windows NT 6.1; WOW64) AppleWebKit/537.36 (KHTML, like Gecko) Chrome/35.0.1916.153 Safari/537.36"
143.94.240.149 - - [14/Jun/2014:10:38:52 -0400] "GET /home HTTP/1.1" 200 658 "-" "Mozilla/5.0 (Windows NT 6.1) AppleWebKit/537.36 (KHTML, like Gecko) Chrome/35.0.1916.153 Safari/537.36"
209.28.190.133 - - [14/Jun/2014:10:38:52 -0400] "GET /department/apparel/category/featured%20shops HTTP/1.1" 200 469 "-" "Mozilla/5.0 (Macintosh; Intel Mac OS X 10_9_3) AppleWebKit/537.36 (KHTML, like Gecko) Chrome/35.0.1916.153 Safari/537.36"
71.250.9.143 - - [14/Jun/2014:10:38:53 -0400] "GET /department/apparel HTTP/1.1" 200 1814 "-" "Mozilla/5.0 (X11; Linux x86_64) AppleWebKit/537.36 (KHTML, like Gecko) Chrome/35.0.1916.153 Safari/537.36"
3.222.94.3 - - [14/Jun/2014:10:38:53 -0400] "GET /home HTTP/1.1" 200 1276 "-" "Mozilla/5.0 (Macintosh; Intel Mac OS X 10_9_4) AppleWebKit/537.36 (KHTML, like Gecko) Chrome/36.0.1985.125 Safari/537.36"
34.182.67.176 - - [14/Jun/2014:10:38:53 -0400] "GET /department/fan%20shop HTTP/1.1" 200 2196 "-" "Mozilla/5.0 (Macintosh; Intel Mac OS X 10_9_3) AppleWebKit/537.36 (KHTML, like Gecko) Chrome/35.0.1916.153 Safari/537.36"
196.17.189.152 - - [14/Jun/2014:10:38:54 -0400] "GET /home HTTP/1.1" 200 1753 "-" "Mozilla/5.0 (Macintosh; Intel Mac OS X 10_9_3) AppleWebKit/537.36 (KHTML, like Gecko) Chrome/35.0.1916.153 Safari/537.36"
35.115.21.150 - - [14/Jun/2014:10:38:54 -0400] "GET /department/outdoors/category/women's%20golf%20clubs/product/MDGolf%20Pittsburgh%20Penguins%20Putter HTTP/1.1" 200 657 "-" "Mozilla/5.0 (Macintosh; Intel Mac OS X 10_9_4) AppleWebKit/537.36 (KHTML, like Gecko) Chrome/36.0.1985.125 Safari/537.36"
24.90.70.130 - - [14/Jun/2014:10:38:55 -0400] "GET /home HTTP/1.1" 200 1566 "-" "Mozilla/5.0 (X11; Linux x86_64) AppleWebKit/537.36 (KHTML, like Gecko) Chrome/35.0.1916.153 Safari/537.36"
138.250.94.254 - - [14/Jun/2014:10:38:55 -0400] "GET /department/golf/category/shop%20by%20sport HTTP/1.1" 200 724 "-" "Mozilla/5.0 (Windows NT 6.1; WOW64; rv:30.0) Gecko/20100101 Firefox/30.0"
223.162.65.131 - - [14/Jun/2014:10:38:55 -0400] "GET /department/outdoors HTTP/1.1" 200 1045 "-" "Mozilla/5.0 (Windows NT 6.3; WOW64) AppleWebKit/537.36 (KHTML, like Gecko) Chrome/35.0.1916.153 Safari/537.36"
156.38.180.222 - - [14/Jun/2014:10:38:56 -0400] "GET /home HTTP/1.1" 200 627 "-" "Mozilla/5.0 (Macintosh; Intel Mac OS X 10_9_3) AppleWebKit/537.36 (KHTML, like Gecko) Chrome/35.0.1916.153 Safari/537.36"
120.228.207.15 - - [14/Jun/2014:10:38:56 -0400] "GET /department/fan%20shop HTTP/1.1" 200 432 "-" "Mozilla/5.0 (Windows NT 6.3; WOW64; rv:30.0) Gecko/20100101 Firefox/30.0"
143.94.240.149 - - [14/Jun/2014:10:38:56 -0400] "GET /department/fan%20shop HTTP/1.1" 200 1289 "-" "Mozilla/5.0 (Windows NT 6.1; WOW64) AppleWebKit/537.36 (KHTML, like Gecko) Chrome/35.0.1916.153 Safari/537.36"
203.124.43.253 - - [14/Jun/2014:10:38:57 -0400] "GET /department/fitness/category/soccer/product/Nike%20Men's%20Fingertrap%20Max%20Training%20Shoe/add_to_cart HTTP/1.1" 200 846 "-" "Mozilla/5.0 (X11; Linux x86_64) AppleWebKit/537.36 (KHTML, like Gecko) Chrome/35.0.1916.153 Safari/537.36"
220.242.192.122 - - [14/Jun/2014:10:38:57 -0400] "GET /home HTTP/1.1" 200 202 "-" "Mozilla/5.0 (Windows NT 6.1; WOW64) AppleWebKit/537.36 (KHTML, like Gecko) Chrome/35.0.1916.153 Safari/537.36"
28.2.61.74 - - [14/Jun/2014:10:38:57 -0400] "GET /home HTTP/1.1" 200 2157 "-" "Mozilla/5.0 (Windows NT 6.1; rv:30.0) Gecko/20100101 Firefox/30.0"
36.44.59.115 - - [14/Jun/2014:10:38:58 -0400] "GET /view_cart HTTP/1.1" 200 1404 "-" "Mozilla/5.0 (Macintosh; Intel Mac OS X 10_9_3) AppleWebKit/537.36 (KHTML, like Gecko) Chrome/35.0.1916.153 Safari/537.36"
36.44.59.115 - - [14/Jun/2014:10:38:58 -0400] "GET /home HTTP/1.1" 200 2016 "-" "Mozilla/5.0 (Windows NT 6.3; WOW64; rv:30.0) Gecko/20100101 Firefox/30.0"
64.246.220.203 - - [14/Jun/2014:10:38:58 -0400] "GET /department/golf HTTP/1.1" 200 1816 "-" "Mozilla/5.0 (Macintosh; Intel Mac OS X 10_9_4) AppleWebKit/537.36 (KHTML, like Gecko) Chrome/35.0.1916.153 Safari/537.36"
173.69.9.204 - - [14/Jun/2014:10:38:59 -0400] "GET /home HTTP/1.1" 200 628 "-" "Mozilla/5.0 (Windows NT 6.1; WOW64) AppleWebKit/537.36 (KHTML, like Gecko) Chrome/35.0.1916.153 Safari/537.36"
188.8.252.123 - - [14/Jun/2014:10:38:59 -0400] "GET /department/footwear/category/strength%20training/product/Yakima%20DoubleDown%20Ace%20Hitch%20Mount%204-Bike%20Rack HTTP/1.1" 200 522 "-" "Mozilla/5.0 (Windows NT 6.1; WOW64) AppleWebKit/537.36 (KHTML, like Gecko) Chrome/35.0.1916.153 Safari/537.36"
78.148.1.150 - - [14/Jun/2014:10:38:59 -0400] "GET /view_cart HTTP/1.1" 200 2181 "-" "Mozilla/5.0 (Windows NT 6.1; WOW64; rv:30.0) Gecko/20100101 Firefox/30.0"
50.23.66.113 - - [14/Jun/2014:10:39:00 -0400] "GET /department/apparel/category/featured%20shops HTTP/1.1" 200 1618 "-" "Mozilla/5.0 (Windows NT 6.1; WOW64) AppleWebKit/537.36 (KHTML, like Gecko) Chrome/35.0.1916.153 Safari/537.36"
8.71.120.94 - - [14/Jun/2014:10:39:00 -0400] "GET /department/golf HTTP/1.1" 200 455 "-" "Mozilla/5.0 (Windows NT 6.3; WOW64; rv:30.0) Gecko/20100101 Firefox/30.0"
41.250.86.29 - - [14/Jun/2014:10:39:01 -0400] "GET /home HTTP/1.1" 200 1317 "-" "Mozilla/5.0 (Windows NT 6.3; WOW64) AppleWebKit/537.36 (KHTML, like Gecko) Chrome/35.0.1916.153 Safari/537.36"
176.100.98.19 - - [14/Jun/2014:10:39:01 -0400] "GET /department/outdoors/category/electronics/product/Titleist%20Pro%20V1x%20High%20Numbers%20Personalized%20Go/add_to_cart HTTP/1.1" 200 261 "-" "Mozilla/5.0 (Macintosh; Intel Mac OS X 10_9_4) AppleWebKit/537.36 (KHTML, like Gecko) Chrome/35.0.1916.153 Safari/537.36"
160.135.141.240 - - [14/Jun/2014:10:39:01 -0400] "GET /home HTTP/1.1" 200 1446 "-" "Mozilla/5.0 (Windows NT 6.1; WOW64; Trident/7.0; rv:11.0) like Gecko"
66.169.18.111 - - [14/Jun/2014:10:39:02 -0400] "GET /department/fan%20shop HTTP/1.1" 200 1916 "-" "Mozilla/5.0 (Macintosh; Intel Mac OS X 10_9_4) AppleWebKit/537.36 (KHTML, like Gecko) Chrome/36.0.1985.125 Safari/537.36"
69.109.16.108 - - [14/Jun/2014:10:39:02 -0400] "GET /department/apparel/category/cleats HTTP/1.1" 200 421 "-" "Mozilla/5.0 (Windows NT 6.1; WOW64) AppleWebKit/537.36 (KHTML, like Gecko) Chrome/36.0.1985.125 Safari/537.36"
160.135.141.240 - - [14/Jun/2014:10:39:02 -0400] "GET /department/fitness/category/basketball HTTP/1.1" 200 1598 "-" "Mozilla/5.0 (Windows NT 6.1; WOW64; Trident/7.0; rv:11.0) like Gecko"
86.214.1.70 - - [14/Jun/2014:10:39:03 -0400] "GET /department/fitness/category/baseball%20&%20softball HTTP/1.1" 200 933 "-" "Mozilla/5.0 (Windows NT 6.1; rv:30.0) Gecko/20100101 Firefox/30.0"
209.28.190.133 - - [14/Jun/2014:10:39:03 -0400] "GET /department/golf HTTP/1.1" 200 1503 "-" "Mozilla/5.0 (Macintosh; Intel Mac OS X 10_9_4) AppleWebKit/537.36 (KHTML, like Gecko) Chrome/35.0.1916.153 Safari/537.36"
41.250.86.29 - - [14/Jun/2014:10:39:03 -0400] "GET /checkout HTTP/1.1" 200 1627 "-" "Mozilla/5.0 (Windows NT 6.1; WOW64) AppleWebKit/537.36 (KHTML, like Gecko) Chrome/35.0.1916.153 Safari/537.36"
188.8.252.123 - - [14/Jun/2014:10:39:04 -0400] "GET /department/footwear/category/strength%20training HTTP/1.1" 200 1177 "-" "Mozilla/5.0 (Windows NT 6.1; WOW64) AppleWebKit/537.36 (KHTML, like Gecko) Chrome/35.0.1916.153 Safari/537.36"
188.8.252.123 - - [14/Jun/2014:10:39:04 -0400] "GET /department/footwear/category/strength%20training HTTP/1.1" 200 1608 "-" "Mozilla/5.0 (Windows NT 6.1; WOW64) AppleWebKit/537.36 (KHTML, like Gecko) Chrome/35.0.1916.153 Safari/537.36"
85.55.142.159 - - [14/Jun/2014:10:39:04 -0400] "GET /department/fitness HTTP/1.1" 200 1787 "-" "Mozilla/5.0 (Macintosh; Intel Mac OS X 10_9_3) AppleWebKit/537.36 (KHTML, like Gecko) Chrome/35.0.1916.153 Safari/537.36"
36.93.192.142 - - [14/Jun/2014:10:39:05 -0400] "GET /department/fan%20shop/category/hunting%20&%20shooting/product/The%20North%20Face%20Women's%20Recon%20Backpack HTTP/1.1" 200 1229 "-" "Mozilla/5.0 (X11; Linux x86_64) AppleWebKit/537.36 (KHTML, like Gecko) Chrome/35.0.1916.153 Safari/537.36"
203.236.44.20 - - [14/Jun/2014:10:39:05 -0400] "GET /home HTTP/1.1" 200 1142 "-" "Mozilla/5.0 (Macintosh; Intel Mac OS X 10_9_4) AppleWebKit/537.36 (KHTML, like Gecko) Chrome/35.0.1916.153 Safari/537.36"
146.169.29.173 - - [14/Jun/2014:10:39:06 -0400] "GET /department/apparel HTTP/1.1" 200 1435 "-" "Mozilla/5.0 (Windows NT 6.1; WOW64) AppleWebKit/537.36 (KHTML, like Gecko) Chrome/35.0.1916.153 Safari/537.36"
176.100.98.19 - - [14/Jun/2014:10:39:06 -0400] "GET /view_cart HTTP/1.1" 200 488 "-" "Mozilla/5.0 (Macintosh; Intel Mac OS X 10_9_4) AppleWebKit/537.36 (KHTML, like Gecko) Chrome/35.0.1916.153 Safari/537.36"
85.55.142.159 - - [14/Jun/2014:10:39:06 -0400] "GET /department/apparel HTTP/1.1" 200 527 "-" "Mozilla/5.0 (Windows NT 6.1; WOW64) AppleWebKit/537.36 (KHTML, like Gecko) Chrome/35.0.1916.153 Safari/537.36"
196.17.189.152 - - [14/Jun/2014:10:39:07 -0400] "GET /department/fan%20shop HTTP/1.1" 200 1662 "-" "Mozilla/5.0 (Macintosh; Intel Mac OS X 10_9_3) AppleWebKit/537.36 (KHTML, like Gecko) Chrome/35.0.1916.153 Safari/537.36"
118.155.115.238 - - [14/Jun/2014:10:39:07 -0400] "GET /department/fan%20shop HTTP/1.1" 200 1552 "-" "Mozilla/5.0 (Macintosh; Intel Mac OS X 10_9_4) AppleWebKit/537.36 (KHTML, like Gecko) Chrome/36.0.1985.125 Safari/537.36"
85.55.142.159 - - [14/Jun/2014:10:39:07 -0400] "GET /home HTTP/1.1" 200 1452 "-" "Mozilla/5.0 (Windows NT 6.3; WOW64) AppleWebKit/537.36 (KHTML, like Gecko) Chrome/35.0.1916.153 Safari/537.36"
36.44.59.115 - - [14/Jun/2014:10:39:08 -0400] "GET /home HTTP/1.1" 200 1407 "-" "Mozilla/5.0 (Macintosh; Intel Mac OS X 10_9_3) AppleWebKit/537.36 (KHTML, like Gecko) Chrome/35.0.1916.153 Safari/537.36"
174.208.224.242 - - [14/Jun/2014:10:39:08 -0400] "GET /department/outdoors HTTP/1.1" 200 766 "-" "Mozilla/5.0 (Windows NT 6.1; WOW64) AppleWebKit/537.36 (KHTML, like Gecko) Chrome/35.0.1916.153 Safari/537.36"
14.220.19.89 - - [14/Jun/2014:10:39:08 -0400] "GET /home HTTP/1.1" 200 476 "-" "Mozilla/5.0 (Windows NT 6.3; WOW64) AppleWebKit/537.36 (KHTML, like Gecko) Chrome/35.0.1916.153 Safari/537.36"
10.151.89.211 - - [14/Jun/2014:10:39:09 -0400] "GET /department/outdoors HTTP/1.1" 200 2158 "-" "Mozilla/5.0 (Windows NT 6.1; WOW64; rv:30.0) Gecko/20100101 Firefox/30.0"
209.28.190.133 - - [14/Jun/2014:10:39:09 -0400] "GET /department/fitness HTTP/1.1" 200 1855 "-" "Mozilla/5.0 (Macintosh; Intel Mac OS X 10.9; rv:30.0) Gecko/20100101 Firefox/30.0"
8.71.120.94 - - [14/Jun/2014:10:39:09 -0400] "GET /home HTTP/1.1" 200 441 "-" "Mozilla/5.0 (Windows NT 6.3; WOW64; rv:30.0) Gecko/20100101 Firefox/30.0"
203.236.44.20 - - [14/Jun/2014:10:39:10 -0400] "GET /home HTTP/1.1" 200 1660 "-" "Mozilla/5.0 (Windows NT 6.3; WOW64) AppleWebKit/537.36 (KHTML, like Gecko) Chrome/35.0.1916.153 Safari/537.36"
220.237.115.28 - - [14/Jun/2014:10:39:10 -0400] "GET /support HTTP/1.1" 200 1367 "-" "Mozilla/5.0 (Windows NT 6.1; WOW64; Trident/7.0; rv:11.0) like Gecko"
28.2.61.74 - - [14/Jun/2014:10:39:11 -0400] "GET /department/golf/category/girls'%20apparel/product/adidas%20Men's%20Germany%20Black%20Crest%20Away%20Tee/add_to_cart HTTP/1.1" 200 1604 "-" "Mozilla/5.0 (Windows NT 6.1; WOW64; rv:30.0) Gecko/20100101 Firefox/30.0"
23.84.70.66 - - [14/Jun/2014:10:39:11 -0400] "GET /home HTTP/1.1" 200 1088 "-" "Mozilla/5.0 (Windows NT 6.1; WOW64; Trident/7.0; rv:11.0) like Gecko"
72.37.239.169 - - [14/Jun/2014:10:39:11 -0400] "GET /view_cart HTTP/1.1" 200 220 "-" "Mozilla/5.0 (Windows NT 6.1; WOW64) AppleWebKit/537.36 (KHTML, like Gecko) Chrome/35.0.1916.153 Safari/537.36"
28.2.61.74 - - [14/Jun/2014:10:39:12 -0400] "GET /home HTTP/1.1" 200 1366 "-" "Mozilla/5.0 (Windows NT 6.1; rv:30.0) Gecko/20100101 Firefox/30.0"
146.169.29.173 - - [14/Jun/2014:10:39:12 -0400] "GET /department/apparel/category/featured%20shops HTTP/1.1" 200 421 "-" "Mozilla/5.0 (Windows NT 6.1; WOW64) AppleWebKit/537.36 (KHTML, like Gecko) Chrome/35.0.1916.153 Safari/537.36"
41.250.86.29 - - [14/Jun/2014:10:39:12 -0400] "GET /department/fitness HTTP/1.1" 200 1140 "-" "Mozilla/5.0 (Macintosh; Intel Mac OS X 10_9_4) AppleWebKit/537.36 (KHTML, like Gecko) Chrome/35.0.1916.153 Safari/537.36"
220.237.115.28 - - [14/Jun/2014:10:39:13 -0400] "GET /department/apparel/category/cleats HTTP/1.1" 200 816 "-" "Mozilla/5.0 (Windows NT 6.1; WOW64; rv:30.0) Gecko/20100101 Firefox/30.0"
143.94.240.149 - - [14/Jun/2014:10:39:13 -0400] "GET /department/outdoors HTTP/1.1" 200 1850 "-" "Mozilla/5.0 (Windows NT 6.1; WOW64) AppleWebKit/537.36 (KHTML, like Gecko) Chrome/35.0.1916.153 Safari/537.36"
35.115.21.150 - - [14/Jun/2014:10:39:13 -0400] "GET /department/outdoors/category/women's%20golf%20clubs/product/MDGolf%20Pittsburgh%20Penguins%20Putter/add_to_cart HTTP/1.1" 200 233 "-" "Mozilla/5.0 (Macintosh; Intel Mac OS X 10_9_4) AppleWebKit/537.36 (KHTML, like Gecko) Chrome/36.0.1985.125 Safari/537.36"
188.252.239.39 - - [14/Jun/2014:10:39:14 -0400] "GET /department/fan%20shop/category/water%20sports/product/Pelican%20Sunstream%20100%20Kayak/add_to_cart HTTP/1.1" 200 828 "-" "Mozilla/5.0 (Windows NT 6.1; WOW64; rv:30.0) Gecko/20100101 Firefox/30.0"
162.235.161.200 - - [14/Jun/2014:10:39:14 -0400] "GET /department/apparel/category/featured%20shops HTTP/1.1" 404 461 "-" "Mozilla/5.0 (X11; Ubuntu; Linux x86_64; rv:30.0) Gecko/20100101 Firefox/30.0"
66.169.18.111 - - [14/Jun/2014:10:39:14 -0400] "GET /view_cart HTTP/1.1" 200 976 "-" "Mozilla/5.0 (Macintosh; Intel Mac OS X 10_9_4) AppleWebKit/537.36 (KHTML, like Gecko) Chrome/36.0.1985.125 Safari/537.36"
158.201.225.172 - - [14/Jun/2014:10:39:15 -0400] "GET /department/outdoors/category/golf%20apparel HTTP/1.1" 200 206 "-" "Mozilla/5.0 (Windows NT 6.1; WOW64; rv:30.0) Gecko/20100101 Firefox/30.0"
28.2.61.74 - - [14/Jun/2014:10:39:15 -0400] "GET /home HTTP/1.1" 200 506 "-" "Mozilla/5.0 (Windows NT 6.1) AppleWebKit/537.36 (KHTML, like Gecko) Chrome/35.0.1916.153 Safari/537.36"
50.132.210.169 - - [14/Jun/2014:10:39:16 -0400] "GET /home HTTP/1.1" 200 685 "-" "Mozilla/5.0 (Windows NT 6.1; WOW64) AppleWebKit/537.36 (KHTML, like Gecko) Chrome/35.0.1916.153 Safari/537.36"
27.160.201.42 - - [14/Jun/2014:10:39:16 -0400] "GET /home HTTP/1.1" 200 473 "-" "Mozilla/5.0 (Windows NT 6.3; WOW64; rv:30.0) Gecko/20100101 Firefox/30.0"
209.28.190.133 - - [14/Jun/2014:10:39:16 -0400] "GET /department/fitness/category/soccer/product/Nike%20Men's%20Fingertrap%20Max%20Training%20Shoe HTTP/1.1" 200 1544 "-" "Mozilla/5.0 (Macintosh; Intel Mac OS X 10.9; rv:30.0) Gecko/20100101 Firefox/30.0"
146.169.29.173 - - [14/Jun/2014:10:39:17 -0400] "GET /home HTTP/1.1" 200 698 "-" "Mozilla/5.0 (Macintosh; Intel Mac OS X 10_9_4) AppleWebKit/537.36 (KHTML, like Gecko) Chrome/36.0.1985.125 Safari/537.36"
160.135.141.240 - - [14/Jun/2014:10:39:17 -0400] "GET /department/fitness/category/basketball/product/Diamondback%20Boys'%20Insight%2024%20Performance%20Hybr/add_to_cart HTTP/1.1" 200 1821 "-" "Mozilla/5.0 (Windows NT 6.1; WOW64; Trident/7.0; rv:11.0) like Gecko"
27.160.201.42 - - [14/Jun/2014:10:39:17 -0400] "GET /department/fan%20shop HTTP/1.1" 200 847 "-" "Mozilla/5.0 (Windows NT 6.1; WOW64; rv:30.0) Gecko/20100101 Firefox/30.0"
69.109.16.108 - - [14/Jun/2014:10:39:18 -0400] "GET /home HTTP/1.1" 200 388 "-" "Mozilla/5.0 (X11; Linux x86_64) AppleWebKit/537.36 (KHTML, like Gecko) Chrome/35.0.1916.153 Safari/537.36"
71.250.9.143 - - [14/Jun/2014:10:39:18 -0400] "GET /department/golf HTTP/1.1" 200 676 "-" "Mozilla/5.0 (Macintosh; Intel Mac OS X 10.9; rv:30.0) Gecko/20100101 Firefox/30.0"
143.94.240.149 - - [14/Jun/2014:10:39:18 -0400] "GET /department/apparel HTTP/1.1" 200 1850 "-" "Mozilla/5.0 (Windows NT 6.1; WOW64) AppleWebKit/537.36 (KHTML, like Gecko) Chrome/35.0.1916.153 Safari/537.36"
175.139.143.20 - - [14/Jun/2014:10:39:19 -0400] "GET /home HTTP/1.1" 200 2115 "-" "Mozilla/5.0 (Macintosh; Intel Mac OS X 10.9; rv:30.0) Gecko/20100101 Firefox/30.0"
209.28.190.133 - - [14/Jun/2014:10:39:19 -0400] "GET /home HTTP/1.1" 200 1852 "-" "Mozilla/5.0 (Macintosh; Intel Mac OS X 10.9; rv:30.0) Gecko/20100101 Firefox/30.0"
156.38.180.222 - - [14/Jun/2014:10:39:19 -0400] "GET /department/footwear HTTP/1.1" 200 300 "-" "Mozilla/5.0 (Macintosh; Intel Mac OS X 10_9_3) AppleWebKit/537.36 (KHTML, like Gecko) Chrome/35.0.1916.153 Safari/537.36"
24.90.70.130 - - [14/Jun/2014:10:39:20 -0400] "GET /view_cart HTTP/1.1" 200 318 "-" "Mozilla/5.0 (X11; Linux x86_64) AppleWebKit/537.36 (KHTML, like Gecko) Chrome/35.0.1916.153 Safari/537.36"
28.2.61.74 - - [14/Jun/2014:10:39:20 -0400] "GET /department/fan%20shop HTTP/1.1" 200 2141 "-" "Mozilla/5.0 (Windows NT 6.1; rv:30.0) Gecko/20100101 Firefox/30.0"
203.236.44.20 - - [14/Jun/2014:10:39:21 -0400] "GET /department/golf/category/women's%20apparel HTTP/1.1" 200 2010 "-" "Mozilla/5.0 (Windows NT 6.1; WOW64) AppleWebKit/537.36 (KHTML, like Gecko) Chrome/35.0.1916.153 Safari/537.36"
138.168.77.138 - - [14/Jun/2014:10:39:21 -0400] "GET /department/fan%20shop/category/hunting%20&%20shooting HTTP/1.1" 404 1857 "-" "Mozilla/5.0 (Windows NT 6.1; WOW64) AppleWebKit/537.36 (KHTML, like Gecko) Chrome/35.0.1916.153 Safari/537.36"
215.181.33.160 - - [14/Jun/2014:10:39:21 -0400] "GET /home HTTP/1.1" 200 1702 "-" "Mozilla/5.0 (Windows NT 6.1; WOW64) AppleWebKit/537.36 (KHTML, like Gecko) Chrome/35.0.1916.153 Safari/537.36"
10.151.89.211 - - [14/Jun/2014:10:39:22 -0400] "GET /department/outdoors HTTP/1.1" 200 2128 "-" "Mozilla/5.0 (Macintosh; Intel Mac OS X 10_9_4) AppleWebKit/537.77.4 (KHTML, like Gecko) Version/7.0.5 Safari/537.77.4"
71.250.9.143 - - [14/Jun/2014:10:39:22 -0400] "GET /home HTTP/1.1" 200 767 "-" "Mozilla/5.0 (Macintosh; Intel Mac OS X 10_9_3) AppleWebKit/537.36 (KHTML, like Gecko) Chrome/35.0.1916.153 Safari/537.36"
217.89.36.129 - - [14/Jun/2014:10:39:22 -0400] "GET /department/footwear HTTP/1.1" 200 703 "-" "Mozilla/5.0 (Windows NT 6.1; WOW64) AppleWebKit/537.36 (KHTML, like Gecko) Chrome/35.0.1916.153 Safari/537.36"
150.47.54.136 - - [14/Jun/2014:10:39:23 -0400] "GET /department/fitness/category/hockey/product/Nike%20Dri-FIT%20Crew%20Sock%206%20Pack HTTP/1.1" 200 2022 "-" "Mozilla/5.0 (Macintosh; Intel Mac OS X 10_9_3) AppleWebKit/537.36 (KHTML, like Gecko) Chrome/35.0.1916.153 Safari/537.36"
214.18.166.163 - - [14/Jun/2014:10:39:23 -0400] "GET /home HTTP/1.1" 200 1220 "-" "Mozilla/5.0 (Macintosh; Intel Mac OS X 10_9_4) AppleWebKit/537.36 (KHTML, like Gecko) Chrome/35.0.1916.153 Safari/537.36"
18.168.113.227 - - [14/Jun/2014:10:39:23 -0400] "GET /home HTTP/1.1" 200 269 "-" "Mozilla/5.0 (Windows NT 6.1; WOW64) AppleWebKit/537.36 (KHTML, like Gecko) Chrome/35.0.1916.153 Safari/537.36"
111.203.179.87 - - [14/Jun/2014:10:39:24 -0400] "GET /department/fitness HTTP/1.1" 200 1800 "-" "Mozilla/5.0 (Windows NT 6.3; WOW64) AppleWebKit/537.36 (KHTML, like Gecko) Chrome/35.0.1916.153 Safari/537.36"
162.235.161.200 - - [14/Jun/2014:10:39:24 -0400] "GET /department/apparel/category/featured%20shops/product/adidas%20Kids'%20RG%20III%20Mid%20Football%20Cleat HTTP/1.1" 200 1392 "-" "Mozilla/5.0 (X11; Ubuntu; Linux x86_64; rv:30.0) Gecko/20100101 Firefox/30.0"
174.208.224.242 - - [14/Jun/2014:10:39:24 -0400] "GET /department/apparel/category/featured%20shops HTTP/1.1" 200 1449 "-" "Mozilla/5.0 (Windows NT 6.1; WOW64) AppleWebKit/537.36 (KHTML, like Gecko) Chrome/35.0.1916.153 Safari/537.36"
135.102.251.22 - - [14/Jun/2014:10:39:25 -0400] "GET /department/fan%20shop HTTP/1.1" 200 1210 "-" "Mozilla/5.0 (Macintosh; Intel Mac OS X 10_9_3) AppleWebKit/537.36 (KHTML, like Gecko) Chrome/35.0.1916.153 Safari/537.36"
28.2.61.74 - - [14/Jun/2014:10:39:25 -0400] "GET /department/footwear HTTP/1.1" 200 1792 "-" "Mozilla/5.0 (Windows NT 6.1; WOW64; rv:30.0) Gecko/20100101 Firefox/30.0"
21.22.210.76 - - [14/Jun/2014:10:39:26 -0400] "GET /view_cart HTTP/1.1" 200 1458 "-" "Mozilla/5.0 (Windows NT 6.1; WOW64) AppleWebKit/537.36 (KHTML, like Gecko) Chrome/35.0.1916.153 Safari/537.36"
217.89.36.129 - - [14/Jun/2014:10:39:26 -0400] "GET /department/footwear/category/electronics HTTP/1.1" 200 304 "-" "Mozilla/5.0 (Windows NT 6.1; WOW64) AppleWebKit/537.36 (KHTML, like Gecko) Chrome/35.0.1916.153 Safari/537.36"
85.55.142.159 - - [14/Jun/2014:10:39:26 -0400] "GET /department/apparel/category/men's%20footwear/product/Nike%20Men's%20CJ%20Elite%202%20TD%20Football%20Cleat/add_to_cart HTTP/1.1" 200 234 "-" "Mozilla/5.0 (Windows NT 6.1; WOW64; rv:30.0) Gecko/20100101 Firefox/30.0"
181.250.43.60 - - [14/Jun/2014:10:39:27 -0400] "GET /home HTTP/1.1" 200 802 "-" "Mozilla/5.0 (X11; Linux x86_64) AppleWebKit/537.36 (KHTML, like Gecko) Chrome/35.0.1916.153 Safari/537.36"
174.208.224.242 - - [14/Jun/2014:10:39:27 -0400] "GET /department/apparel/category/featured%20shops/product/adidas%20Kids'%20RG%20III%20Mid%20Football%20Cleat HTTP/1.1" 200 1427 "-" "Mozilla/5.0 (Windows NT 6.1; WOW64) AppleWebKit/537.36 (KHTML, like Gecko) Chrome/35.0.1916.153 Safari/537.36"
41.250.86.29 - - [14/Jun/2014:10:39:27 -0400] "GET /home HTTP/1.1" 200 2068 "-" "Mozilla/5.0 (Windows NT 6.1; rv:30.0) Gecko/20100101 Firefox/30.0"
154.197.121.167 - - [14/Jun/2014:10:39:28 -0400] "GET /view_cart HTTP/1.1" 200 1674 "-" "Mozilla/5.0 (X11; Ubuntu; Linux x86_64; rv:30.0) Gecko/20100101 Firefox/30.0"
181.250.43.60 - - [14/Jun/2014:10:39:28 -0400] "GET /department/fan%20shop/category/indoor/outdoor%20games/product/O'Brien%20Men's%20Neoprene%20Life%20Vest HTTP/1.1" 200 1535 "-" "Mozilla/5.0 (Windows NT 6.1; WOW64) AppleWebKit/537.36 (KHTML, like Gecko) Chrome/35.0.1916.153 Safari/537.36"
34.182.67.176 - - [14/Jun/2014:10:39:28 -0400] "GET /department/fitness/category/lacrosse/product/Under%20Armour%20Men's%20Tech%20II%20T-Shirt HTTP/1.1" 200 1720 "-" "Mozilla/5.0 (Windows NT 6.1; WOW64; Trident/7.0; rv:11.0) like Gecko"
195.182.254.56 - - [14/Jun/2014:10:39:29 -0400] "GET /home HTTP/1.1" 200 807 "-" "Mozilla/5.0 (Macintosh; Intel Mac OS X 10_9_4) AppleWebKit/537.77.4 (KHTML, like Gecko) Version/7.0.5 Safari/537.77.4"
220.242.192.122 - - [14/Jun/2014:10:39:29 -0400] "GET /home HTTP/1.1" 200 1875 "-" "Mozilla/5.0 (Windows NT 6.1; WOW64) AppleWebKit/537.36 (KHTML, like Gecko) Chrome/35.0.1916.153 Safari/537.36"
72.37.239.169 - - [14/Jun/2014:10:39:29 -0400] "GET /department/fan%20shop/category/fishing/product/Field%20&%20Stream%20Sportsman%2016%20Gun%20Fire%20Safe/add_to_cart HTTP/1.1" 200 472 "-" "Mozilla/5.0 (Macintosh; Intel Mac OS X 10_9_4) AppleWebKit/537.36 (KHTML, like Gecko) Chrome/35.0.1916.153 Safari/537.36"
220.237.115.28 - - [14/Jun/2014:10:39:30 -0400] "GET /home HTTP/1.1" 200 419 "-" "Mozilla/5.0 (Windows NT 6.1; WOW64; Trident/7.0; rv:11.0) like Gecko"
28.220.241.37 - - [14/Jun/2014:10:39:30 -0400] "GET /department/footwear/category/as%20seen%20on%20%20tv! HTTP/1.1" 200 1820 "-" "Mozilla/5.0 (Macintosh; Intel Mac OS X 10_9_4) AppleWebKit/537.77.4 (KHTML, like Gecko) Version/7.0.5 Safari/537.77.4"
217.89.36.129 - - [14/Jun/2014:10:39:31 -0400] "GET /department/outdoors/category/kids'%20golf%20clubs/product/Fitbit%20The%20One%20Wireless%20Activity%20&%20Sleep%20Trac/add_to_cart HTTP/1.1" 200 2149 "-" "Mozilla/5.0 (Windows NT 6.1; WOW64) AppleWebKit/537.36 (KHTML, like Gecko) Chrome/35.0.1916.153 Safari/537.36"
133.20.136.170 - - [14/Jun/2014:10:39:31 -0400] "GET /department/outdoors/category/trade-in HTTP/1.1" 200 1462 "-" "Mozilla/5.0 (Windows NT 6.1; WOW64) AppleWebKit/537.36 (KHTML, like Gecko) Chrome/35.0.1916.153 Safari/537.36"
34.182.67.176 - - [14/Jun/2014:10:39:31 -0400] "GET /department/fan%20shop/category/camping%20&%20hiking/product/Diamondback%20Women's%20Serene%20Classic%20Comfort%20Bi HTTP/1.1" 200 1152 "-" "Mozilla/5.0 (Macintosh; Intel Mac OS X 10_9_3) AppleWebKit/537.36 (KHTML, like Gecko) Chrome/35.0.1916.153 Safari/537.36"
117.81.127.56 - - [14/Jun/2014:10:39:32 -0400] "GET /home HTTP/1.1" 200 1122 "-" "Mozilla/5.0 (Windows NT 6.1; WOW64) AppleWebKit/537.36 (KHTML, like Gecko) Chrome/35.0.1916.153 Safari/537.36"
189.205.165.122 - - [14/Jun/2014:10:39:32 -0400] "GET /department/apparel HTTP/1.1" 200 1369 "-" "Mozilla/5.0 (Windows NT 6.1; WOW64; rv:30.0) Gecko/20100101 Firefox/30.0"
72.37.239.169 - - [14/Jun/2014:10:39:32 -0400] "GET /department/golf HTTP/1.1" 200 362 "-" "Mozilla/5.0 (Windows NT 6.1; WOW64) AppleWebKit/537.36 (KHTML, like Gecko) Chrome/35.0.1916.153 Safari/537.36"
176.100.98.19 - - [14/Jun/2014:10:39:33 -0400] "GET /department/outdoors/category/golf%20apparel/product/Top%20Flite%20Women's%202014%20XL%20Hybrid HTTP/1.1" 200 336 "-" "Mozilla/5.0 (Windows NT 6.3; WOW64) AppleWebKit/537.36 (KHTML, like Gecko) Chrome/35.0.1916.153 Safari/537.36"
36.93.192.142 - - [14/Jun/2014:10:39:33 -0400] "GET /department/fan%20shop HTTP/1.1" 200 886 "-" "Mozilla/5.0 (X11; Linux x86_64) AppleWebKit/537.36 (KHTML, like Gecko) Chrome/35.0.1916.153 Safari/537.36"
23.84.70.66 - - [14/Jun/2014:10:39:33 -0400] "GET /department/fan%20shop HTTP/1.1" 200 1876 "-" "Mozilla/5.0 (Windows NT 6.1; WOW64) AppleWebKit/537.36 (KHTML, like Gecko) Chrome/35.0.1916.153 Safari/537.36"
111.203.179.87 - - [14/Jun/2014:10:39:34 -0400] "GET /department/fitness HTTP/1.1" 200 497 "-" "Mozilla/5.0 (Windows NT 6.3; WOW64) AppleWebKit/537.36 (KHTML, like Gecko) Chrome/35.0.1916.153 Safari/537.36"
